
> @deep/backend@0.1.0 test:extraction /tmp/deep-v6-clean-5f10a84/apps/backend
> vitest run --config vitest.extraction.config.ts


 RUN  v3.2.7 /tmp/deep-v6-clean-5f10a84/apps/backend

{"level":"info","event":"action","runId":"6dd4bcf3-5164-4e8e-bbf9-2083a80c50a3","type":"challenge","rationale":"Disconfirm material conclusion: A primary source that directly contradicts this conclusion.","step":0,"t":"2026-09-18T01:27:50.587Z"}
{"level":"info","event":"action","runId":"6dd4bcf3-5164-4e8e-bbf9-2083a80c50a3","type":"fetch","rationale":"Inspect an already-known source before another generic query","step":1,"t":"2026-09-18T01:27:50.629Z"}
{"level":"info","event":"action","runId":"6dd4bcf3-5164-4e8e-bbf9-2083a80c50a3","type":"challenge","rationale":"No counterexample found in accessed primary sources. This is not proof that the conclusion is true.","step":2,"t":"2026-09-18T01:27:50.665Z"}
{"level":"info","event":"action","runId":"6dd4bcf3-5164-4e8e-bbf9-2083a80c50a3","type":"synthesize","rationale":"decision_critical_gaps_resolved_or_unresolvable; high-impact claims supported or qualified; contradictions handled; remaining actions low expected value","step":3,"t":"2026-09-18T01:27:50.688Z"}
stdout | test/document-flow.extraction.test.ts > W04/W05 upload -> isolated PDF -> structured worker -> report/source reopen preserves a renamed negative finding
{"evidenceClass":"local_api_worker_actual_pdf_fabricated_model","sourceTransport":"binary upload","question":"What does the MHMZKD field note say about underwater recording?","originalBytesSha256":"562df222e0ab38d42f2f53b59a7ef384c9107a09f820e2ebe1386b628563cdf4","runId":"b95aa5a4-98d6-4e5e-bea6-c0e275088fda","reportId":"6272d174-e9ff-4d6f-aff6-a05954a8781e","reportText":"MHMZKD does not support underwater recording.","source":{"passageId":"82e83d39-e503-45e6-aa58-7e91ab2cbf7e","sourceVersionId":"1430c64f-52c7-4d6d-b1d7-f9030ad0fba2","locator":{"kind":"text","rows":[],"block":"page:1/block:0","geometry":[{"box":[50,737.516,272.732,748.616],"text":"Field notes: MHMZKD sensor deployment"},{"box":[50,719.516,355.42400000000015,730.616],"text":"MHMZKD supports offline recording only on firmware 4.2."},{"box":[50,701.516,315.4280000000001,712.616],"text":"MHMZKD does not support underwater recording."}],"coordinates":"PDF points; bottom-left origin","normalization":"extractor-output-v1"},"access":"partial-text","method":"docling-parse-7.20.0/geometry-v1","warnings":["pdf_layout_tables_and_ocr_unverified"]},"support":[{"claimRevisionId":"ca072263-0e04-4421-b524-51b7232d1cb2","decision":"supported","checks":[{"rule":"exact_evidence_bindings","passed":true},{"rule":"scope_matches_claim","passed":true},{"rule":"readable_evidence","passed":true},{"rule":"scope_grounded_in_quotes","passed":true},{"rule":"numbers_grounded","passed":true},{"rule":"quantities_grounded","passed":true},{"rule":"numeric_context_preserved","passed":true},{"rule":"currency_preserved","passed":true},{"rule":"no_detected_contradiction","passed":true},{"rule":"qualification_preserved","passed":true}]},{"claimRevisionId":"7fd2f3c7-72e1-4778-9b65-0efe96c1a3ad","decision":"supported","checks":[{"rule":"exact_evidence_bindings","passed":true},{"rule":"scope_matches_claim","passed":true},{"rule":"readable_evidence","passed":true},{"rule":"scope_grounded_in_quotes","passed":true},{"rule":"numbers_grounded","passed":true},{"rule":"quantities_grounded","passed":true},{"rule":"numeric_context_preserved","passed":true},{"rule":"currency_preserved","passed":true},{"rule":"no_detected_contradiction","passed":true},{"rule":"qualification_preserved","passed":true}]}],"paidProviderCalls":0,"modelResponses":"fabricated","correctionJourney":{"question":"What firmware does MHMZKD require for offline recording?","runId":"6f69f41b-8de5-4614-9652-d41402f6a272","reportId":"ab0910e7-1ed3-4a4a-a8ef-8096c7619fbc","text":"MHMZKD supports offline recording only on firmware 4.2.","reusedPassageId":"82e83d39-e503-45e6-aa58-7e91ab2cbf7e","reusedSourceVersionId":"1430c64f-52c7-4d6d-b1d7-f9030ad0fba2","newSourceRows":0,"claimsRecomputed":true,"changeSummary":{"notes":"Assertions: 1 added, 1 removed, 0 unchanged. Criteria: 0 added, 0 removed. Reused cited source versions: 1. Comparison uses exact wording and recorded scope; paraphrases may count as changes.","comparison":{"version":"report-changes.v1","parentReportId":"6272d174-e9ff-4d6f-aff6-a05954a8781e","addedCriterionIds":[],"reportStateChanged":false,"removedCriterionIds":[],"unchangedAssertions":0,"addedClaimRevisionIds":["8e76ca40-7166-430c-b81a-060b2fbbc426"],"removedClaimRevisionIds":["7fd2f3c7-72e1-4778-9b65-0efe96c1a3ad"],"newlyCitedSourceVersionIds":[],"reusedCitedSourceVersionIds":["1430c64f-52c7-4d6d-b1d7-f9030ad0fba2"]},"newlyFeasible":[],"evidenceUpdated":false,"newlyInfeasible":[],"conclusionChanged":true},"fullRerunReportId":"292fe5e0-f109-42fb-bf6e-10b165231ded","fullRerunTextMatches":true,"comparison":"local fabricated model control, not independent semantic adjudication"}}

stdout | test/document-flow.extraction.test.ts > W04/W05 public-search -> isolated PDF -> structured worker -> report/source reopen preserves a renamed negative finding
{"evidenceClass":"local_api_worker_actual_pdf_fabricated_model","sourceTransport":"saved bytes transport double","question":"What does the SSDGHU field note say about underwater recording?","originalBytesSha256":"f27813e2062f31abff3fdba07e0b6218513a807939ea9674fc638d7f00b2ddbf","runId":"cc2f19fe-b18f-498d-98f2-b5d0a779c346","reportId":"1ac86700-ecdc-4b23-bd3d-7ae71220a81b","reportText":"SSDGHU does not support underwater recording.","source":{"passageId":"8d6f5776-f001-4079-8ab3-4b7c64ef6b3d","sourceVersionId":"59eca4bd-23ff-4b73-9399-45652c5c4aff","locator":{"kind":"text","rows":[],"block":"page:1/block:0","geometry":[{"box":[50,737.516,271.41200000000003,748.616],"text":"Field notes: SSDGHU sensor deployment"},{"box":[50,719.516,354.1040000000002,730.616],"text":"SSDGHU supports offline recording only on firmware 4.2."},{"box":[50,701.516,314.1080000000001,712.616],"text":"SSDGHU does not support underwater recording."}],"coordinates":"PDF points; bottom-left origin","normalization":"extractor-output-v1"},"access":"partial-text","method":"docling-parse-7.20.0/geometry-v1","warnings":["pdf_layout_tables_and_ocr_unverified"]},"support":[{"claimRevisionId":"25e44fb2-7fd0-496a-9ebc-f17098e6d074","decision":"supported","checks":[{"rule":"exact_evidence_bindings","passed":true},{"rule":"scope_matches_claim","passed":true},{"rule":"readable_evidence","passed":true},{"rule":"scope_grounded_in_quotes","passed":true},{"rule":"numbers_grounded","passed":true},{"rule":"quantities_grounded","passed":true},{"rule":"numeric_context_preserved","passed":true},{"rule":"currency_preserved","passed":true},{"rule":"no_detected_contradiction","passed":true},{"rule":"qualification_preserved","passed":true}]},{"claimRevisionId":"6947ddd2-3d0e-4328-aee9-39b448a43eb2","decision":"supported","checks":[{"rule":"exact_evidence_bindings","passed":true},{"rule":"scope_matches_claim","passed":true},{"rule":"readable_evidence","passed":true},{"rule":"scope_grounded_in_quotes","passed":true},{"rule":"numbers_grounded","passed":true},{"rule":"quantities_grounded","passed":true},{"rule":"numeric_context_preserved","passed":true},{"rule":"currency_preserved","passed":true},{"rule":"no_detected_contradiction","passed":true},{"rule":"qualification_preserved","passed":true}]}],"paidProviderCalls":0,"modelResponses":"fabricated","correctionJourney":"not tested"}

 ✓ test/document-flow.extraction.test.ts (7 tests) 27753ms
   ✓ W04 historical diagnostic worker persists actual PDF bytes, page locators and limitations; source inspection and deletion use the same records  2040ms
   ✓ W04 cancel after actual parsing prevents late result persistence  2688ms
   ✓ W04 delete after actual parsing prevents late result persistence  2742ms
   ✓ W04/W05 upload -> isolated PDF -> structured worker -> report/source reopen preserves a renamed negative finding  13533ms
   ✓ W04/W05 public-search -> isolated PDF -> structured worker -> report/source reopen preserves a renamed negative finding  5969ms
   ✓ W06/W07 disabled route configuration advertises and enforces correction unavailability  319ms
 ✓ test/matched-pipeline.extraction.test.ts (3 tests) 48689ms
   ✓ W08 matched A1/B production document, reopen, source and corrected B versus fresh A1 controls  19782ms
   ✓ W08 both arms retain inaccessible evidence failure with no invented report  3528ms
   ✓ W08 A1 and B both iterate through the same actual HTML extraction and checked writer  24863ms
 ✓ test/html.extraction.test.ts (3 tests) 10558ms
   ✓ W04 real isolated parser over supplied synthetic bytes > preserves all decisive spans and exact byte digests  7664ms
   ✓ W04 real isolated parser over supplied synthetic bytes > handles actual plain text and preserves table spans without executing script  1907ms
   ✓ W04 real isolated parser over supplied synthetic bytes > does not label PDF bytes as parsed text  984ms
 ✓ test/pdf.extraction.test.ts (4 tests) 8283ms
   ✓ W04 parses original digital PDF bytes into page-bound text with honest layout limitations  1852ms
   ✓ W04 empty, malformed and pasted PDF inputs cannot manufacture documentary support  3633ms
   ✓ W04 encrypted PDF remains explicitly unavailable without password guessing  988ms
   ✓ W04 binds a late-drawn bold negation to its physical sentence, with recoverable cell geometry  1809ms

 Test Files  4 passed (4)
      Tests  17 passed (17)
   Start at  19:27:47
   Duration  99.44s (transform 1.01s, setup 0ms, collect 2.80s, tests 95.28s, environment 1ms, prepare 485ms)

