
> @deep/backend@0.1.0 test:unit /home/oranolio/Desktop/Deep/apps/backend
> vitest run --config vitest.unit.config.ts test/config.unit.test.ts


 RUN  v3.2.7 /home/oranolio/Desktop/Deep/apps/backend

 ❯ test/config.unit.test.ts (8 tests | 7 failed) 16ms
   × M12 demo/production separation > W02 rejects invalid live cap NaN 8ms
     → expected [Function] to throw an error
   × M12 demo/production separation > W02 rejects invalid live cap Infinity 1ms
     → expected [Function] to throw an error
   × M12 demo/production separation > W02 rejects invalid live cap -1 1ms
     → expected [Function] to throw an error
   × M12 demo/production separation > W02 rejects invalid live cap 1.5 1ms
     → expected [Function] to throw an error
   × M12 demo/production separation > W02 rejects invalid live cap 9007199254740992 1ms
     → expected [Function] to throw an error
   × M12 demo/production separation > W02 rejects invalid live cap   1ms
     → expected [Function] to throw an error
   × M12 demo/production separation > W02 never permits fixture routing in production through an override 1ms
     → expected [Function] to throw an error
   ✓ M12 demo/production separation > refuses development auth and unlabeled fixtures in production 1ms

⎯⎯⎯⎯⎯⎯⎯ Failed Tests 7 ⎯⎯⎯⎯⎯⎯⎯

 FAIL  test/config.unit.test.ts > M12 demo/production separation > W02 rejects invalid live cap NaN
 FAIL  test/config.unit.test.ts > M12 demo/production separation > W02 rejects invalid live cap Infinity
 FAIL  test/config.unit.test.ts > M12 demo/production separation > W02 rejects invalid live cap -1
 FAIL  test/config.unit.test.ts > M12 demo/production separation > W02 rejects invalid live cap 1.5
 FAIL  test/config.unit.test.ts > M12 demo/production separation > W02 rejects invalid live cap 9007199254740992
 FAIL  test/config.unit.test.ts > M12 demo/production separation > W02 rejects invalid live cap  
AssertionError: expected [Function] to throw an error

- Expected: 
null

+ Received: 
undefined

 ❯ test/config.unit.test.ts:6:106
      4| describe("M12 demo/production separation", () => {
      5|   it.each(["NaN", "Infinity", "-1", "1.5", "9007199254740992", " "])("…
      6|     expect(() => loadConfig({ DATABASE_URL: "postgres://localhost/test…
       |                                                                                                          ^
      7|   });
      8|   it("W02 never permits fixture routing in production through an overr…

⎯⎯⎯⎯⎯⎯⎯⎯⎯⎯⎯⎯⎯⎯⎯⎯⎯⎯⎯⎯⎯⎯⎯⎯[1/7]⎯

 FAIL  test/config.unit.test.ts > M12 demo/production separation > W02 never permits fixture routing in production through an override
AssertionError: expected [Function] to throw an error

- Expected: 
null

+ Received: 
undefined

 ❯ test/config.unit.test.ts:10:80
      8|   it("W02 never permits fixture routing in production through an overr…
      9|     expect(() => loadConfig({ NODE_ENV: "production", APP_AUTH_MODE: "…
     10|       DEV_ALLOW_FIXTURE_ROUTE: "true", ALLOW_FIXTURE_IN_PRODUCTION: "t…
       |                                                                                ^
     11|   });
     12|   it("refuses development auth and unlabeled fixtures in production", …

⎯⎯⎯⎯⎯⎯⎯⎯⎯⎯⎯⎯⎯⎯⎯⎯⎯⎯⎯⎯⎯⎯⎯⎯[2/7]⎯


 Test Files  1 failed (1)
      Tests  7 failed | 1 passed (8)
   Start at  08:18:34
   Duration  343ms (transform 70ms, setup 0ms, collect 87ms, tests 16ms, environment 0ms, prepare 79ms)

/home/oranolio/Desktop/Deep/apps/backend:
 ERR_PNPM_RECURSIVE_RUN_FIRST_FAIL  @deep/backend@0.1.0 test:unit: `vitest run --config vitest.unit.config.ts test/config.unit.test.ts`
Exit status 1
