
> deep-research-mobile@0.1.0 verify /home/oranolio/Desktop/Deep
> pnpm typecheck && pnpm test:unit && node scripts/check-boundaries.mjs && pnpm --filter @deep/backend test:governance


> deep-research-mobile@0.1.0 typecheck /home/oranolio/Desktop/Deep
> pnpm -r --filter "./packages/*" --filter @deep/backend typecheck

Scope: 4 of 6 workspace projects
packages/contracts typecheck$ tsc -p tsconfig.json --noEmit
packages/design typecheck$ tsc --noEmit --pretty false src/index.ts || true
packages/contracts typecheck: Done
packages/design typecheck: Done
packages/research-core typecheck$ tsc -p tsconfig.json --noEmit
packages/research-core typecheck: Done
apps/backend typecheck$ tsc -p tsconfig.json --noEmit
apps/backend typecheck: src/modules/research-corrections.ts(22,6): error TS18047: 'parent' is possibly 'null'.
apps/backend typecheck: src/modules/research-corrections.ts(25,91): error TS18047: 'parent' is possibly 'null'.
apps/backend typecheck: src/modules/research-corrections.ts(26,31): error TS18047: 'parent' is possibly 'null'.
apps/backend typecheck: src/modules/research-corrections.ts(28,139): error TS18047: 'parent' is possibly 'null'.
apps/backend typecheck: src/modules/research-corrections.ts(33,57): error TS18047: 'parent' is possibly 'null'.
apps/backend typecheck: src/modules/research-corrections.ts(33,119): error TS18047: 'parent' is possibly 'null'.
apps/backend typecheck: src/modules/research-corrections.ts(33,173): error TS18047: 'consent' is possibly 'null'.
apps/backend typecheck: Failed
/home/oranolio/Desktop/Deep/apps/backend:
 ERR_PNPM_RECURSIVE_RUN_FIRST_FAIL  @deep/backend@0.1.0 typecheck: `tsc -p tsconfig.json --noEmit`
Exit status 2
 ELIFECYCLE  Command failed with exit code 2.
 ELIFECYCLE  Command failed with exit code 2.
