
> @deep/backend@0.1.0 test:extraction /home/oranolio/Desktop/Deep/apps/backend
> vitest run --config vitest.extraction.config.ts


 RUN  v3.2.7 /home/oranolio/Desktop/Deep/apps/backend

{"level":"info","event":"action","runId":"fbd94c65-c61e-4971-b51a-da122fbde7ed","type":"challenge","rationale":"Disconfirm material conclusion: A primary source that directly contradicts this conclusion.","step":0,"t":"2026-09-17T21:06:13.278Z"}
{"level":"info","event":"action","runId":"fbd94c65-c61e-4971-b51a-da122fbde7ed","type":"fetch","rationale":"Inspect an already-known source before another generic query","step":1,"t":"2026-09-17T21:06:13.299Z"}
{"level":"info","event":"action","runId":"fbd94c65-c61e-4971-b51a-da122fbde7ed","type":"challenge","rationale":"No counterexample found in accessed primary sources. This is not proof that the conclusion is true.","step":2,"t":"2026-09-17T21:06:13.316Z"}
{"level":"info","event":"action","runId":"fbd94c65-c61e-4971-b51a-da122fbde7ed","type":"synthesize","rationale":"decision_critical_gaps_resolved_or_unresolvable; high-impact claims supported or qualified; contradictions handled; remaining actions low expected value","step":3,"t":"2026-09-17T21:06:13.329Z"}
stdout | test/document-flow.extraction.test.ts > W04/W05 upload -> isolated PDF -> structured worker -> report/source reopen preserves a renamed negative finding
{"evidenceClass":"local_api_worker_actual_pdf_fabricated_model","sourceTransport":"binary upload","question":"What does the LVWDQL field note say about underwater recording?","originalBytesSha256":"af589814b7cdf5e332952c953df5b9f14fd9da5cadde75c2c62e29964f747151","runId":"6bdc0b98-ac53-4d73-9320-173cd6f38af1","reportId":"72f8a821-f18a-4f87-8cb6-78bc2b84749b","reportText":"LVWDQL does not support underwater recording.","source":{"passageId":"a0dc558c-15d4-4097-9d91-bb4025d21e7f","sourceVersionId":"f6ef71e8-6348-4863-8097-65be7a14bad0","locator":{"kind":"text","rows":[],"block":"page:1/block:0","geometry":[{"box":[50,737.516,270.75200000000007,748.616],"text":"Field notes: LVWDQL sensor deployment"},{"box":[50,719.516,353.4440000000002,730.616],"text":"LVWDQL supports offline recording only on firmware 4.2."},{"box":[50,701.516,313.44800000000015,712.616],"text":"LVWDQL does not support underwater recording."}],"coordinates":"PDF points; bottom-left origin","normalization":"extractor-output-v1"},"access":"partial-text","method":"docling-parse-7.20.0/geometry-v1","warnings":["pdf_layout_tables_and_ocr_unverified"]},"support":[{"claimRevisionId":"c9c1e000-9619-42e5-8c56-fbb78a089379","decision":"supported","checks":[{"rule":"exact_evidence_bindings","passed":true},{"rule":"scope_matches_claim","passed":true},{"rule":"readable_evidence","passed":true},{"rule":"scope_grounded_in_quotes","passed":true},{"rule":"numbers_grounded","passed":true},{"rule":"quantities_grounded","passed":true},{"rule":"numeric_context_preserved","passed":true},{"rule":"currency_preserved","passed":true},{"rule":"no_detected_contradiction","passed":true},{"rule":"qualification_preserved","passed":true}]},{"claimRevisionId":"45bf5784-590f-4d2f-abb8-89ef78de065b","decision":"supported","checks":[{"rule":"exact_evidence_bindings","passed":true},{"rule":"scope_matches_claim","passed":true},{"rule":"readable_evidence","passed":true},{"rule":"scope_grounded_in_quotes","passed":true},{"rule":"numbers_grounded","passed":true},{"rule":"quantities_grounded","passed":true},{"rule":"numeric_context_preserved","passed":true},{"rule":"currency_preserved","passed":true},{"rule":"no_detected_contradiction","passed":true},{"rule":"qualification_preserved","passed":true}]}],"paidProviderCalls":0,"modelResponses":"fabricated","correctionJourney":{"question":"What firmware does LVWDQL require for offline recording?","runId":"116528cb-e460-41bd-9ab6-4d1fbab44790","reportId":"a52c2d22-2b16-4899-95cc-d963cbec699f","text":"LVWDQL supports offline recording only on firmware 4.2.","reusedPassageId":"a0dc558c-15d4-4097-9d91-bb4025d21e7f","reusedSourceVersionId":"f6ef71e8-6348-4863-8097-65be7a14bad0","newSourceRows":0,"claimsRecomputed":true,"fullRerunReportId":"0d504382-7c33-44a4-975b-2aba90147563","fullRerunTextMatches":true,"comparison":"local fabricated model control, not independent semantic adjudication"}}

stdout | test/document-flow.extraction.test.ts > W04/W05 public-search -> isolated PDF -> structured worker -> report/source reopen preserves a renamed negative finding
{"evidenceClass":"local_api_worker_actual_pdf_fabricated_model","sourceTransport":"saved bytes transport double","question":"What does the DSPWBC field note say about underwater recording?","originalBytesSha256":"c628bfac041c40a71d187345d5160990059cda7e8fdd9f85bce287d5b85ccc0e","runId":"805fd0e2-b1f3-4a45-a216-2647fea7979b","reportId":"adea8125-8df0-4e11-b7bd-10caadec4fbd","reportText":"DSPWBC does not support underwater recording.","source":{"passageId":"5e607a79-f015-48e4-bc4f-30b475d06ced","sourceVersionId":"c9e562a0-78cf-40e9-b37e-881a0e75b694","locator":{"kind":"text","rows":[],"block":"page:1/block:0","geometry":[{"box":[50,737.516,272.744,748.616],"text":"Field notes: DSPWBC sensor deployment"},{"box":[50,719.516,355.4360000000002,730.616],"text":"DSPWBC supports offline recording only on firmware 4.2."},{"box":[50,701.516,315.44000000000017,712.616],"text":"DSPWBC does not support underwater recording."}],"coordinates":"PDF points; bottom-left origin","normalization":"extractor-output-v1"},"access":"partial-text","method":"docling-parse-7.20.0/geometry-v1","warnings":["pdf_layout_tables_and_ocr_unverified"]},"support":[{"claimRevisionId":"6290daf0-d645-44b0-ab1f-398590c4ded3","decision":"supported","checks":[{"rule":"exact_evidence_bindings","passed":true},{"rule":"scope_matches_claim","passed":true},{"rule":"readable_evidence","passed":true},{"rule":"scope_grounded_in_quotes","passed":true},{"rule":"numbers_grounded","passed":true},{"rule":"quantities_grounded","passed":true},{"rule":"numeric_context_preserved","passed":true},{"rule":"currency_preserved","passed":true},{"rule":"no_detected_contradiction","passed":true},{"rule":"qualification_preserved","passed":true}]},{"claimRevisionId":"d3131bfe-8e37-4b5a-abc8-179cb2f34112","decision":"supported","checks":[{"rule":"exact_evidence_bindings","passed":true},{"rule":"scope_matches_claim","passed":true},{"rule":"readable_evidence","passed":true},{"rule":"scope_grounded_in_quotes","passed":true},{"rule":"numbers_grounded","passed":true},{"rule":"quantities_grounded","passed":true},{"rule":"numeric_context_preserved","passed":true},{"rule":"currency_preserved","passed":true},{"rule":"no_detected_contradiction","passed":true},{"rule":"qualification_preserved","passed":true}]}],"paidProviderCalls":0,"modelResponses":"fabricated","correctionJourney":"not tested"}

 ✓ test/document-flow.extraction.test.ts (5 tests) 14641ms
   ✓ W04 real API/worker persists PDF bytes, page locators and limitations; source inspection and deletion use the same records  1683ms
   ✓ W04/W05 upload -> isolated PDF -> structured worker -> report/source reopen preserves a renamed negative finding  8567ms
   ✓ W04/W05 public-search -> isolated PDF -> structured worker -> report/source reopen preserves a renamed negative finding  4104ms
 ✓ test/pdf.extraction.test.ts (4 tests) 7455ms
   ✓ W04 parses original digital PDF bytes into page-bound text with honest layout limitations  1648ms
   ✓ W04 empty, malformed and pasted PDF inputs cannot manufacture documentary support  3279ms
   ✓ W04 encrypted PDF remains explicitly unavailable without password guessing  858ms
   ✓ W04 binds a late-drawn bold negation to its physical sentence, with recoverable cell geometry  1667ms
 ✓ test/html.extraction.test.ts (3 tests) 9143ms
   ✓ W04 real isolated parser over supplied synthetic bytes > preserves all decisive spans and exact byte digests  6578ms
   ✓ W04 real isolated parser over supplied synthetic bytes > handles actual plain text and preserves table spans without executing script  1721ms
   ✓ W04 real isolated parser over supplied synthetic bytes > does not label PDF bytes as parsed text  841ms

 Test Files  3 passed (3)
      Tests  12 passed (12)
   Start at  15:06:10
   Duration  33.03s (transform 671ms, setup 0ms, collect 1.13s, tests 31.24s, environment 1ms, prepare 239ms)

