
> @deep/backend@0.1.0 test:extraction /home/oranolio/Desktop/Deep/apps/backend
> vitest run --config vitest.extraction.config.ts


 RUN  v3.2.7 /home/oranolio/Desktop/Deep/apps/backend

{"level":"info","event":"action","runId":"094ca51e-3beb-4040-8a30-e1aa3495d260","type":"challenge","rationale":"Disconfirm material conclusion: A primary source that directly contradicts this conclusion.","step":0,"t":"2026-09-17T21:11:22.073Z"}
{"level":"info","event":"action","runId":"094ca51e-3beb-4040-8a30-e1aa3495d260","type":"fetch","rationale":"Inspect an already-known source before another generic query","step":1,"t":"2026-09-17T21:11:22.104Z"}
{"level":"info","event":"action","runId":"094ca51e-3beb-4040-8a30-e1aa3495d260","type":"challenge","rationale":"No counterexample found in accessed primary sources. This is not proof that the conclusion is true.","step":2,"t":"2026-09-17T21:11:22.127Z"}
{"level":"info","event":"action","runId":"094ca51e-3beb-4040-8a30-e1aa3495d260","type":"synthesize","rationale":"decision_critical_gaps_resolved_or_unresolvable; high-impact claims supported or qualified; contradictions handled; remaining actions low expected value","step":3,"t":"2026-09-17T21:11:22.145Z"}
stdout | test/document-flow.extraction.test.ts > W04/W05 upload -> isolated PDF -> structured worker -> report/source reopen preserves a renamed negative finding
{"evidenceClass":"local_api_worker_actual_pdf_fabricated_model","sourceTransport":"binary upload","question":"What does the GRPGDK field note say about underwater recording?","originalBytesSha256":"b36a7592efad899bb096c5cf7741c3d12a16fc9c34faf4a14321ba4f39780de0","runId":"4f4aded9-f705-49da-811f-df90df133e29","reportId":"656855d0-612d-4c08-abb4-f327f8f6c4a2","reportText":"GRPGDK does not support underwater recording.","source":{"passageId":"5d696278-6b14-40da-97c9-44003e2743b8","sourceVersionId":"ca6c5515-e50e-493d-9c42-6d1e3fc0e27d","locator":{"kind":"text","rows":[],"block":"page:1/block:0","geometry":[{"box":[50,737.516,272.084,748.616],"text":"Field notes: GRPGDK sensor deployment"},{"box":[50,719.516,354.7760000000002,730.616],"text":"GRPGDK supports offline recording only on firmware 4.2."},{"box":[50,701.516,314.78000000000014,712.616],"text":"GRPGDK does not support underwater recording."}],"coordinates":"PDF points; bottom-left origin","normalization":"extractor-output-v1"},"access":"partial-text","method":"docling-parse-7.20.0/geometry-v1","warnings":["pdf_layout_tables_and_ocr_unverified"]},"support":[{"claimRevisionId":"cc85ad61-0983-4a0e-9dd7-3094a0a553d6","decision":"supported","checks":[{"rule":"exact_evidence_bindings","passed":true},{"rule":"scope_matches_claim","passed":true},{"rule":"readable_evidence","passed":true},{"rule":"scope_grounded_in_quotes","passed":true},{"rule":"numbers_grounded","passed":true},{"rule":"quantities_grounded","passed":true},{"rule":"numeric_context_preserved","passed":true},{"rule":"currency_preserved","passed":true},{"rule":"no_detected_contradiction","passed":true},{"rule":"qualification_preserved","passed":true}]},{"claimRevisionId":"4b12dce0-8990-4973-8394-2bc0c13bed29","decision":"supported","checks":[{"rule":"exact_evidence_bindings","passed":true},{"rule":"scope_matches_claim","passed":true},{"rule":"readable_evidence","passed":true},{"rule":"scope_grounded_in_quotes","passed":true},{"rule":"numbers_grounded","passed":true},{"rule":"quantities_grounded","passed":true},{"rule":"numeric_context_preserved","passed":true},{"rule":"currency_preserved","passed":true},{"rule":"no_detected_contradiction","passed":true},{"rule":"qualification_preserved","passed":true}]}],"paidProviderCalls":0,"modelResponses":"fabricated","correctionJourney":{"question":"What firmware does GRPGDK require for offline recording?","runId":"1068ffd9-0082-4683-878d-3c28e36fa0c3","reportId":"5b22c337-92ff-497a-bd72-0f7815e8d6cd","text":"GRPGDK supports offline recording only on firmware 4.2.","reusedPassageId":"5d696278-6b14-40da-97c9-44003e2743b8","reusedSourceVersionId":"ca6c5515-e50e-493d-9c42-6d1e3fc0e27d","newSourceRows":0,"claimsRecomputed":true,"fullRerunReportId":"ff372917-eb50-4de1-b083-b14b02a060a1","fullRerunTextMatches":true,"comparison":"local fabricated model control, not independent semantic adjudication"}}

stdout | test/document-flow.extraction.test.ts > W04/W05 public-search -> isolated PDF -> structured worker -> report/source reopen preserves a renamed negative finding
{"evidenceClass":"local_api_worker_actual_pdf_fabricated_model","sourceTransport":"saved bytes transport double","question":"What does the OVIKUG field note say about underwater recording?","originalBytesSha256":"b287237977254555e58ef681e86f5f00439e01f5c4db95501ba94d16e7326b74","runId":"5c5d93c6-7738-4a24-b910-733b87df9db0","reportId":"4685f6bd-d029-4047-b0a2-b09d5373e6b2","reportText":"OVIKUG does not support underwater recording.","source":{"passageId":"74cc656d-6111-46cf-b643-74947091961d","sourceVersionId":"cc424fbf-9557-47d0-a43a-56ab9c6147a0","locator":{"kind":"text","rows":[],"block":"page:1/block:0","geometry":[{"box":[50,737.516,266.75600000000003,748.616],"text":"Field notes: OVIKUG sensor deployment"},{"box":[50,719.516,349.4480000000002,730.616],"text":"OVIKUG supports offline recording only on firmware 4.2."},{"box":[50,701.516,309.4520000000001,712.616],"text":"OVIKUG does not support underwater recording."}],"coordinates":"PDF points; bottom-left origin","normalization":"extractor-output-v1"},"access":"partial-text","method":"docling-parse-7.20.0/geometry-v1","warnings":["pdf_layout_tables_and_ocr_unverified"]},"support":[{"claimRevisionId":"e5150c1f-4dbe-4958-a478-d16791e17c7b","decision":"supported","checks":[{"rule":"exact_evidence_bindings","passed":true},{"rule":"scope_matches_claim","passed":true},{"rule":"readable_evidence","passed":true},{"rule":"scope_grounded_in_quotes","passed":true},{"rule":"numbers_grounded","passed":true},{"rule":"quantities_grounded","passed":true},{"rule":"numeric_context_preserved","passed":true},{"rule":"currency_preserved","passed":true},{"rule":"no_detected_contradiction","passed":true},{"rule":"qualification_preserved","passed":true}]},{"claimRevisionId":"3fcf1e67-ff43-4440-baa3-6615a3adeb0e","decision":"supported","checks":[{"rule":"exact_evidence_bindings","passed":true},{"rule":"scope_matches_claim","passed":true},{"rule":"readable_evidence","passed":true},{"rule":"scope_grounded_in_quotes","passed":true},{"rule":"numbers_grounded","passed":true},{"rule":"quantities_grounded","passed":true},{"rule":"numeric_context_preserved","passed":true},{"rule":"currency_preserved","passed":true},{"rule":"no_detected_contradiction","passed":true},{"rule":"qualification_preserved","passed":true}]}],"paidProviderCalls":0,"modelResponses":"fabricated","correctionJourney":"not tested"}

 ✓ test/document-flow.extraction.test.ts (5 tests) 26211ms
   ✓ W04 real API/worker persists PDF bytes, page locators and limitations; source inspection and deletion use the same records  2622ms
   ✓ W04 cancel after actual parsing prevents late result persistence  2539ms
   ✓ W04 delete after actual parsing prevents late result persistence  3198ms
   ✓ W04/W05 upload -> isolated PDF -> structured worker -> report/source reopen preserves a renamed negative finding  11514ms
   ✓ W04/W05 public-search -> isolated PDF -> structured worker -> report/source reopen preserves a renamed negative finding  6039ms
 ✓ test/html.extraction.test.ts (3 tests) 11001ms
   ✓ W04 real isolated parser over supplied synthetic bytes > preserves all decisive spans and exact byte digests  8424ms
   ✓ W04 real isolated parser over supplied synthetic bytes > handles actual plain text and preserves table spans without executing script  1700ms
   ✓ W04 real isolated parser over supplied synthetic bytes > does not label PDF bytes as parsed text  873ms
 ✓ test/pdf.extraction.test.ts (4 tests) 7560ms
   ✓ W04 parses original digital PDF bytes into page-bound text with honest layout limitations  1673ms
   ✓ W04 empty, malformed and pasted PDF inputs cannot manufacture documentary support  3347ms
   ✓ W04 encrypted PDF remains explicitly unavailable without password guessing  912ms
   ✓ W04 binds a late-drawn bold negation to its physical sentence, with recoverable cell geometry  1626ms

 Test Files  3 passed (3)
      Tests  12 passed (12)
   Start at  15:11:17
   Duration  47.91s (transform 1.42s, setup 0ms, collect 2.20s, tests 44.77s, environment 1ms, prepare 335ms)

