Traceback (most recent call last):
  File "/probe.py", line 5, in <module>
    from docling.datamodel.base_models import InputFormat,DocumentStream
  File "/runtime/lib/python3.12/site-packages/docling/datamodel/base_models.py", line 47, in <module>
    from docling.datamodel.pipeline_options import PipelineOptions
  File "/runtime/lib/python3.12/site-packages/docling/datamodel/pipeline_options.py", line 26, in <module>
    from docling.datamodel import (
  File "/runtime/lib/python3.12/site-packages/docling/datamodel/stage_model_specs.py", line 25, in <module>
    from docling.datamodel.vlm_engine_options import BaseVlmEngineOptions
  File "/runtime/lib/python3.12/site-packages/docling/datamodel/vlm_engine_options.py", line 17, in <module>
    from docling.datamodel.settings import default_compile_model
  File "/runtime/lib/python3.12/site-packages/docling/datamodel/settings.py", line 61, in <module>
    class AppSettings(BaseSettings):
  File "/runtime/lib/python3.12/site-packages/docling/datamodel/settings.py", line 70, in AppSettings
    cache_dir: Path = Path.home() / ".cache" / "docling"
                      ^^^^^^^^^^^
  File "/usr/lib/python3.12/pathlib.py", line 1204, in home
    return cls("~").expanduser()
           ^^^^^^^^^^^^^^^^^^^^^
  File "/usr/lib/python3.12/pathlib.py", line 1408, in expanduser
    raise RuntimeError("Could not determine home directory.")
RuntimeError: Could not determine home directory.
