Looking in links: /tmp/deep-docling-experiment/selected-wheels
Collecting babel==2.18.0 (from -r apps/backend/extraction/requirements.lock (line 2))
  Using cached babel-2.18.0-py3-none-any.whl (10.2 MB)
Collecting certifi==2026.7.22 (from -r apps/backend/extraction/requirements.lock (line 3))
  Using cached certifi-2026.7.22-py3-none-any.whl (136 kB)
Collecting charset-normalizer==3.5.1 (from -r apps/backend/extraction/requirements.lock (line 4))
  Using cached charset_normalizer-3.5.1-cp312-cp312-manylinux2014_x86_64.manylinux_2_17_x86_64.manylinux_2_28_x86_64.whl (248 kB)
Collecting courlan==1.4.0 (from -r apps/backend/extraction/requirements.lock (line 5))
  Using cached courlan-1.4.0-py3-none-any.whl (34 kB)
Collecting dateparser==1.4.3 (from -r apps/backend/extraction/requirements.lock (line 6))
  Using cached dateparser-1.4.3-py3-none-any.whl (322 kB)
Collecting htmldate==1.10.0 (from -r apps/backend/extraction/requirements.lock (line 7))
  Using cached htmldate-1.10.0-py3-none-any.whl (31 kB)
Collecting jusText==3.0.2 (from -r apps/backend/extraction/requirements.lock (line 8))
  Using cached justext-3.0.2-py2.py3-none-any.whl (837 kB)
Collecting lxml==6.1.3 (from -r apps/backend/extraction/requirements.lock (line 9))
  Using cached lxml-6.1.3-cp312-cp312-manylinux_2_26_x86_64.manylinux_2_28_x86_64.whl (5.2 MB)
Collecting lxml_html_clean==0.4.5 (from -r apps/backend/extraction/requirements.lock (line 10))
  Using cached lxml_html_clean-0.4.5-py3-none-any.whl (14 kB)
Collecting python-dateutil==2.9.0.post0 (from -r apps/backend/extraction/requirements.lock (line 11))
  Using cached python_dateutil-2.9.0.post0-py2.py3-none-any.whl (229 kB)
Collecting pytz==2026.3.post1 (from -r apps/backend/extraction/requirements.lock (line 12))
  Using cached pytz-2026.3.post1-py2.py3-none-any.whl (508 kB)
Collecting regex==2026.9.10 (from -r apps/backend/extraction/requirements.lock (line 13))
  Using cached regex-2026.9.10-cp312-cp312-manylinux2014_x86_64.manylinux_2_17_x86_64.manylinux_2_28_x86_64.whl (804 kB)
Collecting six==1.17.0 (from -r apps/backend/extraction/requirements.lock (line 14))
  Using cached six-1.17.0-py2.py3-none-any.whl (11 kB)
Collecting tld==0.13.2 (from -r apps/backend/extraction/requirements.lock (line 15))
  Using cached tld-0.13.2-py2.py3-none-any.whl (296 kB)
Collecting trafilatura==2.2.0 (from -r apps/backend/extraction/requirements.lock (line 16))
  Using cached trafilatura-2.2.0-py3-none-any.whl (151 kB)
Collecting tzlocal==5.4.4 (from -r apps/backend/extraction/requirements.lock (line 17))
  Using cached tzlocal-5.4.4-py3-none-any.whl (18 kB)
Collecting urllib3==2.8.0 (from -r apps/backend/extraction/requirements.lock (line 18))
  Using cached urllib3-2.8.0-py3-none-any.whl (135 kB)
Collecting annotated-doc==0.0.5 (from -r apps/backend/extraction/requirements.lock (line 19))
  Using cached annotated_doc-0.0.5-py3-none-any.whl (5.3 kB)
Collecting annotated-types==0.8.0 (from -r apps/backend/extraction/requirements.lock (line 20))
  Using cached annotated_types-0.8.0-py3-none-any.whl (13 kB)
Collecting attrs==26.1.0 (from -r apps/backend/extraction/requirements.lock (line 21))
  Using cached attrs-26.1.0-py3-none-any.whl (67 kB)
Collecting defusedxml==0.7.1 (from -r apps/backend/extraction/requirements.lock (line 22))
  Using cached defusedxml-0.7.1-py2.py3-none-any.whl (25 kB)
Collecting doclang==0.7.3 (from -r apps/backend/extraction/requirements.lock (line 23))
  Using cached doclang-0.7.3-py3-none-any.whl (32 kB)
Collecting docling-core==2.97.0 (from -r apps/backend/extraction/requirements.lock (line 24))
  Using cached docling_core-2.97.0-py3-none-any.whl (303 kB)
Collecting docling-parse==7.20.0 (from -r apps/backend/extraction/requirements.lock (line 25))
  Using cached docling_parse-7.20.0-cp312-cp312-manylinux_2_27_x86_64.manylinux_2_28_x86_64.whl (10.8 MB)
Collecting idna==3.20 (from -r apps/backend/extraction/requirements.lock (line 26))
  Using cached idna-3.20-py3-none-any.whl (69 kB)
Collecting jsonref==1.1.0 (from -r apps/backend/extraction/requirements.lock (line 27))
  Using cached jsonref-1.1.0-py3-none-any.whl (9.4 kB)
Collecting jsonschema==4.26.0 (from -r apps/backend/extraction/requirements.lock (line 28))
  Using cached jsonschema-4.26.0-py3-none-any.whl (90 kB)
Collecting jsonschema-specifications==2025.9.1 (from -r apps/backend/extraction/requirements.lock (line 29))
  Using cached jsonschema_specifications-2025.9.1-py3-none-any.whl (18 kB)
Collecting latex2mathml==3.81.1 (from -r apps/backend/extraction/requirements.lock (line 30))
  Using cached latex2mathml-3.81.1-py3-none-any.whl (79 kB)
Collecting markdown-it-py==4.2.0 (from -r apps/backend/extraction/requirements.lock (line 31))
  Using cached markdown_it_py-4.2.0-py3-none-any.whl (91 kB)
Collecting mdurl==0.1.2 (from -r apps/backend/extraction/requirements.lock (line 32))
  Using cached mdurl-0.1.2-py3-none-any.whl (10.0 kB)
Collecting numpy==2.5.3 (from -r apps/backend/extraction/requirements.lock (line 33))
  Using cached numpy-2.5.3-cp312-cp312-manylinux_2_27_x86_64.manylinux_2_28_x86_64.whl (16.7 MB)
Collecting pandas==3.0.5 (from -r apps/backend/extraction/requirements.lock (line 34))
  Using cached pandas-3.0.5-cp312-cp312-manylinux_2_24_x86_64.manylinux_2_28_x86_64.whl (11.0 MB)
Collecting pillow==12.3.0 (from -r apps/backend/extraction/requirements.lock (line 35))
  Using cached pillow-12.3.0-cp312-cp312-manylinux_2_27_x86_64.manylinux_2_28_x86_64.whl (6.9 MB)
Collecting pydantic==2.13.5 (from -r apps/backend/extraction/requirements.lock (line 36))
  Using cached pydantic-2.13.5-py3-none-any.whl (472 kB)
Collecting pydantic_core==2.46.5 (from -r apps/backend/extraction/requirements.lock (line 37))
  Using cached pydantic_core-2.46.5-cp312-cp312-manylinux_2_17_x86_64.manylinux2014_x86_64.whl (2.1 MB)
Collecting pydantic-settings==2.15.0 (from -r apps/backend/extraction/requirements.lock (line 38))
  Using cached pydantic_settings-2.15.0-py3-none-any.whl (69 kB)
Collecting Pygments==2.21.0 (from -r apps/backend/extraction/requirements.lock (line 39))
  Using cached pygments-2.21.0-py3-none-any.whl (1.3 MB)
Collecting python-dotenv==1.2.3 (from -r apps/backend/extraction/requirements.lock (line 40))
  Using cached python_dotenv-1.2.3-py3-none-any.whl (22 kB)
Collecting PyYAML==6.0.3 (from -r apps/backend/extraction/requirements.lock (line 41))
  Using cached pyyaml-6.0.3-cp312-cp312-manylinux2014_x86_64.manylinux_2_17_x86_64.manylinux_2_28_x86_64.whl (807 kB)
Collecting referencing==0.37.0 (from -r apps/backend/extraction/requirements.lock (line 42))
  Using cached referencing-0.37.0-py3-none-any.whl (26 kB)
Collecting requests==2.34.2 (from -r apps/backend/extraction/requirements.lock (line 43))
  Using cached requests-2.34.2-py3-none-any.whl (73 kB)
Collecting rich==15.0.0 (from -r apps/backend/extraction/requirements.lock (line 44))
  Using cached rich-15.0.0-py3-none-any.whl (310 kB)
Collecting rpds-py==2026.6.3 (from -r apps/backend/extraction/requirements.lock (line 45))
  Using cached rpds_py-2026.6.3-cp312-cp312-manylinux_2_17_x86_64.manylinux2014_x86_64.whl (366 kB)
Collecting shellingham==1.5.4 (from -r apps/backend/extraction/requirements.lock (line 46))
  Using cached shellingham-1.5.4-py2.py3-none-any.whl (9.8 kB)
Collecting tabulate==0.10.0 (from -r apps/backend/extraction/requirements.lock (line 47))
  Using cached tabulate-0.10.0-py3-none-any.whl (39 kB)
Collecting typer==0.26.8 (from -r apps/backend/extraction/requirements.lock (line 48))
  Using cached typer-0.26.8-py3-none-any.whl (122 kB)
Collecting typing_extensions==4.16.0 (from -r apps/backend/extraction/requirements.lock (line 49))
  Using cached typing_extensions-4.16.0-py3-none-any.whl (45 kB)
Collecting typing-inspection==0.4.4 (from -r apps/backend/extraction/requirements.lock (line 50))
  Using cached typing_inspection-0.4.4-py3-none-any.whl (14 kB)
Collecting pypdf==6.19.0 (from -r apps/backend/extraction/requirements.lock (line 51))
  Using cached pypdf-6.19.0-py3-none-any.whl (395 kB)
Installing collected packages: pytz, urllib3, tzlocal, typing_extensions, tld, tabulate, six, shellingham, rpds-py, regex, PyYAML, python-dotenv, pypdf, Pygments, pillow, numpy, mdurl, lxml, latex2mathml, jsonref, idna, defusedxml, charset-normalizer, certifi, babel, attrs, annotated-types, annotated-doc, typing-inspection, requests, referencing, python-dateutil, pydantic_core, markdown-it-py, lxml_html_clean, courlan, rich, pydantic, pandas, jsonschema-specifications, dateparser, typer, pydantic-settings, jusText, jsonschema, htmldate, trafilatura, doclang, docling-core, docling-parse
Successfully installed PyYAML-6.0.3 Pygments-2.21.0 annotated-doc-0.0.5 annotated-types-0.8.0 attrs-26.1.0 babel-2.18.0 certifi-2026.7.22 charset-normalizer-3.5.1 courlan-1.4.0 dateparser-1.4.3 defusedxml-0.7.1 doclang-0.7.3 docling-core-2.97.0 docling-parse-7.20.0 htmldate-1.10.0 idna-3.20 jsonref-1.1.0 jsonschema-4.26.0 jsonschema-specifications-2025.9.1 jusText-3.0.2 latex2mathml-3.81.1 lxml-6.1.3 lxml_html_clean-0.4.5 markdown-it-py-4.2.0 mdurl-0.1.2 numpy-2.5.3 pandas-3.0.5 pillow-12.3.0 pydantic-2.13.5 pydantic-settings-2.15.0 pydantic_core-2.46.5 pypdf-6.19.0 python-dateutil-2.9.0.post0 python-dotenv-1.2.3 pytz-2026.3.post1 referencing-0.37.0 regex-2026.9.10 requests-2.34.2 rich-15.0.0 rpds-py-2026.6.3 shellingham-1.5.4 six-1.17.0 tabulate-0.10.0 tld-0.13.2 trafilatura-2.2.0 typer-0.26.8 typing-inspection-0.4.4 typing_extensions-4.16.0 tzlocal-5.4.4 urllib3-2.8.0
