
> @deep/research-core@0.1.0 test /home/oranolio/Desktop/Deep/packages/research-core
> vitest run --config vitest.config.ts


 RUN  v3.2.7 /home/oranolio/Desktop/Deep/packages/research-core

 ✓ test/admission.test.ts (11 tests) 26ms
 ✓ test/p1-p2.test.ts (24 tests) 53ms
 ✓ test/adaptive-loop.test.ts (13 tests) 50ms
 ✓ test/policy.test.ts (8 tests) 18ms
 ❯ test/v6-publication.test.ts (21 tests | 3 failed) 25ms
   ✓ W01 / V6-F01 production citation regressions > PROBE-01 rejects negated support 4ms
   ✓ W01 / V6-F01 production citation regressions > PROBE-02 compares whole numbers including single digits 1ms
   ✓ W01 / V6-F01 production citation regressions > PROBE-03 propagates failure through the report wrapper 1ms
   ✓ W01 / V6-F01 production citation regressions > PROBE-04 propagates failure through the report wrapper 1ms
   ✓ W01 / V6-F01 production citation regressions > PROBE-05 rejects unknown claim binding 0ms
   ✓ W01 / V6-F01 production citation regressions > PROBE-06 rejects unmapped material prose 0ms
   ✓ W01 / V6-F01 production citation regressions > rejects an extra unsupported assertion hidden behind one valid claim mapping 0ms
   ✓ W01 / V6-F01 production citation regressions > rejects duplicate claim identities with competing texts 0ms
   × W01 / V6-F01 production citation regressions > material prose cannot hide in an unmapped caveat 8ms
     → expected false to be true // Object.is equality
   × W01 / V6-F01 production citation regressions > material prose cannot hide in an unmapped heading 1ms
     → expected false to be true // Object.is equality
   × W01 / V6-F01 production citation regressions > a claim type label cannot substitute for supporting evidence 1ms
     → expected false to be true // Object.is equality
   ✓ W01 / V6-F01 production citation regressions > CONTROL-01 accepts direct matching support 1ms
   ✓ W01 / V6-F01 production citation regressions > preserves an exact scoped statement and unrelated negative predicate 1ms
   ✓ W01 / V6-F01 production citation regressions > word overlap is never positive entailment: It is a myth that Atlas supports offline editing. 0ms
   ✓ W01 / V6-F01 production citation regressions > word overlap is never positive entailment: If Atlas supports offline editing, it could replace the desktop client. 0ms
   ✓ W01 / V6-F01 production citation regressions > word overlap is never positive entailment: Atlas acquired Borealis. 0ms
   ✓ W01 / V6-F01 production citation regressions > word overlap is never positive entailment: Atlas may support offline editing next year. 0ms
   ✓ W01 / V6-F01 production citation regressions > CONTROL-02 rejects unknown passage IDs 0ms
   ✓ W01 / V6-F01 production citation regressions > CONTROL-03 rejects a large numeric mismatch 0ms
   ✓ W01 / V6-F01 production citation regressions > checks ownership on claim-only citations 0ms
   ✓ W01 / V6-F01 production citation regressions > checks exact source version on claim-only citations 0ms

⎯⎯⎯⎯⎯⎯⎯ Failed Tests 3 ⎯⎯⎯⎯⎯⎯⎯

 FAIL  test/v6-publication.test.ts > W01 / V6-F01 production citation regressions > material prose cannot hide in an unmapped caveat
 FAIL  test/v6-publication.test.ts > W01 / V6-F01 production citation regressions > material prose cannot hide in an unmapped heading
AssertionError: expected false to be true // Object.is equality

- Expected
+ Received

- true
+ false

 ❯ test/v6-publication.test.ts:51:85
     49|     const args = input();
     50|     const blocks = [{ ...args.blocks[0]!, kind, claimIds: [], text: "A…
     51|     expect(citationValidationFails(validateMaterialCitations({ ...args…
       |                                                                                     ^
     52|   });
     53|   it("a claim type label cannot substitute for supporting evidence", (…

⎯⎯⎯⎯⎯⎯⎯⎯⎯⎯⎯⎯⎯⎯⎯⎯⎯⎯⎯⎯⎯⎯⎯⎯[1/3]⎯

 FAIL  test/v6-publication.test.ts > W01 / V6-F01 production citation regressions > a claim type label cannot substitute for supporting evidence
AssertionError: expected false to be true // Object.is equality

- Expected
+ Received

- true
+ false

 ❯ test/v6-publication.test.ts:57:70
     55|     args.claims[0]!.type = "limitation";
     56|     args.claims[0]!.passageIds = [];
     57|     expect(citationValidationFails(validateMaterialCitations(args))).t…
       |                                                                      ^
     58|   });
     59|   it("CONTROL-01 accepts direct matching support", () => {

⎯⎯⎯⎯⎯⎯⎯⎯⎯⎯⎯⎯⎯⎯⎯⎯⎯⎯⎯⎯⎯⎯⎯⎯[2/3]⎯


 Test Files  1 failed | 4 passed (5)
      Tests  3 failed | 74 passed (77)
   Start at  09:34:16
   Duration  1.03s (transform 643ms, setup 0ms, collect 1.19s, tests 173ms, environment 1ms, prepare 476ms)

/home/oranolio/Desktop/Deep/packages/research-core:
 ERR_PNPM_RECURSIVE_RUN_FIRST_FAIL  @deep/research-core@0.1.0 test: `vitest run --config vitest.config.ts`
Exit status 1
