
> @deep/mobile@0.1.0 typecheck /home/oranolio/Desktop/Deep/apps/mobile
> tsc -p tsconfig.json --noEmit

test/journey.test.ts(19,24): error TS2345: Argument of type 'KeyValueStore' is not assignable to parameter of type '{ cache: KeyValueStore; credentials: KeyValueStore; activate(session: LocalSession): Promise<void>; persist(session: PersistedSession): Promise<...>; hydrate(): Promise<...>; clear(): Promise<...>; }'.
  Type 'KeyValueStore' is missing the following properties from type '{ cache: KeyValueStore; credentials: KeyValueStore; activate(session: LocalSession): Promise<void>; persist(session: PersistedSession): Promise<...>; hydrate(): Promise<...>; clear(): Promise<...>; }': cache, credentials, activate, persist, and 2 more.
test/journey.test.ts(20,28): error TS2345: Argument of type 'KeyValueStore' is not assignable to parameter of type '{ cache: KeyValueStore; credentials: KeyValueStore; activate(session: LocalSession): Promise<void>; persist(session: PersistedSession): Promise<...>; hydrate(): Promise<...>; clear(): Promise<...>; }'.
  Type 'KeyValueStore' is missing the following properties from type '{ cache: KeyValueStore; credentials: KeyValueStore; activate(session: LocalSession): Promise<void>; persist(session: PersistedSession): Promise<...>; hydrate(): Promise<...>; clear(): Promise<...>; }': cache, credentials, activate, persist, and 2 more.
test/journey.test.ts(113,26): error TS2345: Argument of type 'KeyValueStore' is not assignable to parameter of type '{ cache: KeyValueStore; credentials: KeyValueStore; activate(session: LocalSession): Promise<void>; persist(session: PersistedSession): Promise<...>; hydrate(): Promise<...>; clear(): Promise<...>; }'.
  Type 'KeyValueStore' is missing the following properties from type '{ cache: KeyValueStore; credentials: KeyValueStore; activate(session: LocalSession): Promise<void>; persist(session: PersistedSession): Promise<...>; hydrate(): Promise<...>; clear(): Promise<...>; }': cache, credentials, activate, persist, and 2 more.
test/journey.test.ts(117,29): error TS2345: Argument of type 'KeyValueStore' is not assignable to parameter of type '{ cache: KeyValueStore; credentials: KeyValueStore; activate(session: LocalSession): Promise<void>; persist(session: PersistedSession): Promise<...>; hydrate(): Promise<...>; clear(): Promise<...>; }'.
  Type 'KeyValueStore' is missing the following properties from type '{ cache: KeyValueStore; credentials: KeyValueStore; activate(session: LocalSession): Promise<void>; persist(session: PersistedSession): Promise<...>; hydrate(): Promise<...>; clear(): Promise<...>; }': cache, credentials, activate, persist, and 2 more.
test/journey.test.ts(118,28): error TS2345: Argument of type 'KeyValueStore' is not assignable to parameter of type '{ cache: KeyValueStore; credentials: KeyValueStore; activate(session: LocalSession): Promise<void>; persist(session: PersistedSession): Promise<...>; hydrate(): Promise<...>; clear(): Promise<...>; }'.
  Type 'KeyValueStore' is missing the following properties from type '{ cache: KeyValueStore; credentials: KeyValueStore; activate(session: LocalSession): Promise<void>; persist(session: PersistedSession): Promise<...>; hydrate(): Promise<...>; clear(): Promise<...>; }': cache, credentials, activate, persist, and 2 more.
test/journey.test.ts(119,44): error TS2345: Argument of type 'KeyValueStore' is not assignable to parameter of type '{ cache: KeyValueStore; credentials: KeyValueStore; activate(session: LocalSession): Promise<void>; persist(session: PersistedSession): Promise<...>; hydrate(): Promise<...>; clear(): Promise<...>; }'.
  Type 'KeyValueStore' is missing the following properties from type '{ cache: KeyValueStore; credentials: KeyValueStore; activate(session: LocalSession): Promise<void>; persist(session: PersistedSession): Promise<...>; hydrate(): Promise<...>; clear(): Promise<...>; }': cache, credentials, activate, persist, and 2 more.
test/journey.test.ts(126,26): error TS2345: Argument of type 'KeyValueStore' is not assignable to parameter of type '{ cache: KeyValueStore; credentials: KeyValueStore; activate(session: LocalSession): Promise<void>; persist(session: PersistedSession): Promise<...>; hydrate(): Promise<...>; clear(): Promise<...>; }'.
  Type 'KeyValueStore' is missing the following properties from type '{ cache: KeyValueStore; credentials: KeyValueStore; activate(session: LocalSession): Promise<void>; persist(session: PersistedSession): Promise<...>; hydrate(): Promise<...>; clear(): Promise<...>; }': cache, credentials, activate, persist, and 2 more.
test/journey.test.ts(135,30): error TS2554: Expected 1 arguments, but got 2.
test/journey.test.ts(136,44): error TS2345: Argument of type 'KeyValueStore' is not assignable to parameter of type '{ cache: KeyValueStore; credentials: KeyValueStore; activate(session: LocalSession): Promise<void>; persist(session: PersistedSession): Promise<...>; hydrate(): Promise<...>; clear(): Promise<...>; }'.
  Type 'KeyValueStore' is missing the following properties from type '{ cache: KeyValueStore; credentials: KeyValueStore; activate(session: LocalSession): Promise<void>; persist(session: PersistedSession): Promise<...>; hydrate(): Promise<...>; clear(): Promise<...>; }': cache, credentials, activate, persist, and 2 more.
test/lifecycle.test.ts(31,26): error TS2345: Argument of type 'KeyValueStore' is not assignable to parameter of type '{ cache: KeyValueStore; credentials: KeyValueStore; activate(session: LocalSession): Promise<void>; persist(session: PersistedSession): Promise<...>; hydrate(): Promise<...>; clear(): Promise<...>; }'.
  Type 'KeyValueStore' is missing the following properties from type '{ cache: KeyValueStore; credentials: KeyValueStore; activate(session: LocalSession): Promise<void>; persist(session: PersistedSession): Promise<...>; hydrate(): Promise<...>; clear(): Promise<...>; }': cache, credentials, activate, persist, and 2 more.
test/lifecycle.test.ts(35,44): error TS2345: Argument of type 'KeyValueStore' is not assignable to parameter of type '{ cache: KeyValueStore; credentials: KeyValueStore; activate(session: LocalSession): Promise<void>; persist(session: PersistedSession): Promise<...>; hydrate(): Promise<...>; clear(): Promise<...>; }'.
  Type 'KeyValueStore' is missing the following properties from type '{ cache: KeyValueStore; credentials: KeyValueStore; activate(session: LocalSession): Promise<void>; persist(session: PersistedSession): Promise<...>; hydrate(): Promise<...>; clear(): Promise<...>; }': cache, credentials, activate, persist, and 2 more.
test/lifecycle.test.ts(50,26): error TS2345: Argument of type 'KeyValueStore' is not assignable to parameter of type '{ cache: KeyValueStore; credentials: KeyValueStore; activate(session: LocalSession): Promise<void>; persist(session: PersistedSession): Promise<...>; hydrate(): Promise<...>; clear(): Promise<...>; }'.
  Type 'KeyValueStore' is missing the following properties from type '{ cache: KeyValueStore; credentials: KeyValueStore; activate(session: LocalSession): Promise<void>; persist(session: PersistedSession): Promise<...>; hydrate(): Promise<...>; clear(): Promise<...>; }': cache, credentials, activate, persist, and 2 more.
test/lifecycle.test.ts(51,26): error TS2345: Argument of type 'KeyValueStore' is not assignable to parameter of type '{ cache: KeyValueStore; credentials: KeyValueStore; activate(session: LocalSession): Promise<void>; persist(session: PersistedSession): Promise<...>; hydrate(): Promise<...>; clear(): Promise<...>; }'.
  Type 'KeyValueStore' is missing the following properties from type '{ cache: KeyValueStore; credentials: KeyValueStore; activate(session: LocalSession): Promise<void>; persist(session: PersistedSession): Promise<...>; hydrate(): Promise<...>; clear(): Promise<...>; }': cache, credentials, activate, persist, and 2 more.
test/lifecycle.test.ts(53,44): error TS2345: Argument of type 'KeyValueStore' is not assignable to parameter of type '{ cache: KeyValueStore; credentials: KeyValueStore; activate(session: LocalSession): Promise<void>; persist(session: PersistedSession): Promise<...>; hydrate(): Promise<...>; clear(): Promise<...>; }'.
  Type 'KeyValueStore' is missing the following properties from type '{ cache: KeyValueStore; credentials: KeyValueStore; activate(session: LocalSession): Promise<void>; persist(session: PersistedSession): Promise<...>; hydrate(): Promise<...>; clear(): Promise<...>; }': cache, credentials, activate, persist, and 2 more.
test/lifecycle.test.ts(59,44): error TS2345: Argument of type 'KeyValueStore' is not assignable to parameter of type '{ cache: KeyValueStore; credentials: KeyValueStore; activate(session: LocalSession): Promise<void>; persist(session: PersistedSession): Promise<...>; hydrate(): Promise<...>; clear(): Promise<...>; }'.
  Type 'KeyValueStore' is missing the following properties from type '{ cache: KeyValueStore; credentials: KeyValueStore; activate(session: LocalSession): Promise<void>; persist(session: PersistedSession): Promise<...>; hydrate(): Promise<...>; clear(): Promise<...>; }': cache, credentials, activate, persist, and 2 more.
/home/oranolio/Desktop/Deep/apps/mobile:
 ERR_PNPM_RECURSIVE_RUN_FIRST_FAIL  @deep/mobile@0.1.0 typecheck: `tsc -p tsconfig.json --noEmit`
Exit status 2
