
> @deep/research-core@0.1.0 test /home/oranolio/Desktop/Deep/packages/research-core
> vitest run --config vitest.config.ts


 RUN  v3.2.7 /home/oranolio/Desktop/Deep/packages/research-core

 ✓ test/policy.test.ts (8 tests) 20ms
 ✓ test/adaptive-loop.test.ts (13 tests) 47ms
 ✓ test/p1-p2.test.ts (24 tests) 52ms
 ✓ test/admission.test.ts (10 tests) 15ms
 ❯ test/v6-publication.test.ts (18 tests | 4 failed) 21ms
   ✓ W01 / V6-F01 production citation regressions > PROBE-01 rejects negated support 4ms
   ✓ W01 / V6-F01 production citation regressions > PROBE-02 compares whole numbers including single digits 1ms
   ✓ W01 / V6-F01 production citation regressions > PROBE-03 propagates failure through the report wrapper 2ms
   ✓ W01 / V6-F01 production citation regressions > PROBE-04 propagates failure through the report wrapper 1ms
   ✓ W01 / V6-F01 production citation regressions > PROBE-05 rejects unknown claim binding 0ms
   ✓ W01 / V6-F01 production citation regressions > PROBE-06 rejects unmapped material prose 0ms
   ✓ W01 / V6-F01 production citation regressions > rejects an extra unsupported assertion hidden behind one valid claim mapping 0ms
   ✓ W01 / V6-F01 production citation regressions > rejects duplicate claim identities with competing texts 0ms
   ✓ W01 / V6-F01 production citation regressions > CONTROL-01 accepts direct matching support 0ms
   ✓ W01 / V6-F01 production citation regressions > preserves an exact scoped statement and unrelated negative predicate 0ms
   × W01 / V6-F01 production citation regressions > word overlap is never positive entailment: It is a myth that Atlas supports offline editing. 7ms
     → expected 'supports' not to be 'supports' // Object.is equality
   × W01 / V6-F01 production citation regressions > word overlap is never positive entailment: If Atlas supports offline editing, it could replace the desktop client. 1ms
     → expected 'supports' not to be 'supports' // Object.is equality
   × W01 / V6-F01 production citation regressions > word overlap is never positive entailment: Atlas acquired Borealis. 1ms
     → expected 'supports' not to be 'supports' // Object.is equality
   × W01 / V6-F01 production citation regressions > word overlap is never positive entailment: Atlas may support offline editing next year. 1ms
     → expected 'supports' not to be 'supports' // Object.is equality
   ✓ W01 / V6-F01 production citation regressions > CONTROL-02 rejects unknown passage IDs 0ms
   ✓ W01 / V6-F01 production citation regressions > CONTROL-03 rejects a large numeric mismatch 0ms
   ✓ W01 / V6-F01 production citation regressions > checks ownership on claim-only citations 0ms
   ✓ W01 / V6-F01 production citation regressions > checks exact source version on claim-only citations 0ms

⎯⎯⎯⎯⎯⎯⎯ Failed Tests 4 ⎯⎯⎯⎯⎯⎯⎯

 FAIL  test/v6-publication.test.ts > W01 / V6-F01 production citation regressions > word overlap is never positive entailment: It is a myth that Atlas supports offline editing.
 FAIL  test/v6-publication.test.ts > W01 / V6-F01 production citation regressions > word overlap is never positive entailment: If Atlas supports offline editing, it could replace the desktop client.
 FAIL  test/v6-publication.test.ts > W01 / V6-F01 production citation regressions > word overlap is never positive entailment: Atlas acquired Borealis.
 FAIL  test/v6-publication.test.ts > W01 / V6-F01 production citation regressions > word overlap is never positive entailment: Atlas may support offline editing next year.
AssertionError: expected 'supports' not to be 'supports' // Object.is equality
 ❯ test/v6-publication.test.ts:62:54
     60|     ["Atlas may support offline editing next year.", "Atlas supports o…
     61|   ])("word overlap is never positive entailment: %s", (passage, claim)…
     62|     expect(passageSupportsClaim(passage, claim)).not.toBe("supports");
       |                                                      ^
     63|   });
     64|   it("CONTROL-02 rejects unknown passage IDs", () => {

⎯⎯⎯⎯⎯⎯⎯⎯⎯⎯⎯⎯⎯⎯⎯⎯⎯⎯⎯⎯⎯⎯⎯⎯[1/4]⎯


 Test Files  1 failed | 4 passed (5)
      Tests  4 failed | 69 passed (73)
   Start at  09:29:01
   Duration  995ms (transform 625ms, setup 0ms, collect 1.21s, tests 156ms, environment 1ms, prepare 487ms)

/home/oranolio/Desktop/Deep/packages/research-core:
 ERR_PNPM_RECURSIVE_RUN_FIRST_FAIL  @deep/research-core@0.1.0 test: `vitest run --config vitest.config.ts`
Exit status 1
