
> @deep/backend@0.1.0 test:extraction /home/oranolio/Desktop/Deep/apps/backend
> vitest run --config vitest.extraction.config.ts


 RUN  v3.2.7 /home/oranolio/Desktop/Deep/apps/backend

 ❯ test/document-flow.extraction.test.ts (3 tests | 3 failed) 5289ms
   × W04 real API/worker persists PDF bytes, page locators and limitations; source inspection and deletion use the same records 322ms
     → expected 401 to be 200 // Object.is equality
   × W04 cancel after actual parsing prevents late result persistence 2257ms
     → expected [Function] to throw error including 'stale_worker' but got 'expected 401 to be 200 // Object.is e…'
   × W04 delete after actual parsing prevents late result persistence 2283ms
     → expected [Function] to throw error including 'stale_worker' but got 'expected 401 to be 200 // Object.is e…'
 ✓ test/html.extraction.test.ts (3 tests) 20939ms
   ✓ W04 real isolated parser over supplied synthetic bytes > preserves all decisive spans and exact byte digests  15323ms
   ✓ W04 real isolated parser over supplied synthetic bytes > handles actual plain text and preserves table spans without executing script  3546ms
   ✓ W04 real isolated parser over supplied synthetic bytes > does not label PDF bytes as parsed text  2052ms
 ✓ test/pdf.extraction.test.ts (2 tests) 6958ms
   ✓ W04 parses original digital PDF bytes into page-bound text with honest layout limitations  1742ms
   ✓ W04 empty, malformed and pasted PDF inputs cannot manufacture documentary support  5206ms

⎯⎯⎯⎯⎯⎯⎯ Failed Tests 3 ⎯⎯⎯⎯⎯⎯⎯

 FAIL  test/document-flow.extraction.test.ts > W04 real API/worker persists PDF bytes, page locators and limitations; source inspection and deletion use the same records
AssertionError: expected 401 to be 200 // Object.is equality

- Expected
+ Received

- 200
+ 401

 ❯ setup test/document-flow.extraction.test.ts:25:116
     23|   const session = (await app.inject({ method: "POST", url: "/v1/dev/se…
     24|   const headers = { authorization: `Bearer ${session.token}` };
     25|   expect((await app.inject({ method: "POST", url: "/v1/consent", heade…
       |                                                                                                                    ^
     26|   const bytes = await readFile(new URL("./fixtures/documents/digital-s…
     27|   const uploaded = await app.inject({ method: "POST", url: "/v1/attach…
 ❯ test/document-flow.extraction.test.ts:37:16

⎯⎯⎯⎯⎯⎯⎯⎯⎯⎯⎯⎯⎯⎯⎯⎯⎯⎯⎯⎯⎯⎯⎯⎯[1/3]⎯

 FAIL  test/document-flow.extraction.test.ts > W04 cancel after actual parsing prevents late result persistence
 FAIL  test/document-flow.extraction.test.ts > W04 delete after actual parsing prevents late result persistence
AssertionError: expected [Function] to throw error including 'stale_worker' but got 'expected 401 to be 200 // Object.is e…'

Expected: "stale_worker"
Received: "expected 401 to be 200 // Object.is equality"

 ❯ test/document-flow.extraction.test.ts:61:5
     59|   let writes = 0;
     60|   try {
     61|     await expect(ingestAttachments(pool, run, brief, { ...session, wri…
       |     ^
     62|       if (++writes === 2) {
     63|         const result = await app.inject({ method: "POST", url: action …

⎯⎯⎯⎯⎯⎯⎯⎯⎯⎯⎯⎯⎯⎯⎯⎯⎯⎯⎯⎯⎯⎯⎯⎯[2/3]⎯


 Test Files  1 failed | 2 passed (3)
      Tests  3 failed | 5 passed (8)
   Start at  11:07:57
   Duration  39.07s (transform 2.06s, setup 0ms, collect 3.61s, tests 33.19s, environment 1ms, prepare 784ms)

/home/oranolio/Desktop/Deep/apps/backend:
 ERR_PNPM_RECURSIVE_RUN_FIRST_FAIL  @deep/backend@0.1.0 test:extraction: `vitest run --config vitest.extraction.config.ts`
Exit status 1
