
> @deep/backend@0.1.0 test:extraction /home/oranolio/Desktop/Deep/apps/backend
> vitest run --config vitest.extraction.config.ts


 RUN  v3.2.7 /home/oranolio/Desktop/Deep/apps/backend

 ❯ test/document-flow.extraction.test.ts (3 tests | 3 failed) 249ms
   × W04 real API/worker persists PDF bytes, page locators and limitations; source inspection and deletion use the same records 48ms
     → expected 403 to be 200 // Object.is equality
   × W04 cancel after actual parsing prevents late result persistence 13ms
     → expected 403 to be 200 // Object.is equality
   × W04 delete after actual parsing prevents late result persistence 14ms
     → expected 403 to be 200 // Object.is equality
 ✓ test/html.extraction.test.ts (3 tests) 8578ms
   ✓ W04 real isolated parser over supplied synthetic bytes > preserves all decisive spans and exact byte digests  5772ms
   ✓ W04 real isolated parser over supplied synthetic bytes > handles actual plain text and preserves table spans without executing script  1914ms
   ✓ W04 real isolated parser over supplied synthetic bytes > does not label PDF bytes as parsed text  890ms
 ✓ test/pdf.extraction.test.ts (2 tests) 4389ms
   ✓ W04 parses original digital PDF bytes into page-bound text with honest layout limitations  960ms
   ✓ W04 empty, malformed and pasted PDF inputs cannot manufacture documentary support  3427ms

⎯⎯⎯⎯⎯⎯⎯ Failed Tests 3 ⎯⎯⎯⎯⎯⎯⎯

 FAIL  test/document-flow.extraction.test.ts > W04 real API/worker persists PDF bytes, page locators and limitations; source inspection and deletion use the same records
AssertionError: expected 403 to be 200 // Object.is equality

- Expected
+ Received

- 200
+ 403

 ❯ setup test/document-flow.extraction.test.ts:33:31
     31|   const response = await app.inject({ method: "POST", url: "/v1/runs",…
     32|     payload: { question: "What does the supplied Ardent field note say…
     33|   expect(response.statusCode).toBe(200);
       |                               ^
     34|   return { accountId: session.accountId, headers, attachmentId, runId:…
     35| }
 ❯ test/document-flow.extraction.test.ts:37:16

⎯⎯⎯⎯⎯⎯⎯⎯⎯⎯⎯⎯⎯⎯⎯⎯⎯⎯⎯⎯⎯⎯⎯⎯[1/3]⎯

 FAIL  test/document-flow.extraction.test.ts > W04 cancel after actual parsing prevents late result persistence
 FAIL  test/document-flow.extraction.test.ts > W04 delete after actual parsing prevents late result persistence
AssertionError: expected 403 to be 200 // Object.is equality

- Expected
+ Received

- 200
+ 403

 ❯ setup test/document-flow.extraction.test.ts:33:31
     31|   const response = await app.inject({ method: "POST", url: "/v1/runs",…
     32|     payload: { question: "What does the supplied Ardent field note say…
     33|   expect(response.statusCode).toBe(200);
       |                               ^
     34|   return { accountId: session.accountId, headers, attachmentId, runId:…
     35| }
 ❯ test/document-flow.extraction.test.ts:55:16

⎯⎯⎯⎯⎯⎯⎯⎯⎯⎯⎯⎯⎯⎯⎯⎯⎯⎯⎯⎯⎯⎯⎯⎯[2/3]⎯


 Test Files  1 failed | 2 passed (3)
      Tests  3 failed | 5 passed (8)
   Start at  11:07:24
   Duration  14.72s (transform 474ms, setup 0ms, collect 838ms, tests 13.22s, environment 1ms, prepare 239ms)

/home/oranolio/Desktop/Deep/apps/backend:
 ERR_PNPM_RECURSIVE_RUN_FIRST_FAIL  @deep/backend@0.1.0 test:extraction: `vitest run --config vitest.extraction.config.ts`
Exit status 1
