
 RUN  v3.2.7 /home/oranolio/Desktop/Deep/apps/backend

 ❯ test/v6-execution.integration.test.ts (12 tests | 3 failed) 540ms
   ✓ W02 real PostgreSQL execution boundaries > A08 concurrent reservations cannot exceed one project bucket; unknown attempts are not resent 89ms
   × W02 real PostgreSQL execution boundaries > A08 run cap blocks concurrent calls despite a larger project cap 65ms
     → expected [ { status: 'fulfilled', …(1) }, …(1) ] to have a length of 1 but got 2
   × W02 real PostgreSQL execution boundaries > A08 issuance requires an active account allowance reservation 30ms
     → promise resolved "{ …(2) }" instead of rejecting
   × W02 real PostgreSQL execution boundaries > A09 unknown provider outcome retains allowance until an actual receipt; repeated settlement is idempotent 36ms
     → expected 'settled' to be 'reserved' // Object.is equality
   ✓ W02 real PostgreSQL execution boundaries > A14 a stale session cannot mutate the active run 30ms
   ✓ W02 real PostgreSQL execution boundaries > A43 concurrent conflicting idempotency reuse accepts one full request 35ms
   ✓ W02 real PostgreSQL execution boundaries > A43 identical concurrent admission reserves and dispatches only once 30ms
   ✓ W02 real PostgreSQL execution boundaries > A24 wrong-owner parent is denied before admission 33ms
   ✓ W02 real PostgreSQL execution boundaries > A13 two connections starting together cannot acquire the same live lease 22ms
   ✓ W02 real PostgreSQL execution boundaries > A14 expired owner cannot renew after takeover 26ms
   ✓ W02 real PostgreSQL execution boundaries > A11 admission remains dispatchable after commit without contacting queue 33ms
   ✓ W02 real PostgreSQL execution boundaries > A12 queue failure preserves pending admission for retry 21ms

⎯⎯⎯⎯⎯⎯⎯ Failed Tests 3 ⎯⎯⎯⎯⎯⎯⎯

 FAIL  test/v6-execution.integration.test.ts > W02 real PostgreSQL execution boundaries > A08 run cap blocks concurrent calls despite a larger project cap
AssertionError: expected [ { status: 'fulfilled', …(1) }, …(1) ] to have a length of 1 but got 2

- Expected
+ Received

- 1
+ 2

 ❯ test/v6-execution.integration.test.ts:87:61
     85|     const base = { runId, fence, briefRevision: 1, kind: "search", rou…
     86|     const results = await Promise.allSettled([reserveLiveAttempt(pool,…
     87|     expect(results.filter((r) => r.status === "fulfilled")).toHaveLeng…
       |                                                             ^
     88|     expect((results.find((r) => r.status === "rejected") as PromiseRej…
     89|   }));
 ❯ runCase test/v6-execution.integration.test.ts:44:5

⎯⎯⎯⎯⎯⎯⎯⎯⎯⎯⎯⎯⎯⎯⎯⎯⎯⎯⎯⎯⎯⎯⎯⎯[1/3]⎯

 FAIL  test/v6-execution.integration.test.ts > W02 real PostgreSQL execution boundaries > A08 issuance requires an active account allowance reservation
AssertionError: promise resolved "{ …(2) }" instead of rejecting

- Expected
+ Received

- Error {
-   "message": "rejected promise",
+ {
+   "intentId": "e3bf6388-ac06-4462-9499-f679aef95e28",
+   "issue": true,
  }

 ❯ test/v6-execution.integration.test.ts:93:193

 ❯ runCase test/v6-execution.integration.test.ts:44:5

⎯⎯⎯⎯⎯⎯⎯⎯⎯⎯⎯⎯⎯⎯⎯⎯⎯⎯⎯⎯⎯⎯⎯⎯[2/3]⎯

 FAIL  test/v6-execution.integration.test.ts > W02 real PostgreSQL execution boundaries > A09 unknown provider outcome retains allowance until an actual receipt; repeated settlement is idempotent
AssertionError: expected 'settled' to be 'reserved' // Object.is equality

Expected: "reserved"
Received: "settled"

 ❯ test/v6-execution.integration.test.ts:104:32
    102|     await withTx(pool, (db) => settleRun(db, accountId, runId, 0));
    103|     const held = await pool.query("SELECT state FROM reservations WHER…
    104|     expect(held.rows[0].state).toBe("reserved");
       |                                ^
    105|     const allowance = await pool.query("SELECT reserved_micro, settled…
    106|     expect(allowance.rows[0]).toEqual({ reserved_micro: "100000", sett…
 ❯ runCase test/v6-execution.integration.test.ts:44:5

⎯⎯⎯⎯⎯⎯⎯⎯⎯⎯⎯⎯⎯⎯⎯⎯⎯⎯⎯⎯⎯⎯⎯⎯[3/3]⎯


 Test Files  1 failed (1)
      Tests  3 failed | 9 passed (12)
   Start at  11:46:44
   Duration  1.27s (transform 326ms, setup 0ms, collect 516ms, tests 540ms, environment 0ms, prepare 71ms)

undefined
/home/oranolio/Desktop/Deep/apps/backend:
 ERR_PNPM_RECURSIVE_EXEC_FIRST_FAIL  Command failed with exit code 1: vitest run --config vitest.integration.config.ts test/v6-execution.integration.test.ts
