
 RUN  v3.2.7 /home/oranolio/Desktop/Deep/apps/backend

 ❯ test/model-gateway.integration.test.ts (96 tests | 6 failed) 66518ms
   ✓ W05 durable model gateway on real PostgreSQL > records an issued reservation before network and reuses a stored validated result without another call 189ms
   ✓ W05 durable model gateway on real PostgreSQL > does not resend an unknown external outcome 117ms
   ✓ W05 durable model gateway on real PostgreSQL > invalid question provenance is persisted as invalid_output, never as a usable brief 128ms
   ✓ W05 durable model gateway on real PostgreSQL > revalidates evidence basis and never reuses an older revision's result 195ms
   ✓ W05 durable model gateway on real PostgreSQL > rejects other-account evidence before spending 206ms
   ✓ W05 durable model gateway on real PostgreSQL > incurred cost survives delete but a late model result cannot persist 271ms
   ✓ W05 durable model gateway on real PostgreSQL > incurred cost survives takeover but a late model result cannot persist 163ms
   ✓ W05 durable model gateway on real PostgreSQL > requires the current downstream-processor consent before dispatch 69ms
   ✓ W05 durable model gateway on real PostgreSQL > does not issue two calls when identical model requests race 135ms
   ✓ W05 durable model gateway on real PostgreSQL > deletion removes a completed model result 136ms
   ✓ W05 durable model gateway on real PostgreSQL > rejects a corrupted cached receipt instead of inventing a validated result 141ms
   ✓ W05 durable versioned research task > allocates stable server IDs and reuses the task after evidence arrival without model spend 185ms
   ✓ W05 durable versioned research task > adopts already recorded valid output after a crash, including after evidence revision changes 144ms
   ✓ W05 durable versioned research task > does not promote material ambiguity to a ready task 136ms
   ✓ W05 durable versioned research task > does not create a task from invalid output or resend its failed logical attempt 168ms
   ✓ W05 durable versioned research task > rejects wrong owner and stale brief revision, without another provider call 158ms
   ✓ W05 durable versioned research task > rejects corrupted criteria and receipt bindings instead of silently regenerating them 191ms
   ✓ W05 durable versioned research task > concurrent preparation converges on one task and one issued provider call 269ms
   ✓ W05 durable versioned research task > allocates distinct task identities for identical questions in separate accounts  331ms
   ✓ W05 durable versioned research task > does not silently use a task after its original question changes 175ms
   ✓ W05 durable versioned research task > purges criteria, questions and original question digests during account deletion  327ms
   ✓ W05 evidence-bound arbitrary assertion extraction > executes general extraction, records selected version/digest/access and reuses the exact result  570ms
   ✓ W05 evidence-bound arbitrary assertion extraction > retains all selected passages even when output has no assertions  646ms
   ✓ W05 evidence-bound arbitrary assertion extraction > rejects an invented evidence binding instead of creating assertions  355ms
   ✓ W05 evidence-bound arbitrary assertion extraction > rejects wrong-task, missing passage and duplicate selection before dispatch 213ms
   ✓ W05 evidence-bound arbitrary assertion extraction > rejects another account's actual passage before any extraction request  348ms
   ✓ W05 evidence-bound arbitrary assertion extraction > does not silently prefix-truncate an oversized passage 191ms
   ✓ W05 evidence-bound arbitrary assertion extraction > rejects stale source digests and corrupted input manifests  324ms
   ✓ W05 evidence-bound arbitrary assertion extraction > discards late extraction after evidence changes but retains actual cost 266ms
   ✓ W05 substantive support execution and persisted revisions > performs and stores scoped checks with stable claim revisions on replay  716ms
   ✓ W05 substantive support execution and persisted revisions > persists a deterministic veto when the model approves changed units  397ms
   ✓ W05 substantive support execution and persisted revisions > records uncertainty instead of turning missing evidence into full support  422ms
   ✓ W05 substantive support execution and persisted revisions > rejects missing bindings without a support record  329ms
   ✓ W05 substantive support execution and persisted revisions > denies a foreign extraction result before spending 211ms
   ✓ W05 substantive support execution and persisted revisions > rejects changed evidence basis instead of checking old assertions as current 252ms
   ✓ W05 substantive support execution and persisted revisions > does not reuse corrupted claim revisions or support receipts  678ms
   ✓ W05 substantive support execution and persisted revisions > purges scoped assertions and support results on deletion  467ms
   ✓ W01/W05 scoped support at the real publication gate > publishes a checked paraphrase and preserves canonical assertion identity on reopen  561ms
   ✓ W01/W05 scoped support at the real publication gate > does not fall back to literal support when a managed assertion is partial  660ms
   ✓ W01/W05 scoped support at the real publication gate > rejects stale support even if the caller updates the report's revision  413ms
   ✓ W01/W05 scoped support at the real publication gate > rejects altered assertion text and unmapped extra prose  548ms
   ✓ W01/W05 scoped support at the real publication gate > rejects a missing stored check despite a caller-supplied approval object  461ms
   ✓ W01/W05 scoped support at the real publication gate > refuses corrupted persisted checks instead of trusting an approval flag  672ms
   ✓ W05 generic writer, exact final wording and canonical publication > writes changed prose, checks it separately, publishes and reopens its premise lineage  2533ms
   ✓ W05 generic writer, exact final wording and canonical publication > keeps supported synthesis while blocking a made-up heading, paragraph and limitation  2476ms
   ✓ W05 generic writer, exact final wording and canonical publication > reuses a durable draft after restart without another writer request  1154ms
   ✓ W05 generic writer, exact final wording and canonical publication > rejects invented premise keys and publishes no report  592ms
   ✓ W05 generic writer, exact final wording and canonical publication > blocks an oversized final assertion set without truncation or a second paid attempt  803ms
   ✓ W05 generic writer, exact final wording and canonical publication > rejects draft self-reference before dispatch  772ms
   ✓ W05 generic writer, exact final wording and canonical publication > purges drafts and composed claim text on account deletion  2464ms
   ✓ W05 generic writer, exact final wording and canonical publication > adds a new checker result without overwriting an older version or paying again  568ms
   ✓ W05 durable criterion coverage review > executes review once, stores exact claim revisions and revalidates replay  1142ms
   ✓ W05 durable criterion coverage review > vetoes supported coverage when named assertions failed substantive checks  625ms
   ✓ W05 durable criterion coverage review > rejects missing question reviews without recording coverage  514ms
   ✓ W05 durable criterion coverage review > rejects changed evidence before saving coverage while retaining cost  507ms
   ✓ W05 durable criterion coverage review > purges saved coverage on account deletion  623ms
   ✓ W05 report completion requires exact final coverage > completes and reopens a report only after final assertion coverage executes  5186ms
   ✓ W05 report completion requires exact final coverage > does not publish when the required review returns invalid output  1297ms
   ✓ W05 publication rejects a forged complete outcome without a review while preserving limited publication  602ms
   ✓ W05 structured services through production processRun > runs arbitrary evidence through criteria, extraction, substantive checks and cited publication  3445ms
   ✓ W05 structured services through production processRun > does not turn a failed assertion into a verified event or template report  1236ms
   ✓ W05 structured services through production processRun > keeps unavailable discovery explicit without fixture source injection 296ms
   ✓ W05 structured writing pause supports resume without repeating evidence work  4007ms
   ✓ W05 structured writing pause supports cancel without repeating evidence work  1252ms
   ✓ W02/W05 durable pinned public discovery > pins engine/provider and reuses saved results even after unrelated evidence arrives 239ms
   ✓ W02/W05 durable pinned public discovery > holds unknown outcomes without repeating a request after evidence changes 186ms
   ✓ W02/W05 durable pinned public discovery > rejects transformed private words and foreign task ownership before dispatch 98ms
   ✓ W02/W05 durable pinned public discovery > revalidates saved receipt and purges discovery output on deletion 169ms
   ✓ W02/W05 durable pinned public discovery > concurrent same-query attempts issue once without holding database locks during HTTP 177ms
   ✓ W02/W05 durable pinned public discovery > late deletion retains actual cost but discards search content  311ms
   ✓ W03/W05 old processor consent cannot issue pinned discovery 171ms
   ✓ W03/W05 mixed document tasks require explicit public-query approval 159ms
   ✓ W04/W05 durable discovered source reading > persists read provenance once and reuses the exact version  519ms
   ✓ W04/W05 durable discovered source reading > rejects unknown source handles and invalid question bindings before network  341ms
   ✓ W04/W05 durable discovered source reading > does not repeat an in-flight read or hold database locks during it 271ms
   ✓ W04/W05 durable discovered source reading > discards late content after delete 203ms
   ✓ W04/W05 durable discovered source reading > discards late content after change 177ms
   ✓ W04/W05 durable discovered source reading > production worker reads discovered evidence; readable=true  3048ms
   ✓ W04/W05 durable discovered source reading > production worker reads discovered evidence; readable=false  409ms
   × W05 unresolved criteria trigger a distinct public query and rechecked synthesis 1122ms
     → column i.actual_micro does not exist
   ✓ W02/W05 concurrent distinct searches obey the durable per-run query ceiling 280ms
   ✓ W06 immutable correction evidence membership > reuses exact passage/version identities but recomputes child claims through production worker  3476ms
   ✓ W06 immutable correction evidence membership > concurrent identical corrections admit one child, allowance and outbox 90ms
   ✓ W06 immutable correction evidence membership > refresh does not inherit old evidence and foreign ownership cannot grant membership 111ms
   ✓ W06 immutable correction evidence membership > changed source digests revoke membership visibility and account deletion purges it 105ms
   ✓ W06 a corrupt cross-account membership cannot expose foreign passages 120ms
   ✓ W06 fresh cited versions change evidence without claiming changed assertion wording  4291ms
   ✓ W06 missing parent publication cannot produce an unchanged comparison  2314ms
   ✓ W05 production executor has no diagnostic fallback > disabled structured processing records unresolved failure without issuing provider work 45ms
   ✓ W05 production executor has no diagnostic fallback > production entrypoint does not execute a queued fixture even when handed development config 29ms
   × W05 executed scope comparisons > persists exact revisions and reuses the result without a provider call; writer receives it 401ms
     → column i.actual_micro does not exist
   ✓ W05 executed scope comparisons > rejects foreign owners, wrong revisions, unknown targets and extra authority  408ms
   × W05 executed scope comparisons > corrupt comparison output cannot be reused or passed to the writer 361ms
     → column i.actual_micro does not exist
   × W05 executed scope comparisons > changed claim revision invalidates a comparison and deletion removes derived records 360ms
     → column i.actual_micro does not exist
   × W05 concurrent scope comparison execution produces one durable result 444ms
     → column i.actual_micro does not exist
   × W02/W05 unknown prior writer attempt blocks a context upgrade without releasing its hold 337ms
     → column i.actual_micro does not exist

⎯⎯⎯⎯⎯⎯⎯ Failed Tests 6 ⎯⎯⎯⎯⎯⎯⎯

 FAIL  test/model-gateway.integration.test.ts > W05 unresolved criteria trigger a distinct public query and rechecked synthesis
error: column i.actual_micro does not exist
 ❯ ../../node_modules/pg/lib/client.js:694:17
 ❯ persistScopeComparison src/modules/scope-comparisons.ts:39:23
     37|   if(requireStored)throw new Error("missing_stored_scope_comparison");
     38|   // Adding comparison context must not turn an older unknown writer c…
     39|   const unknownWriter=await db.query(`SELECT i.id FROM run_actions a J…
       |                       ^
     40|     LEFT JOIN model_operation_results m ON m.intent_id=i.id
     41|     WHERE a.run_id=$1 AND a.brief_revision=$2 AND a.kind='write_report'
 ❯ withTx src/platform/db.ts:33:20
 ❯ processStructuredResearch src/worker/structured-research.ts:78:24
 ❯ src/worker/executor.ts:24:5
 ❯ executeLeasedRun src/worker/run-lifecycle.ts:25:5
 ❯ processRun src/worker/executor.ts:13:3
 ❯ test/model-gateway.integration.test.ts:881:2
 ❯ runCase test/model-gateway.integration.test.ts:55:9

⎯⎯⎯⎯⎯⎯⎯⎯⎯⎯⎯⎯⎯⎯⎯⎯⎯⎯⎯⎯⎯⎯⎯⎯[1/6]⎯

 FAIL  test/model-gateway.integration.test.ts > W05 executed scope comparisons > persists exact revisions and reuses the result without a provider call; writer receives it
error: column i.actual_micro does not exist
 ❯ ../../node_modules/pg/lib/client.js:694:17
 ❯ persistScopeComparison src/modules/scope-comparisons.ts:39:23
     37|   if(requireStored)throw new Error("missing_stored_scope_comparison");
     38|   // Adding comparison context must not turn an older unknown writer c…
     39|   const unknownWriter=await db.query(`SELECT i.id FROM run_actions a J…
       |                       ^
     40|     LEFT JOIN model_operation_results m ON m.intent_id=i.id
     41|     WHERE a.run_id=$1 AND a.brief_revision=$2 AND a.kind='write_report'
 ❯ withTx src/platform/db.ts:33:20
 ❯ test/model-gateway.integration.test.ts:1005:16
 ❯ runCase test/model-gateway.integration.test.ts:55:9

⎯⎯⎯⎯⎯⎯⎯⎯⎯⎯⎯⎯⎯⎯⎯⎯⎯⎯⎯⎯⎯⎯⎯⎯[2/6]⎯

 FAIL  test/model-gateway.integration.test.ts > W05 executed scope comparisons > corrupt comparison output cannot be reused or passed to the writer
error: column i.actual_micro does not exist
 ❯ ../../node_modules/pg/lib/client.js:694:17
 ❯ persistScopeComparison src/modules/scope-comparisons.ts:39:23
     37|   if(requireStored)throw new Error("missing_stored_scope_comparison");
     38|   // Adding comparison context must not turn an older unknown writer c…
     39|   const unknownWriter=await db.query(`SELECT i.id FROM run_actions a J…
       |                       ^
     40|     LEFT JOIN model_operation_results m ON m.intent_id=i.id
     41|     WHERE a.run_id=$1 AND a.brief_revision=$2 AND a.kind='write_report'
 ❯ withTx src/platform/db.ts:33:20
 ❯ test/model-gateway.integration.test.ts:1022:35
 ❯ runCase test/model-gateway.integration.test.ts:55:9

⎯⎯⎯⎯⎯⎯⎯⎯⎯⎯⎯⎯⎯⎯⎯⎯⎯⎯⎯⎯⎯⎯⎯⎯[3/6]⎯

 FAIL  test/model-gateway.integration.test.ts > W05 executed scope comparisons > changed claim revision invalidates a comparison and deletion removes derived records
error: column i.actual_micro does not exist
 ❯ ../../node_modules/pg/lib/client.js:694:17
 ❯ persistScopeComparison src/modules/scope-comparisons.ts:39:23
     37|   if(requireStored)throw new Error("missing_stored_scope_comparison");
     38|   // Adding comparison context must not turn an older unknown writer c…
     39|   const unknownWriter=await db.query(`SELECT i.id FROM run_actions a J…
       |                       ^
     40|     LEFT JOIN model_operation_results m ON m.intent_id=i.id
     41|     WHERE a.run_id=$1 AND a.brief_revision=$2 AND a.kind='write_report'
 ❯ withTx src/platform/db.ts:33:20
 ❯ test/model-gateway.integration.test.ts:1028:35
 ❯ runCase test/model-gateway.integration.test.ts:55:9

⎯⎯⎯⎯⎯⎯⎯⎯⎯⎯⎯⎯⎯⎯⎯⎯⎯⎯⎯⎯⎯⎯⎯⎯[4/6]⎯

 FAIL  test/model-gateway.integration.test.ts > W05 concurrent scope comparison execution produces one durable result
error: column i.actual_micro does not exist
 ❯ ../../node_modules/pg/lib/client.js:694:17
 ❯ persistScopeComparison src/modules/scope-comparisons.ts:39:23
     37|   if(requireStored)throw new Error("missing_stored_scope_comparison");
     38|   // Adding comparison context must not turn an older unknown writer c…
     39|   const unknownWriter=await db.query(`SELECT i.id FROM run_actions a J…
       |                       ^
     40|     LEFT JOIN model_operation_results m ON m.intent_id=i.id
     41|     WHERE a.run_id=$1 AND a.brief_revision=$2 AND a.kind='write_report'
 ❯ withTx src/platform/db.ts:33:20
 ❯ test/model-gateway.integration.test.ts:1038:16
 ❯ runCase test/model-gateway.integration.test.ts:55:9

⎯⎯⎯⎯⎯⎯⎯⎯⎯⎯⎯⎯⎯⎯⎯⎯⎯⎯⎯⎯⎯⎯⎯⎯[5/6]⎯

 FAIL  test/model-gateway.integration.test.ts > W02/W05 unknown prior writer attempt blocks a context upgrade without releasing its hold
error: column i.actual_micro does not exist
 ❯ ../../node_modules/pg/lib/client.js:694:17
 ❯ persistScopeComparison src/modules/scope-comparisons.ts:39:23
     37|   if(requireStored)throw new Error("missing_stored_scope_comparison");
     38|   // Adding comparison context must not turn an older unknown writer c…
     39|   const unknownWriter=await db.query(`SELECT i.id FROM run_actions a J…
       |                       ^
     40|     LEFT JOIN model_operation_results m ON m.intent_id=i.id
     41|     WHERE a.run_id=$1 AND a.brief_revision=$2 AND a.kind='write_report'
 ❯ withTx src/platform/db.ts:33:20
 ❯ test/model-gateway.integration.test.ts:1048:9
 ❯ runCase test/model-gateway.integration.test.ts:55:9

⎯⎯⎯⎯⎯⎯⎯⎯⎯⎯⎯⎯⎯⎯⎯⎯⎯⎯⎯⎯⎯⎯⎯⎯[6/6]⎯


 Test Files  1 failed (1)
      Tests  6 failed | 90 passed (96)
   Start at  16:00:31
   Duration  68.37s (transform 1.14s, setup 0ms, collect 1.60s, tests 66.52s, environment 0ms, prepare 82ms)

undefined
/home/oranolio/Desktop/Deep/apps/backend:
 ERR_PNPM_RECURSIVE_EXEC_FIRST_FAIL  Command failed with exit code 1: vitest run --config vitest.integration.config.ts test/model-gateway.integration.test.ts
