
> @deep/backend@0.1.0 test:extraction /home/oranolio/Desktop/Deep/apps/backend
> vitest run --config vitest.extraction.config.ts


 RUN  v3.2.7 /home/oranolio/Desktop/Deep/apps/backend

 ✓ test/html.extraction.test.ts (3 tests) 18718ms
   ✓ W04 real isolated parser over supplied synthetic bytes > preserves all decisive spans and exact byte digests  13057ms
   ✓ W04 real isolated parser over supplied synthetic bytes > handles actual plain text and preserves table spans without executing script  3883ms
   ✓ W04 real isolated parser over supplied synthetic bytes > does not label PDF bytes as parsed text  1772ms
{"level":"info","event":"action","runId":"2886ac35-a4f9-4a55-9803-f21f1660273f","type":"challenge","rationale":"Disconfirm material conclusion: A primary source that directly contradicts this conclusion.","step":0,"t":"2026-09-17T20:46:37.781Z"}
{"level":"info","event":"action","runId":"2886ac35-a4f9-4a55-9803-f21f1660273f","type":"fetch","rationale":"Inspect an already-known source before another generic query","step":1,"t":"2026-09-17T20:46:37.828Z"}
{"level":"info","event":"action","runId":"2886ac35-a4f9-4a55-9803-f21f1660273f","type":"challenge","rationale":"No counterexample found in accessed primary sources. This is not proof that the conclusion is true.","step":2,"t":"2026-09-17T20:46:37.874Z"}
{"level":"info","event":"action","runId":"2886ac35-a4f9-4a55-9803-f21f1660273f","type":"synthesize","rationale":"decision_critical_gaps_resolved_or_unresolvable; high-impact claims supported or qualified; contradictions handled; remaining actions low expected value","step":3,"t":"2026-09-17T20:46:37.921Z"}
stdout | test/document-flow.extraction.test.ts > W04/W05 upload -> isolated PDF -> structured worker -> report/source reopen preserves a renamed negative finding
{"evidenceClass":"local_api_worker_actual_pdf_fabricated_model","sourceTransport":"binary upload","question":"What does the YPGJFU field note say about underwater recording?","originalBytesSha256":"2c96a6aadc66d83ef60f299d14efdac531e53390b9b31d38d19714f6281dc919","runId":"ae89beb8-2151-4c1d-8c18-7997d55f01a9","reportId":"98c658d0-36cd-4b57-b8e3-31a8aea755f1","reportText":"YPGJFU does not support underwater recording.","source":{"passageId":"cf185424-2ba4-437a-83e9-7e9cf8247903","sourceVersionId":"9b5dfe27-f691-49da-8f4e-df9bca741ccf","locator":{"kind":"text","rows":[],"block":"page:1/block:0","geometry":[{"box":[50,737.516,267.41600000000005,748.616],"text":"Field notes: YPGJFU sensor deployment"},{"box":[50,719.516,350.1080000000002,730.616],"text":"YPGJFU supports offline recording only on firmware 4.2."},{"box":[50,701.516,310.11200000000014,712.616],"text":"YPGJFU does not support underwater recording."}],"coordinates":"PDF points; bottom-left origin","normalization":"extractor-output-v1"},"access":"partial-text","method":"docling-parse-7.20.0/geometry-v1","warnings":["pdf_layout_tables_and_ocr_unverified"]},"support":[{"claimRevisionId":"ad3cef86-9a27-49fb-9bfe-c414e6369727","decision":"supported","checks":[{"rule":"exact_evidence_bindings","passed":true},{"rule":"scope_matches_claim","passed":true},{"rule":"readable_evidence","passed":true},{"rule":"scope_grounded_in_quotes","passed":true},{"rule":"numbers_grounded","passed":true},{"rule":"quantities_grounded","passed":true},{"rule":"numeric_context_preserved","passed":true},{"rule":"currency_preserved","passed":true},{"rule":"no_detected_contradiction","passed":true},{"rule":"qualification_preserved","passed":true}]},{"claimRevisionId":"daef2f8d-057b-4374-8717-49c3d5ca3251","decision":"supported","checks":[{"rule":"exact_evidence_bindings","passed":true},{"rule":"scope_matches_claim","passed":true},{"rule":"readable_evidence","passed":true},{"rule":"scope_grounded_in_quotes","passed":true},{"rule":"numbers_grounded","passed":true},{"rule":"quantities_grounded","passed":true},{"rule":"numeric_context_preserved","passed":true},{"rule":"currency_preserved","passed":true},{"rule":"no_detected_contradiction","passed":true},{"rule":"qualification_preserved","passed":true}]}],"paidProviderCalls":0,"modelResponses":"fabricated","correctionJourney":"not tested"}

stdout | test/document-flow.extraction.test.ts > W04/W05 public-search -> isolated PDF -> structured worker -> report/source reopen preserves a renamed negative finding
{"evidenceClass":"local_api_worker_actual_pdf_fabricated_model","sourceTransport":"saved bytes transport double","question":"What does the HKUVAW field note say about underwater recording?","originalBytesSha256":"12229168afe8fedece8fbe0e19499933fbd3c54ffe2f6a790e05cfa77bb0a71f","runId":"4b774bce-3140-4006-a5b9-668f60c43bf8","reportId":"3de9327c-7a82-4f94-900d-6c86bb618999","reportText":"HKUVAW does not support underwater recording.","source":{"passageId":"11d2ad48-91a8-4ac1-9cd6-cb49413e5dbd","sourceVersionId":"4272bbf2-86bb-4f9e-b96b-b2fdbbd66bac","locator":{"kind":"text","rows":[],"block":"page:1/block:0","geometry":[{"box":[50,737.516,272.744,748.616],"text":"Field notes: HKUVAW sensor deployment"},{"box":[50,719.516,355.4360000000002,730.616],"text":"HKUVAW supports offline recording only on firmware 4.2."},{"box":[50,701.516,315.44000000000017,712.616],"text":"HKUVAW does not support underwater recording."}],"coordinates":"PDF points; bottom-left origin","normalization":"extractor-output-v1"},"access":"partial-text","method":"docling-parse-7.20.0/geometry-v1","warnings":["pdf_layout_tables_and_ocr_unverified"]},"support":[{"claimRevisionId":"e377b445-1b56-4402-bbbb-9e759b247427","decision":"supported","checks":[{"rule":"exact_evidence_bindings","passed":true},{"rule":"scope_matches_claim","passed":true},{"rule":"readable_evidence","passed":true},{"rule":"scope_grounded_in_quotes","passed":true},{"rule":"numbers_grounded","passed":true},{"rule":"quantities_grounded","passed":true},{"rule":"numeric_context_preserved","passed":true},{"rule":"currency_preserved","passed":true},{"rule":"no_detected_contradiction","passed":true},{"rule":"qualification_preserved","passed":true}]},{"claimRevisionId":"606d94fb-c0e8-46d4-801e-7a3ea962ca67","decision":"supported","checks":[{"rule":"exact_evidence_bindings","passed":true},{"rule":"scope_matches_claim","passed":true},{"rule":"readable_evidence","passed":true},{"rule":"scope_grounded_in_quotes","passed":true},{"rule":"numbers_grounded","passed":true},{"rule":"quantities_grounded","passed":true},{"rule":"numeric_context_preserved","passed":true},{"rule":"currency_preserved","passed":true},{"rule":"no_detected_contradiction","passed":true},{"rule":"qualification_preserved","passed":true}]}],"paidProviderCalls":0,"modelResponses":"fabricated","correctionJourney":"not tested"}

 ✓ test/document-flow.extraction.test.ts (5 tests) 34082ms
   ✓ W04 real API/worker persists PDF bytes, page locators and limitations; source inspection and deletion use the same records  3957ms
   ✓ W04 cancel after actual parsing prevents late result persistence  3297ms
   ✓ W04 delete after actual parsing prevents late result persistence  3324ms
   ✓ W04/W05 upload -> isolated PDF -> structured worker -> report/source reopen preserves a renamed negative finding  10082ms
   ✓ W04/W05 public-search -> isolated PDF -> structured worker -> report/source reopen preserves a renamed negative finding  12937ms
 ✓ test/pdf.extraction.test.ts (4 tests) 25341ms
   ✓ W04 parses original digital PDF bytes into page-bound text with honest layout limitations  5909ms
   ✓ W04 empty, malformed and pasted PDF inputs cannot manufacture documentary support  10652ms
   ✓ W04 encrypted PDF remains explicitly unavailable without password guessing  2946ms
   ✓ W04 binds a late-drawn bold negation to its physical sentence, with recoverable cell geometry  5826ms

 Test Files  3 passed (3)
      Tests  12 passed (12)
   Start at  14:46:10
   Duration  83.77s (transform 2.17s, setup 0ms, collect 3.74s, tests 78.14s, environment 2ms, prepare 785ms)

