
> @deep/backend@0.1.0 test:extraction /home/oranolio/Desktop/Deep/apps/backend
> vitest run --config vitest.extraction.config.ts


 RUN  v3.2.7 /home/oranolio/Desktop/Deep/apps/backend

{"level":"info","event":"action","runId":"1bcd0897-7e79-4d66-bed6-a745ad2bf1ab","type":"challenge","rationale":"Disconfirm material conclusion: A primary source that directly contradicts this conclusion.","step":0,"t":"2026-09-17T20:17:58.758Z"}
{"level":"info","event":"action","runId":"1bcd0897-7e79-4d66-bed6-a745ad2bf1ab","type":"fetch","rationale":"Inspect an already-known source before another generic query","step":1,"t":"2026-09-17T20:17:58.797Z"}
{"level":"info","event":"action","runId":"1bcd0897-7e79-4d66-bed6-a745ad2bf1ab","type":"challenge","rationale":"No counterexample found in accessed primary sources. This is not proof that the conclusion is true.","step":2,"t":"2026-09-17T20:17:58.831Z"}
{"level":"info","event":"action","runId":"1bcd0897-7e79-4d66-bed6-a745ad2bf1ab","type":"synthesize","rationale":"decision_critical_gaps_resolved_or_unresolvable; high-impact claims supported or qualified; contradictions handled; remaining actions low expected value","step":3,"t":"2026-09-17T20:17:58.860Z"}
stdout | test/document-flow.extraction.test.ts > W04/W05 binary API -> isolated PDF -> structured worker -> report/source reopen preserves a renamed negative finding
{"evidenceClass":"local_api_worker_actual_pdf_fabricated_model","question":"What does the supplied AKSURL field note say about underwater recording?","originalBytesSha256":"2e013c307af0568112e393c8c291aa86406f4bab2d8a4aaf786c0f9703a2b3a4","runId":"1dc5568e-e729-4079-84b0-10c0b81bdedd","reportId":"38647d45-720d-41a0-bd67-625a9d31efcf","reportText":"AKSURL does not support underwater recording.","source":{"passageId":"3030e19b-c5b2-4cb5-a194-c16e76f6d61f","sourceVersionId":"0ea3292e-2122-4d6d-a88a-957913841e59","locator":{"kind":"text","rows":[],"block":"page:1/block:0","geometry":[{"box":[50,737.516,268.088,748.616],"text":"Field notes: AKSURL sensor deployment"},{"box":[50,719.516,350.7800000000002,730.616],"text":"AKSURL supports offline recording only on firmware 4.2."},{"box":[50,701.516,310.78400000000016,712.616],"text":"AKSURL does not support underwater recording."}],"coordinates":"PDF points; bottom-left origin","normalization":"extractor-output-v1"},"access":"partial-text","method":"docling-parse-7.20.0/geometry-v1","warnings":["pdf_layout_tables_and_ocr_unverified"]},"support":[{"claimRevisionId":"e0b77811-d62b-4500-876d-63ec46fd6005","decision":"supported","checks":[{"rule":"exact_evidence_bindings","passed":true},{"rule":"scope_matches_claim","passed":true},{"rule":"readable_evidence","passed":true},{"rule":"scope_grounded_in_quotes","passed":true},{"rule":"numbers_grounded","passed":true},{"rule":"quantities_grounded","passed":true},{"rule":"numeric_context_preserved","passed":true},{"rule":"currency_preserved","passed":true},{"rule":"no_detected_contradiction","passed":true},{"rule":"qualification_preserved","passed":true}]},{"claimRevisionId":"e221fc03-2bbb-43c2-afff-9c26536338d0","decision":"supported","checks":[{"rule":"exact_evidence_bindings","passed":true},{"rule":"scope_matches_claim","passed":true},{"rule":"readable_evidence","passed":true},{"rule":"scope_grounded_in_quotes","passed":true},{"rule":"numbers_grounded","passed":true},{"rule":"quantities_grounded","passed":true},{"rule":"numeric_context_preserved","passed":true},{"rule":"currency_preserved","passed":true},{"rule":"no_detected_contradiction","passed":true},{"rule":"qualification_preserved","passed":true}]}],"paidProviderCalls":0,"modelResponses":"fabricated","correctionJourney":"not tested"}

 ✓ test/document-flow.extraction.test.ts (4 tests) 13322ms
   ✓ W04 real API/worker persists PDF bytes, page locators and limitations; source inspection and deletion use the same records  2559ms
   ✓ W04 cancel after actual parsing prevents late result persistence  2765ms
   ✓ W04 delete after actual parsing prevents late result persistence  2686ms
   ✓ W04/W05 binary API -> isolated PDF -> structured worker -> report/source reopen preserves a renamed negative finding  5013ms
 ✓ test/html.extraction.test.ts (3 tests) 14059ms
   ✓ W04 real isolated parser over supplied synthetic bytes > preserves all decisive spans and exact byte digests  10071ms
   ✓ W04 real isolated parser over supplied synthetic bytes > handles actual plain text and preserves table spans without executing script  2491ms
   ✓ W04 real isolated parser over supplied synthetic bytes > does not label PDF bytes as parsed text  1491ms
 ✓ test/pdf.extraction.test.ts (4 tests) 11187ms
   ✓ W04 parses original digital PDF bytes into page-bound text with honest layout limitations  2706ms
   ✓ W04 empty, malformed and pasted PDF inputs cannot manufacture documentary support  5262ms
   ✓ W04 encrypted PDF remains explicitly unavailable without password guessing  1166ms
   ✓ W04 binds a late-drawn bold negation to its physical sentence, with recoverable cell geometry  2049ms

 Test Files  3 passed (3)
      Tests  11 passed (11)
   Start at  14:17:53
   Duration  41.95s (transform 1.27s, setup 0ms, collect 2.28s, tests 38.57s, environment 1ms, prepare 403ms)

