
> @deep/backend@0.1.0 test:integration /tmp/deep-passage-capacity-sfm0i4me/repo/apps/backend
> vitest run --config vitest.integration.config.ts test/passage-capacity.integration.test.ts


 RUN  v4.1.11 /tmp/deep-passage-capacity-sfm0i4me/repo/apps/backend

 ❯ test/passage-capacity.integration.test.ts (5 tests | 1 failed) 62073ms
   × W01 observes a contradiction at passage25 and cannot publish the positive claim 1997ms

⎯⎯⎯⎯⎯⎯⎯ Failed Tests 1 ⎯⎯⎯⎯⎯⎯⎯

 FAIL  test/passage-capacity.integration.test.ts > W01 observes a contradiction at passage25 and cannot publish the positive claim
AssertionError: expected [ { support_status: 'unverified' } ] to deeply equal [ { support_status: 'contradicted' } ]

- Expected
+ Received

  [
    {
-     "support_status": "contradicted",
+     "support_status": "unverified",
    },
  ]

 ❯ test/passage-capacity.integration.test.ts:62:508


⎯⎯⎯⎯⎯⎯⎯⎯⎯⎯⎯⎯⎯⎯⎯⎯⎯⎯⎯⎯⎯⎯⎯⎯[1/1]⎯


 Test Files  1 failed (1)
      Tests  1 failed | 4 passed (5)
   Start at  22:43:08
   Duration  63.29s (transform 827ms, setup 0ms, import 1.07s, tests 62.07s, environment 0ms)

/tmp/deep-passage-capacity-sfm0i4me/repo/apps/backend:
 ERR_PNPM_RECURSIVE_RUN_FIRST_FAIL  @deep/backend@0.1.0 test:integration: `vitest run --config vitest.integration.config.ts test/passage-capacity.integration.test.ts`
Exit status 1
