
> @deep/backend@0.1.0 test:integration /tmp/deep-passage-capacity-sfm0i4me/repo/apps/backend
> vitest run --config vitest.integration.config.ts test/passage-capacity.integration.test.ts


 RUN  v4.1.11 /tmp/deep-passage-capacity-sfm0i4me/repo/apps/backend

 ❯ test/passage-capacity.integration.test.ts (4 tests | 3 failed) 40127ms
   × W05 sends all 25 whole passages including the late firmware limitation, replays, and restores requested verification 8151ms
   × W05 accepts 128 complete small passages at the bounded capacity 31226ms
   × W02 rejects 25 passages / 7000 characters before extraction issuance 178ms

⎯⎯⎯⎯⎯⎯⎯ Failed Tests 3 ⎯⎯⎯⎯⎯⎯⎯

 FAIL  test/passage-capacity.integration.test.ts > W05 sends all 25 whole passages including the late firmware limitation, replays, and restores requested verification
error: invalid input syntax for type uuid: "synthetic-capacity"
 ❯ ../../node_modules/pg/lib/client.js:694:17
 ❯ src/modules/requested-verification.ts:121:36
    119|   const old=await getBrief(db,parent.brief_id);
    120|   const attachments=target.sources.filter(s=>s.locator.startsWith("att…
    121|   for(const id of attachments)if(!(await db.query("SELECT 1 FROM attac…
       |                                    ^
    122|   await db.query("SELECT id FROM conversations WHERE id=$1 AND account…
    123|   const revision=(await db.query("SELECT COALESCE(MAX(revision),0)::in…
 ❯ withTx src/platform/db.ts:33:20
 ❯ test/passage-capacity.integration.test.ts:44:14

⎯⎯⎯⎯⎯⎯⎯⎯⎯⎯⎯⎯⎯⎯⎯⎯⎯⎯⎯⎯⎯⎯⎯⎯[1/3]⎯

 FAIL  test/passage-capacity.integration.test.ts > W05 accepts 128 complete small passages at the bounded capacity
Error: Test timed out in 30000ms.
If this is a long-running test, pass a timeout value as the last argument or configure it globally with "testTimeout".
 ❯ test/passage-capacity.integration.test.ts:53:1


⎯⎯⎯⎯⎯⎯⎯⎯⎯⎯⎯⎯⎯⎯⎯⎯⎯⎯⎯⎯⎯⎯⎯⎯[2/3]⎯

 FAIL  test/passage-capacity.integration.test.ts > W02 rejects 25 passages / 7000 characters before extraction issuance
AssertionError: expected '[{"payload":{}},{"payload":{"taskId":…' to contain 'model_context_too_large'

Expected: "model_context_too_large"
Received: "[{"payload":{}},{"payload":{"taskId":"5956731d-c5e8-4d8c-95a4-d1278f86d718","strategy":"criterion-adaptive.v1","briefRevision":1}},{"payload":{"reason":"model_context_exceeds_policy"}}]"

 ❯ test/passage-capacity.integration.test.ts:59:114
     57|  const operations=(await pool.query("SELECT operation FROM model_opera…
     58|  expect((await pool.query("SELECT count(*)::int AS n FROM provider_int…
     59|  expect(JSON.stringify((await pool.query("SELECT payload FROM run_even…
       |                                                                                                                  ^
     60| });
     61|

⎯⎯⎯⎯⎯⎯⎯⎯⎯⎯⎯⎯⎯⎯⎯⎯⎯⎯⎯⎯⎯⎯⎯⎯[3/3]⎯


 Test Files  1 failed (1)
      Tests  3 failed | 1 passed (4)
   Start at  22:41:39
   Duration  41.25s (transform 741ms, setup 0ms, import 987ms, tests 40.13s, environment 0ms)

/tmp/deep-passage-capacity-sfm0i4me/repo/apps/backend:
 ERR_PNPM_RECURSIVE_RUN_FIRST_FAIL  @deep/backend@0.1.0 test:integration: `vitest run --config vitest.integration.config.ts test/passage-capacity.integration.test.ts`
Exit status 1
