
> @deep/backend@0.1.0 test:integration /tmp/deep-passage-capacity-sfm0i4me/repo/apps/backend
> vitest run --config vitest.integration.config.ts test/passage-capacity.integration.test.ts


 RUN  v4.1.11 /tmp/deep-passage-capacity-sfm0i4me/repo/apps/backend

 ❯ test/passage-capacity.integration.test.ts (4 tests | 3 failed) 1523ms
   × W05 sends all 25 whole passages including the late firmware limitation, replays, and restores requested verification 293ms
   × W05 accepts 128 complete small passages at the bounded capacity 465ms
   × W02 rejects 25 passages / 7000 characters before extraction issuance 204ms

⎯⎯⎯⎯⎯⎯⎯ Failed Tests 3 ⎯⎯⎯⎯⎯⎯⎯

 FAIL  test/passage-capacity.integration.test.ts > W05 sends all 25 whole passages including the late firmware limitation, replays, and restores requested verification
AssertionError: [{"payload":{}},{"payload":{"taskId":"d4ee44cd-e916-4b30-b4b7-edc249c8087f","strategy":"criterion-adaptive.v1","briefRevision":1}},{"payload":{"reason":"invalid_extraction_selection"}}]: expected null to be truthy

- Expected:
true

+ Received:
null

 ❯ test/passage-capacity.integration.test.ts:39:192


⎯⎯⎯⎯⎯⎯⎯⎯⎯⎯⎯⎯⎯⎯⎯⎯⎯⎯⎯⎯⎯⎯⎯⎯[1/3]⎯

 FAIL  test/passage-capacity.integration.test.ts > W05 accepts 128 complete small passages at the bounded capacity
AssertionError: expected null to be truthy

- Expected:
true

+ Received:
null

 ❯ test/passage-capacity.integration.test.ts:53:213


⎯⎯⎯⎯⎯⎯⎯⎯⎯⎯⎯⎯⎯⎯⎯⎯⎯⎯⎯⎯⎯⎯⎯⎯[2/3]⎯

 FAIL  test/passage-capacity.integration.test.ts > W02 rejects 25 passages / 7000 characters before extraction issuance
AssertionError: expected '[{"payload":{}},{"payload":{"taskId":…' to contain 'model_context_too_large'

Expected: "model_context_too_large"
Received: "[{"payload":{}},{"payload":{"taskId":"5af8f274-2ce2-4149-a29b-14ca4015bcea","strategy":"criterion-adaptive.v1","briefRevision":1}},{"payload":{"reason":"invalid_extraction_selection"}}]"

 ❯ test/passage-capacity.integration.test.ts:59:114
     57|  const operations=(await pool.query("SELECT operation FROM model_opera…
     58|  expect((await pool.query("SELECT count(*)::int AS n FROM provider_int…
     59|  expect(JSON.stringify((await pool.query("SELECT payload FROM run_even…
       |                                                                                                                  ^
     60| });
     61|

⎯⎯⎯⎯⎯⎯⎯⎯⎯⎯⎯⎯⎯⎯⎯⎯⎯⎯⎯⎯⎯⎯⎯⎯[3/3]⎯


 Test Files  1 failed (1)
      Tests  3 failed | 1 passed (4)
   Start at  22:41:13
   Duration  2.75s (transform 829ms, setup 0ms, import 1.08s, tests 1.52s, environment 0ms)

/tmp/deep-passage-capacity-sfm0i4me/repo/apps/backend:
 ERR_PNPM_RECURSIVE_RUN_FIRST_FAIL  @deep/backend@0.1.0 test:integration: `vitest run --config vitest.integration.config.ts test/passage-capacity.integration.test.ts`
Exit status 1
