
> @deep/backend@0.1.0 test:extraction /home/oranolio/Desktop/Deep/apps/backend
> vitest run --config vitest.extraction.config.ts


 RUN  v3.2.7 /home/oranolio/Desktop/Deep/apps/backend

 ✓ test/matched-pipeline.extraction.test.ts (3 tests) 42879ms
   ✓ W08 matched A1/B production document, reopen, source and corrected B versus fresh A1 controls  17264ms
   ✓ W08 both arms retain inaccessible evidence failure with no invented report  3871ms
   ✓ W08 A1 and B both iterate through the same actual HTML extraction and checked writer  21503ms
{"level":"info","event":"action","runId":"76bf091a-fa66-4798-91ee-cb15f75afdfc","type":"challenge","rationale":"Disconfirm material conclusion: A primary source that directly contradicts this conclusion.","step":0,"t":"2026-09-18T01:17:33.481Z"}
{"level":"info","event":"action","runId":"76bf091a-fa66-4798-91ee-cb15f75afdfc","type":"fetch","rationale":"Inspect an already-known source before another generic query","step":1,"t":"2026-09-18T01:17:33.509Z"}
{"level":"info","event":"action","runId":"76bf091a-fa66-4798-91ee-cb15f75afdfc","type":"challenge","rationale":"No counterexample found in accessed primary sources. This is not proof that the conclusion is true.","step":2,"t":"2026-09-18T01:17:33.550Z"}
{"level":"info","event":"action","runId":"76bf091a-fa66-4798-91ee-cb15f75afdfc","type":"synthesize","rationale":"decision_critical_gaps_resolved_or_unresolvable; high-impact claims supported or qualified; contradictions handled; remaining actions low expected value","step":3,"t":"2026-09-18T01:17:33.567Z"}
stdout | test/document-flow.extraction.test.ts > W04/W05 upload -> isolated PDF -> structured worker -> report/source reopen preserves a renamed negative finding
{"evidenceClass":"local_api_worker_actual_pdf_fabricated_model","sourceTransport":"binary upload","question":"What does the YJTFKL field note say about underwater recording?","originalBytesSha256":"47f27809e868601c8510a87a8d4b2a73ea1b431bc3268348ba6dde7fe8633ab8","runId":"6b13e647-270b-4cc7-8c81-357f994e332f","reportId":"5a030ee4-edce-4dfd-900c-94371b35c1eb","reportText":"YJTFKL does not support underwater recording.","source":{"passageId":"124ed30a-6979-4df4-891d-e1bed1494636","sourceVersionId":"966b2470-95f0-4554-a7c5-d391c20250f8","locator":{"kind":"text","rows":[],"block":"page:1/block:0","geometry":[{"box":[50,737.516,263.42,748.616],"text":"Field notes: YJTFKL sensor deployment"},{"box":[50,719.516,346.1120000000002,730.616],"text":"YJTFKL supports offline recording only on firmware 4.2."},{"box":[50,701.516,306.11600000000016,712.616],"text":"YJTFKL does not support underwater recording."}],"coordinates":"PDF points; bottom-left origin","normalization":"extractor-output-v1"},"access":"partial-text","method":"docling-parse-7.20.0/geometry-v1","warnings":["pdf_layout_tables_and_ocr_unverified"]},"support":[{"claimRevisionId":"7cd45d92-cf5f-47b0-87d3-7c07fec5a62e","decision":"supported","checks":[{"rule":"exact_evidence_bindings","passed":true},{"rule":"scope_matches_claim","passed":true},{"rule":"readable_evidence","passed":true},{"rule":"scope_grounded_in_quotes","passed":true},{"rule":"numbers_grounded","passed":true},{"rule":"quantities_grounded","passed":true},{"rule":"numeric_context_preserved","passed":true},{"rule":"currency_preserved","passed":true},{"rule":"no_detected_contradiction","passed":true},{"rule":"qualification_preserved","passed":true}]},{"claimRevisionId":"bf253bb9-6b4d-4866-a91c-47c09f0904f2","decision":"supported","checks":[{"rule":"exact_evidence_bindings","passed":true},{"rule":"scope_matches_claim","passed":true},{"rule":"readable_evidence","passed":true},{"rule":"scope_grounded_in_quotes","passed":true},{"rule":"numbers_grounded","passed":true},{"rule":"quantities_grounded","passed":true},{"rule":"numeric_context_preserved","passed":true},{"rule":"currency_preserved","passed":true},{"rule":"no_detected_contradiction","passed":true},{"rule":"qualification_preserved","passed":true}]}],"paidProviderCalls":0,"modelResponses":"fabricated","correctionJourney":{"question":"What firmware does YJTFKL require for offline recording?","runId":"19fad8b9-abcf-4cc6-90c8-ee314a2bad82","reportId":"385f1ff2-e89f-4895-b5f9-519b3166b4b7","text":"YJTFKL supports offline recording only on firmware 4.2.","reusedPassageId":"124ed30a-6979-4df4-891d-e1bed1494636","reusedSourceVersionId":"966b2470-95f0-4554-a7c5-d391c20250f8","newSourceRows":0,"claimsRecomputed":true,"changeSummary":{"notes":"Assertions: 1 added, 1 removed, 0 unchanged. Criteria: 0 added, 0 removed. Reused cited source versions: 1. Comparison uses exact wording and recorded scope; paraphrases may count as changes.","comparison":{"version":"report-changes.v1","parentReportId":"5a030ee4-edce-4dfd-900c-94371b35c1eb","addedCriterionIds":[],"reportStateChanged":false,"removedCriterionIds":[],"unchangedAssertions":0,"addedClaimRevisionIds":["fbdd0ea5-e89b-4141-a0bb-ce5621333f40"],"removedClaimRevisionIds":["bf253bb9-6b4d-4866-a91c-47c09f0904f2"],"newlyCitedSourceVersionIds":[],"reusedCitedSourceVersionIds":["966b2470-95f0-4554-a7c5-d391c20250f8"]},"newlyFeasible":[],"evidenceUpdated":false,"newlyInfeasible":[],"conclusionChanged":true},"fullRerunReportId":"aa8edcee-8821-4f5c-b6f5-05c67d94006f","fullRerunTextMatches":true,"comparison":"local fabricated model control, not independent semantic adjudication"}}

stdout | test/document-flow.extraction.test.ts > W04/W05 public-search -> isolated PDF -> structured worker -> report/source reopen preserves a renamed negative finding
{"evidenceClass":"local_api_worker_actual_pdf_fabricated_model","sourceTransport":"saved bytes transport double","question":"What does the JCGJMT field note say about underwater recording?","originalBytesSha256":"fb5cb791f07c09405abf3c741385b34a7273b827b44e4fb780e1821057d2bfe4","runId":"3ca1974b-ec04-4e32-ab11-a4a30716b55d","reportId":"1268aa04-b2d1-4fb7-8abf-9c6a804879b0","reportText":"JCGJMT does not support underwater recording.","source":{"passageId":"d1cbb2dd-6997-402f-a677-fbd62c2318eb","sourceVersionId":"4bfd74a3-99e3-4b7e-9928-110db3541bc6","locator":{"kind":"text","rows":[],"block":"page:1/block:0","geometry":[{"box":[50,737.516,267.40400000000005,748.616],"text":"Field notes: JCGJMT sensor deployment"},{"box":[50,719.516,350.0960000000001,730.616],"text":"JCGJMT supports offline recording only on firmware 4.2."},{"box":[50,701.516,310.10000000000014,712.616],"text":"JCGJMT does not support underwater recording."}],"coordinates":"PDF points; bottom-left origin","normalization":"extractor-output-v1"},"access":"partial-text","method":"docling-parse-7.20.0/geometry-v1","warnings":["pdf_layout_tables_and_ocr_unverified"]},"support":[{"claimRevisionId":"eb7c5177-2f58-4e38-82ea-231d6312a4b6","decision":"supported","checks":[{"rule":"exact_evidence_bindings","passed":true},{"rule":"scope_matches_claim","passed":true},{"rule":"readable_evidence","passed":true},{"rule":"scope_grounded_in_quotes","passed":true},{"rule":"numbers_grounded","passed":true},{"rule":"quantities_grounded","passed":true},{"rule":"numeric_context_preserved","passed":true},{"rule":"currency_preserved","passed":true},{"rule":"no_detected_contradiction","passed":true},{"rule":"qualification_preserved","passed":true}]},{"claimRevisionId":"d64f3ed5-fb3f-4d70-9964-7f56294ab300","decision":"supported","checks":[{"rule":"exact_evidence_bindings","passed":true},{"rule":"scope_matches_claim","passed":true},{"rule":"readable_evidence","passed":true},{"rule":"scope_grounded_in_quotes","passed":true},{"rule":"numbers_grounded","passed":true},{"rule":"quantities_grounded","passed":true},{"rule":"numeric_context_preserved","passed":true},{"rule":"currency_preserved","passed":true},{"rule":"no_detected_contradiction","passed":true},{"rule":"qualification_preserved","passed":true}]}],"paidProviderCalls":0,"modelResponses":"fabricated","correctionJourney":"not tested"}

 ✓ test/document-flow.extraction.test.ts (7 tests) 27867ms
   ✓ W04 historical diagnostic worker persists actual PDF bytes, page locators and limitations; source inspection and deletion use the same records  2216ms
   ✓ W04 cancel after actual parsing prevents late result persistence  1892ms
   ✓ W04 delete after actual parsing prevents late result persistence  1852ms
   ✓ W04/W05 upload -> isolated PDF -> structured worker -> report/source reopen preserves a renamed negative finding  12261ms
   ✓ W04/W05 public-search -> isolated PDF -> structured worker -> report/source reopen preserves a renamed negative finding  8928ms
 ✓ test/html.extraction.test.ts (3 tests) 11545ms
   ✓ W04 real isolated parser over supplied synthetic bytes > preserves all decisive spans and exact byte digests  8824ms
   ✓ W04 real isolated parser over supplied synthetic bytes > handles actual plain text and preserves table spans without executing script  1809ms
   ✓ W04 real isolated parser over supplied synthetic bytes > does not label PDF bytes as parsed text  905ms
 ✓ test/pdf.extraction.test.ts (4 tests) 7909ms
   ✓ W04 parses original digital PDF bytes into page-bound text with honest layout limitations  1720ms
   ✓ W04 empty, malformed and pasted PDF inputs cannot manufacture documentary support  3478ms
   ✓ W04 encrypted PDF remains explicitly unavailable without password guessing  970ms
   ✓ W04 binds a late-drawn bold negation to its physical sentence, with recoverable cell geometry  1739ms

 Test Files  4 passed (4)
      Tests  17 passed (17)
   Start at  19:16:46
   Duration  93.40s (transform 902ms, setup 0ms, collect 2.01s, tests 90.20s, environment 1ms, prepare 440ms)

