
 RUN  v4.1.11 /tmp/deep-html-formatting-0f0c7c0/apps/backend

 ❯ test/html-formatting.extraction.test.ts (11 tests | 1 failed) 10313ms
   × W04 supplemental list omits comment content while retaining its following text 820ms

⎯⎯⎯⎯⎯⎯⎯ Failed Tests 1 ⎯⎯⎯⎯⎯⎯⎯

 FAIL  test/html-formatting.extraction.test.ts > W04 supplemental list omits comment content while retaining its following text
AssertionError: expected 'Current restrictions:\nUnordered list…' not to contain 'Internal list-only sentinel'

- Expected
+ Received

- Internal list-only sentinel
+ Current restrictions:
+ Unordered list:
+ [item 1] BeforeInternal list-only sentinelAfter [struck-through: Old rule] Current rule.

 ❯ test/html-formatting.extraction.test.ts:24:116


⎯⎯⎯⎯⎯⎯⎯⎯⎯⎯⎯⎯⎯⎯⎯⎯⎯⎯⎯⎯⎯⎯⎯⎯[1/1]⎯


 Test Files  1 failed (1)
      Tests  1 failed | 10 passed (11)
   Start at  22:46:16
   Duration  10.87s (transform 240ms, setup 0ms, import 324ms, tests 10.31s, environment 0ms)

undefined
/tmp/deep-html-formatting-0f0c7c0/apps/backend:
 ERR_PNPM_RECURSIVE_EXEC_FIRST_FAIL  Command failed with exit code 1: vitest run --config vitest.extraction.config.ts test/html-formatting.extraction.test.ts
