
> @deep/backend@0.1.0 test:integration /home/oranolio/Desktop/Deep/apps/backend
> vitest run --config vitest.integration.config.ts test/artifact-size.integration.test.ts


 RUN  v4.1.11 /home/oranolio/Desktop/Deep/apps/backend


<--- Last few GCs --->

[2447873:0x2d72e9e0]    32420 ms: Scavenge (reduce) 2047.5 (2078.7) -> 2047.4 (2079.7) MB, 34.43 / 0.00 ms  (average mu = 0.494, current mu = 0.114) allocation failure; 
[2447873:0x2d72e9e0]    34161 ms: Mark-Compact (reduce) 2048.4 (2079.7) -> 2048.4 (2080.7) MB, 1737.65 / 0.06 ms  (+ 70.6 ms in 1446 steps since start of marking, biggest step 3.6 ms, walltime since start of marking 6455 ms) (average mu = 0.681, current m

<--- JS stacktrace --->

FATAL ERROR: Reached heap limit Allocation failed - JavaScript heap out of memory
----- Native stack trace -----

 1: 0xb78db3 node::OOMErrorHandler(char const*, v8::OOMDetails const&) [/home/oranolio/.nvm/versions/node/v20.20.2/bin/node]
 2: 0xee8300 v8::Utils::ReportOOMFailure(v8::internal::Isolate*, char const*, v8::OOMDetails const&) [/home/oranolio/.nvm/versions/node/v20.20.2/bin/node]
 3: 0xee85e7 v8::internal::V8::FatalProcessOutOfMemory(v8::internal::Isolate*, char const*, v8::OOMDetails const&) [/home/oranolio/.nvm/versions/node/v20.20.2/bin/node]
 4: 0x10fb205  [/home/oranolio/.nvm/versions/node/v20.20.2/bin/node]
 5: 0x1113088 v8::internal::Heap::CollectGarbage(v8::internal::AllocationSpace, v8::internal::GarbageCollectionReason, v8::GCCallbackFlags) [/home/oranolio/.nvm/versions/node/v20.20.2/bin/node]
 6: 0x10e91f1 v8::internal::HeapAllocator::AllocateRawWithLightRetrySlowPath(int, v8::internal::AllocationType, v8::internal::AllocationOrigin, v8::internal::AllocationAlignment) [/home/oranolio/.nvm/versions/node/v20.20.2/bin/node]
 7: 0x10ea385 v8::internal::HeapAllocator::AllocateRawWithRetryOrFailSlowPath(int, v8::internal::AllocationType, v8::internal::AllocationOrigin, v8::internal::AllocationAlignment) [/home/oranolio/.nvm/versions/node/v20.20.2/bin/node]
 8: 0x10c69a6 v8::internal::Factory::AllocateRaw(int, v8::internal::AllocationType, v8::internal::AllocationAlignment) [/home/oranolio/.nvm/versions/node/v20.20.2/bin/node]
 9: 0x10b8304 v8::internal::FactoryBase<v8::internal::Factory>::AllocateRawWithImmortalMap(int, v8::internal::AllocationType, v8::internal::Map, v8::internal::AllocationAlignment) [/home/oranolio/.nvm/versions/node/v20.20.2/bin/node]
10: 0x10baae6 v8::internal::FactoryBase<v8::internal::Factory>::NewRawOneByteString(int, v8::internal::AllocationType) [/home/oranolio/.nvm/versions/node/v20.20.2/bin/node]
11: 0x10bab9e v8::internal::FactoryBase<v8::internal::Factory>::NewStringFromOneByte(v8::base::Vector<unsigned char const> const&, v8::internal::AllocationType) [/home/oranolio/.nvm/versions/node/v20.20.2/bin/node]
12: 0x10bb17b v8::internal::FactoryBase<v8::internal::Factory>::SmiToString(v8::internal::Smi, v8::internal::NumberCacheMode) [/home/oranolio/.nvm/versions/node/v20.20.2/bin/node]
13: 0x12c5cc4  [/home/oranolio/.nvm/versions/node/v20.20.2/bin/node]
14: 0x1392975  [/home/oranolio/.nvm/versions/node/v20.20.2/bin/node]
15: 0x1398959 v8::internal::FastKeyAccumulator::GetKeys(v8::internal::GetKeysConversion) [/home/oranolio/.nvm/versions/node/v20.20.2/bin/node]
16: 0x152153c v8::internal::Runtime_ForInEnumerate(int, unsigned long*, v8::internal::Isolate*) [/home/oranolio/.nvm/versions/node/v20.20.2/bin/node]
17: 0x75b06beda476 
⎯⎯⎯⎯⎯⎯ Unhandled Errors ⎯⎯⎯⎯⎯⎯

Vitest caught 1 unhandled error during the test run.
This might cause false positive tests. Resolve unhandled errors to make sure your tests are not affected.

⎯⎯⎯⎯⎯⎯ Unhandled Error ⎯⎯⎯⎯⎯⎯⎯
Error: [vitest-pool]: Worker forks emitted error.
 ❯ EventEmitter.onTaskError ../../node_modules/vitest/dist/chunks/cli-api.CnMVyzaz.js:3526:21
 ❯ EventEmitter.emit node:events:524:28
 ❯ ChildProcess.emitUnexpectedExit ../../node_modules/vitest/dist/chunks/cli-api.CnMVyzaz.js:3092:22
 ❯ ChildProcess.emit node:events:524:28
 ❯ Process.ChildProcess._handle.onexit node:internal/child_process:293:12

Caused by: Error: Worker exited unexpectedly
 ❯ ChildProcess.emitUnexpectedExit ../../node_modules/vitest/dist/chunks/cli-api.CnMVyzaz.js:3090:33
 ❯ ChildProcess.emit node:events:524:28
 ❯ Process.ChildProcess._handle.onexit node:internal/child_process:293:12

⎯⎯⎯⎯⎯⎯⎯⎯⎯⎯⎯⎯⎯⎯⎯⎯⎯⎯⎯⎯⎯⎯⎯⎯⎯⎯⎯⎯⎯⎯


 Test Files   (1)
      Tests   (2)
     Errors  1 error
   Start at  05:57:29
   Duration  56.21s (transform 437ms, setup 0ms, import 580ms, tests 0ms, environment 0ms)

/home/oranolio/Desktop/Deep/apps/backend:
 ERR_PNPM_RECURSIVE_RUN_FIRST_FAIL  @deep/backend@0.1.0 test:integration: `vitest run --config vitest.integration.config.ts test/artifact-size.integration.test.ts`
Exit status 1
