
> @deep/backend@0.1.0 test:integration /tmp/deep-append-document-4c3seb7g/repo/apps/backend
> vitest run --config vitest.integration.config.ts test/remote-source-invalidation.integration.test.ts


 RUN  v4.1.11 /tmp/deep-append-document-4c3seb7g/repo/apps/backend

 ❯ test/remote-source-invalidation.integration.test.ts (4 tests | 3 failed) 493ms
   × W03 exposes owned remote source invalidation and hides deleted report without foreign access 168ms
   × W03 ordinary cancellation does not imply source invalidation 40ms
   × W03 tombstoned account is denied even while a credential row remains 34ms

⎯⎯⎯⎯⎯⎯⎯ Failed Tests 3 ⎯⎯⎯⎯⎯⎯⎯

 FAIL  test/remote-source-invalidation.integration.test.ts > W03 exposes owned remote source invalidation and hides deleted report without foreign access
AssertionError: expected { …(11) } to match object { contentInvalidated: true, …(3) }
(12 matching properties omitted from actual)

- Expected
+ Received

  {
-   "contentInvalidated": true,
    "lifecycle": "terminal",
    "outcome": "cancelled",
-   "reportId": null,
+   "reportId": "327bdf27-b9db-40e5-bf83-f412192b6033",
  }

 ❯ test/remote-source-invalidation.integration.test.ts:23:147


⎯⎯⎯⎯⎯⎯⎯⎯⎯⎯⎯⎯⎯⎯⎯⎯⎯⎯⎯⎯⎯⎯⎯⎯[1/3]⎯

 FAIL  test/remote-source-invalidation.integration.test.ts > W03 ordinary cancellation does not imply source invalidation
AssertionError: expected { …(11) } to match object { contentInvalidated: false, …(1) }
(26 matching properties omitted from actual)

- Expected
+ Received

  {
-   "contentInvalidated": false,
-   "outcome": "cancelled",
+   "outcome": null,
  }

 ❯ test/remote-source-invalidation.integration.test.ts:29:156


⎯⎯⎯⎯⎯⎯⎯⎯⎯⎯⎯⎯⎯⎯⎯⎯⎯⎯⎯⎯⎯⎯⎯⎯[2/3]⎯

 FAIL  test/remote-source-invalidation.integration.test.ts > W03 tombstoned account is denied even while a credential row remains
AssertionError: expected 200 to be 401 // Object.is equality

- Expected
+ Received

- 401
+ 200

 ❯ test/remote-source-invalidation.integration.test.ts:37:133
     35| it("W03 tombstoned account is denied even while a credential row remai…
     36|  const a=await setup();await pool.query("UPDATE accounts SET deleted_a…
     37|  for(const url of ["/v1/session",`/v1/runs/${a.runId}`])expect((await …
       |                                                                                                                                     ^
     38| });
     39|

⎯⎯⎯⎯⎯⎯⎯⎯⎯⎯⎯⎯⎯⎯⎯⎯⎯⎯⎯⎯⎯⎯⎯⎯[3/3]⎯


 Test Files  1 failed (1)
      Tests  3 failed | 1 passed (4)
   Start at  23:36:35
   Duration  1.58s (transform 662ms, setup 0ms, import 936ms, tests 493ms, environment 0ms)

/tmp/deep-append-document-4c3seb7g/repo/apps/backend:
 ERR_PNPM_RECURSIVE_RUN_FIRST_FAIL  @deep/backend@0.1.0 test:integration: `vitest run --config vitest.integration.config.ts test/remote-source-invalidation.integration.test.ts`
Exit status 1
