
> deep-research-mobile@0.1.0 verify /home/oranolio/Desktop/Deep
> pnpm typecheck && pnpm test:unit && node scripts/check-boundaries.mjs && pnpm --filter @deep/backend test:governance


> deep-research-mobile@0.1.0 typecheck /home/oranolio/Desktop/Deep
> pnpm -r --filter "./packages/*" --filter @deep/backend typecheck

Scope: 4 of 6 workspace projects
packages/contracts typecheck$ tsc -p tsconfig.json --noEmit
packages/design typecheck$ tsc --noEmit --pretty false src/index.ts
packages/contracts typecheck: Done
packages/design typecheck: Done
packages/research-core typecheck$ tsc -p tsconfig.json --noEmit
packages/research-core typecheck: Done
apps/backend typecheck$ tsc -p tsconfig.json --noEmit
apps/backend typecheck: Done

> deep-research-mobile@0.1.0 test:unit /home/oranolio/Desktop/Deep
> pnpm --filter @deep/research-core test && pnpm --filter @deep/backend test:unit && pnpm --filter @deep/mobile test


> @deep/research-core@0.1.0 test /home/oranolio/Desktop/Deep/packages/research-core
> vitest run --config vitest.config.ts


 RUN  v4.1.11 /home/oranolio/Desktop/Deep/packages/research-core


 Test Files  15 passed (15)
      Tests  157 passed (157)
   Start at  06:09:25
   Duration  2.35s (transform 1.50s, setup 0ms, import 2.83s, tests 905ms, environment 2ms)


> @deep/backend@0.1.0 test:unit /home/oranolio/Desktop/Deep/apps/backend
> vitest run --config vitest.unit.config.ts


 RUN  v4.1.11 /home/oranolio/Desktop/Deep/apps/backend


 Test Files  21 passed (21)
      Tests  142 passed (142)
   Start at  06:09:28
   Duration  6.99s (transform 2.58s, setup 0ms, import 7.39s, tests 7.04s, environment 5ms)


> @deep/mobile@0.1.0 test /home/oranolio/Desktop/Deep/apps/mobile
> vitest run --config vitest.config.ts


 RUN  v4.1.11 /home/oranolio/Desktop/Deep/apps/mobile


 Test Files  21 passed (21)
      Tests  200 passed (200)
   Start at  06:09:36
   Duration  3.60s (transform 1.53s, setup 0ms, import 3.68s, tests 1.22s, environment 5ms)

boundaries=ok

> @deep/backend@0.1.0 test:governance /home/oranolio/Desktop/Deep/apps/backend
> vitest run --config vitest.unit.config.ts test/governance.test.ts


 RUN  v4.1.11 /home/oranolio/Desktop/Deep/apps/backend


 Test Files  1 passed (1)
      Tests  6 passed (6)
   Start at  06:09:42
   Duration  2.41s (transform 167ms, setup 0ms, import 908ms, tests 1.31s, environment 0ms)

