
> deep-research-mobile@0.1.0 verify /home/oranolio/Desktop/Deep
> pnpm typecheck && pnpm test:unit && node scripts/check-boundaries.mjs && pnpm --filter @deep/backend test:governance


> deep-research-mobile@0.1.0 typecheck /home/oranolio/Desktop/Deep
> pnpm -r --filter "./packages/*" --filter @deep/backend typecheck

Scope: 4 of 6 workspace projects
packages/contracts typecheck$ tsc -p tsconfig.json --noEmit
packages/design typecheck$ tsc --noEmit --pretty false src/index.ts
packages/contracts typecheck: Done
packages/design typecheck: Done
packages/research-core typecheck$ tsc -p tsconfig.json --noEmit
packages/research-core typecheck: Done
apps/backend typecheck$ tsc -p tsconfig.json --noEmit
apps/backend typecheck: Done

> deep-research-mobile@0.1.0 test:unit /home/oranolio/Desktop/Deep
> pnpm --filter @deep/research-core test && pnpm --filter @deep/backend test:unit && pnpm --filter @deep/mobile test


> @deep/research-core@0.1.0 test /home/oranolio/Desktop/Deep/packages/research-core
> vitest run --config vitest.config.ts


 RUN  v4.1.11 /home/oranolio/Desktop/Deep/packages/research-core


 Test Files  14 passed (14)
      Tests  155 passed (155)
   Start at  22:49:16
   Duration  2.64s (transform 1.45s, setup 0ms, import 2.90s, tests 1.03s, environment 3ms)


> @deep/backend@0.1.0 test:unit /home/oranolio/Desktop/Deep/apps/backend
> vitest run --config vitest.unit.config.ts


 RUN  v4.1.11 /home/oranolio/Desktop/Deep/apps/backend


 Test Files  18 passed (18)
      Tests  117 passed (117)
   Start at  22:49:19
   Duration  6.00s (transform 2.58s, setup 0ms, import 7.33s, tests 4.64s, environment 5ms)


> @deep/mobile@0.1.0 test /home/oranolio/Desktop/Deep/apps/mobile
> vitest run --config vitest.config.ts


 RUN  v4.1.11 /home/oranolio/Desktop/Deep/apps/mobile


 Test Files  15 passed (15)
      Tests  136 passed (136)
   Start at  22:49:26
   Duration  2.50s (transform 1.34s, setup 0ms, import 2.58s, tests 714ms, environment 3ms)

boundaries=ok

> @deep/backend@0.1.0 test:governance /home/oranolio/Desktop/Deep/apps/backend
> vitest run --config vitest.unit.config.ts test/governance.test.ts


 RUN  v4.1.11 /home/oranolio/Desktop/Deep/apps/backend


 Test Files  1 passed (1)
      Tests  6 passed (6)
   Start at  22:49:31
   Duration  2.21s (transform 151ms, setup 0ms, import 835ms, tests 1.20s, environment 0ms)

