
 RUN  v4.1.11 /tmp/deep-verification-corruption-hwb5yv23/repo/apps/backend

 ❯ test/requested-verification.integration.test.ts (35 tests | 6 failed | 26 skipped) 19059ms
   × W05 deterministic verification digest corruption terminates visibly before new issuance 2362ms
   × W05 deterministic verification schema corruption terminates visibly before new issuance 2028ms
   × W05 deterministic verification original corruption terminates visibly before new issuance 2120ms
   × W05 deterministic verification row corruption terminates visibly before new issuance 2199ms
   × W02 verification corruption retains existing confirmed financial liabilities 2026ms
   × W02 verification corruption retains existing unknown and confirmed financial liabilities 2052ms

⎯⎯⎯⎯⎯⎯⎯ Failed Tests 6 ⎯⎯⎯⎯⎯⎯⎯

 FAIL  test/requested-verification.integration.test.ts > W05 deterministic verification digest corruption terminates visibly before new issuance
Error: verification_target_digest_changed
 ❯ loadVerification src/modules/requested-verification.ts:78:58
     76|  if(required?.verification_required_revision!==args.briefRevision||!ro…
     77|  const target=VerificationTargetSchema.parse(row.target);
     78|  if(verificationDigest(target)!==row.target_digest)throw new Error("ve…
       |                                                          ^
     79|  const original=await captureVerificationTarget(db,{accountId:args.acc…
     80|  if(verificationDigest(original)!==row.target_digest)throw new Error("…
 ❯ src/worker/fenced-session.ts:55:24
 ❯ withTx src/platform/db.ts:33:20
 ❯ processRequestedVerification src/worker/requested-verification.ts:26:12
 ❯ executeLeasedRun src/worker/run-lifecycle.ts:25:5
 ❯ processRun src/worker/executor.ts:14:3
 ❯ test/requested-verification.integration.test.ts:256:2

⎯⎯⎯⎯⎯⎯⎯⎯⎯⎯⎯⎯⎯⎯⎯⎯⎯⎯⎯⎯⎯⎯⎯⎯[1/6]⎯

 FAIL  test/requested-verification.integration.test.ts > W05 deterministic verification schema corruption terminates visibly before new issuance
ZodError: [
  {
    "code": "invalid_type",
    "expected": "string",
    "received": "number",
    "path": [
      "assertion",
      "scope",
      "entity"
    ],
    "message": "Expected string, received number"
  }
]
 ❯ Object.get error [as error] ../../node_modules/zod/v3/types.js:39:31
 ❯ ZodObject.parse ../../node_modules/zod/v3/types.js:114:22
 ❯ loadVerification src/modules/requested-verification.ts:77:40
     75|  const row=(await db.query("SELECT * FROM requested_verifications WHER…
     76|  if(required?.verification_required_revision!==args.briefRevision||!ro…
     77|  const target=VerificationTargetSchema.parse(row.target);
       |                                        ^
     78|  if(verificationDigest(target)!==row.target_digest)throw new Error("ve…
     79|  const original=await captureVerificationTarget(db,{accountId:args.acc…
 ❯ src/worker/fenced-session.ts:55:24
 ❯ withTx src/platform/db.ts:33:20
 ❯ processRequestedVerification src/worker/requested-verification.ts:26:12
 ❯ executeLeasedRun src/worker/run-lifecycle.ts:25:5
 ❯ processRun src/worker/executor.ts:14:3
 ❯ test/requested-verification.integration.test.ts:256:2

⎯⎯⎯⎯⎯⎯⎯⎯⎯⎯⎯⎯⎯⎯⎯⎯⎯⎯⎯⎯⎯⎯⎯⎯[2/6]⎯

 FAIL  test/requested-verification.integration.test.ts > W05 deterministic verification original corruption terminates visibly before new issuance
Error: verification_original_target_changed
 ❯ loadVerification src/modules/requested-verification.ts:80:60
     78|  if(verificationDigest(target)!==row.target_digest)throw new Error("ve…
     79|  const original=await captureVerificationTarget(db,{accountId:args.acc…
     80|  if(verificationDigest(original)!==row.target_digest)throw new Error("…
       |                                                            ^
     81|  return VerificationRowSchema.parse({...row,target});
     82| }
 ❯ src/worker/fenced-session.ts:55:24
 ❯ withTx src/platform/db.ts:33:20
 ❯ processRequestedVerification src/worker/requested-verification.ts:26:12
 ❯ executeLeasedRun src/worker/run-lifecycle.ts:25:5
 ❯ processRun src/worker/executor.ts:14:3
 ❯ test/requested-verification.integration.test.ts:256:2

⎯⎯⎯⎯⎯⎯⎯⎯⎯⎯⎯⎯⎯⎯⎯⎯⎯⎯⎯⎯⎯⎯⎯⎯[3/6]⎯

 FAIL  test/requested-verification.integration.test.ts > W05 deterministic verification row corruption terminates visibly before new issuance
ZodError: [
  {
    "code": "invalid_type",
    "expected": "array",
    "received": "object",
    "path": [
      "source_map"
    ],
    "message": "Expected array, received object"
  }
]
 ❯ Object.get error [as error] ../../node_modules/zod/v3/types.js:39:31
 ❯ ZodObject.parse ../../node_modules/zod/v3/types.js:114:22
 ❯ loadVerification src/modules/requested-verification.ts:81:31
     79|  const original=await captureVerificationTarget(db,{accountId:args.acc…
     80|  if(verificationDigest(original)!==row.target_digest)throw new Error("…
     81|  return VerificationRowSchema.parse({...row,target});
       |                               ^
     82| }
     83| export async function admitRequestedVerification(pool:pg.Pool,config:A…
 ❯ src/worker/fenced-session.ts:55:24
 ❯ withTx src/platform/db.ts:33:20
 ❯ processRequestedVerification src/worker/requested-verification.ts:26:12
 ❯ executeLeasedRun src/worker/run-lifecycle.ts:25:5
 ❯ processRun src/worker/executor.ts:14:3
 ❯ test/requested-verification.integration.test.ts:256:2

⎯⎯⎯⎯⎯⎯⎯⎯⎯⎯⎯⎯⎯⎯⎯⎯⎯⎯⎯⎯⎯⎯⎯⎯[4/6]⎯

 FAIL  test/requested-verification.integration.test.ts > W02 verification corruption retains existing confirmed financial liabilities
 FAIL  test/requested-verification.integration.test.ts > W02 verification corruption retains existing unknown and confirmed financial liabilities
Error: verification_target_digest_changed
 ❯ loadVerification src/modules/requested-verification.ts:78:58
     76|  if(required?.verification_required_revision!==args.briefRevision||!ro…
     77|  const target=VerificationTargetSchema.parse(row.target);
     78|  if(verificationDigest(target)!==row.target_digest)throw new Error("ve…
       |                                                          ^
     79|  const original=await captureVerificationTarget(db,{accountId:args.acc…
     80|  if(verificationDigest(original)!==row.target_digest)throw new Error("…
 ❯ src/worker/fenced-session.ts:55:24
 ❯ withTx src/platform/db.ts:33:20
 ❯ processRequestedVerification src/worker/requested-verification.ts:26:12
 ❯ executeLeasedRun src/worker/run-lifecycle.ts:25:5
 ❯ processRun src/worker/executor.ts:14:3
 ❯ test/requested-verification.integration.test.ts:273:2

⎯⎯⎯⎯⎯⎯⎯⎯⎯⎯⎯⎯⎯⎯⎯⎯⎯⎯⎯⎯⎯⎯⎯⎯[5/6]⎯


 Test Files  1 failed (1)
      Tests  6 failed | 3 passed | 26 skipped (35)
   Start at  22:19:20
   Duration  20.42s (transform 874ms, setup 0ms, import 1.22s, tests 19.06s, environment 0ms)

undefined
/tmp/deep-verification-corruption-hwb5yv23/repo/apps/backend:
 ERR_PNPM_RECURSIVE_EXEC_FIRST_FAIL  Command failed with exit code 1: vitest run --config vitest.integration.config.ts test/requested-verification.integration.test.ts -t verification.*corruption
