
 RUN  v3.2.7 /home/oranolio/Desktop/Deep/apps/backend

 ❯ test/source-deletion.integration.test.ts (6 tests | 1 failed) 1689ms
   × W03/W06 deletes owned source and reused descendants, preserving unrelated raw evidence and accounts 509ms
     → expected '\n\n## Limitations\n\nA source was de…' to be null
   ✓ W03 DELETE source is authenticated, owner-bound and idempotent; source reader returns its deletion handle 223ms
   ✓ W03 deletes all extraction copies of one attachment and rejects a late parser result 200ms
   ✓ W03 source deletion prevents late model output but preserves actual financial receipts 161ms
   ✓ W03 source deletion drains only the selected legacy attachment file 132ms
   ✓ W02/W03 source deletion keeps unknown provider and account holds until actual reconciliation 143ms

⎯⎯⎯⎯⎯⎯⎯ Failed Tests 1 ⎯⎯⎯⎯⎯⎯⎯

 FAIL  test/source-deletion.integration.test.ts > W03/W06 deletes owned source and reused descendants, preserving unrelated raw evidence and accounts
AssertionError: expected '\n\n## Limitations\n\nA source was de…' to be null

- Expected: 
null

+ Received: 
"

## Limitations

A source was deleted; dependent research was invalidated\\."

 ❯ test/source-deletion.integration.test.ts:103:277


⎯⎯⎯⎯⎯⎯⎯⎯⎯⎯⎯⎯⎯⎯⎯⎯⎯⎯⎯⎯⎯⎯⎯⎯[1/1]⎯


 Test Files  1 failed (1)
      Tests  1 failed | 5 passed (6)
   Start at  18:43:39
   Duration  3.58s (transform 1.00s, setup 0ms, collect 1.60s, tests 1.69s, environment 0ms, prepare 98ms)

undefined
/home/oranolio/Desktop/Deep/apps/backend:
 ERR_PNPM_RECURSIVE_EXEC_FIRST_FAIL  Command failed with exit code 1: vitest run --config vitest.integration.config.ts test/source-deletion.integration.test.ts
