Downloading https://services.gradle.org/distributions/gradle-8.14.3-bin.zip
.............10%.............20%.............30%.............40%.............50%.............60%.............70%.............80%.............90%..............100%

Welcome to Gradle 8.14.3!

Here are the highlights of this release:
 - Java 24 support
 - GraalVM Native Image toolchain selection
 - Enhancements to test reporting
 - Build Authoring improvements

For more details see https://docs.gradle.org/8.14.3/release-notes.html

To honour the JVM settings for this build a single-use Daemon process will be forked. For more on this, please refer to https://docs.gradle.org/8.14.3/userguide/gradle_daemon.html#sec:disabling_the_daemon in the Gradle documentation.
Daemon will be stopped at the end of the build 

> Configure project :expo-gradle-plugin:expo-autolinking-plugin
w: file:///tmp/deep-native-graph-ce2f889/node_modules/expo-modules-autolinking/android/expo-gradle-plugin/expo-autolinking-plugin/build.gradle.kts:25:3: 'kotlinOptions(KotlinJvmOptionsDeprecated /* = KotlinJvmOptions */.() -> Unit): Unit' is deprecated. Please migrate to the compilerOptions DSL. More details are here: https://kotl.in/u1r8ln

> Configure project :expo-gradle-plugin:expo-autolinking-settings-plugin
w: file:///tmp/deep-native-graph-ce2f889/node_modules/expo-modules-autolinking/android/expo-gradle-plugin/expo-autolinking-settings-plugin/build.gradle.kts:30:3: 'kotlinOptions(KotlinJvmOptionsDeprecated /* = KotlinJvmOptions */.() -> Unit): Unit' is deprecated. Please migrate to the compilerOptions DSL. More details are here: https://kotl.in/u1r8ln

> Task :expo-gradle-plugin:expo-autolinking-plugin-shared:checkKotlinGradlePluginConfigurationErrors SKIPPED
> Task :gradle-plugin:shared:checkKotlinGradlePluginConfigurationErrors SKIPPED
> Task :expo-gradle-plugin:expo-autolinking-settings-plugin:checkKotlinGradlePluginConfigurationErrors SKIPPED
> Task :gradle-plugin:settings-plugin:checkKotlinGradlePluginConfigurationErrors SKIPPED
> Task :expo-gradle-plugin:expo-autolinking-settings-plugin:pluginDescriptors
> Task :gradle-plugin:settings-plugin:pluginDescriptors
> Task :expo-gradle-plugin:expo-autolinking-settings-plugin:processResources
> Task :gradle-plugin:settings-plugin:processResources
> Task :gradle-plugin:shared:compileKotlin
> Task :expo-gradle-plugin:expo-autolinking-plugin-shared:compileKotlin
> Task :gradle-plugin:shared:processResources NO-SOURCE
> Task :expo-gradle-plugin:expo-autolinking-plugin-shared:processResources NO-SOURCE
> Task :gradle-plugin:shared:compileJava NO-SOURCE
> Task :gradle-plugin:shared:classes UP-TO-DATE
> Task :gradle-plugin:shared:jar
> Task :expo-gradle-plugin:expo-autolinking-plugin-shared:compileJava NO-SOURCE
> Task :expo-gradle-plugin:expo-autolinking-plugin-shared:classes UP-TO-DATE
> Task :expo-gradle-plugin:expo-autolinking-plugin-shared:jar
> Task :gradle-plugin:settings-plugin:compileKotlin
> Task :gradle-plugin:settings-plugin:compileJava NO-SOURCE
> Task :gradle-plugin:settings-plugin:classes
> Task :gradle-plugin:settings-plugin:jar
> Task :expo-gradle-plugin:expo-autolinking-settings-plugin:compileKotlin
> Task :expo-gradle-plugin:expo-autolinking-settings-plugin:compileJava NO-SOURCE
> Task :expo-gradle-plugin:expo-autolinking-settings-plugin:classes
> Task :expo-gradle-plugin:expo-autolinking-settings-plugin:jar

> Configure project :expo-module-gradle-plugin
w: file:///tmp/deep-native-graph-ce2f889/node_modules/expo-modules-core/expo-module-gradle-plugin/build.gradle.kts:58:3: 'kotlinOptions(KotlinJvmOptionsDeprecated /* = KotlinJvmOptions */.() -> Unit): Unit' is deprecated. Please migrate to the compilerOptions DSL. More details are here: https://kotl.in/u1r8ln

> Task :expo-gradle-plugin:expo-autolinking-plugin:checkKotlinGradlePluginConfigurationErrors SKIPPED
> Task :gradle-plugin:react-native-gradle-plugin:checkKotlinGradlePluginConfigurationErrors SKIPPED
> Task :expo-module-gradle-plugin:checkKotlinGradlePluginConfigurationErrors SKIPPED
> Task :expo-module-gradle-plugin:pluginDescriptors
> Task :expo-module-gradle-plugin:processResources
> Task :expo-gradle-plugin:expo-autolinking-plugin:pluginDescriptors
> Task :expo-gradle-plugin:expo-autolinking-plugin:processResources
> Task :expo-gradle-plugin:expo-autolinking-plugin:compileKotlin
> Task :expo-gradle-plugin:expo-autolinking-plugin:compileJava NO-SOURCE
> Task :expo-gradle-plugin:expo-autolinking-plugin:classes
> Task :expo-gradle-plugin:expo-autolinking-plugin:jar
> Task :gradle-plugin:react-native-gradle-plugin:pluginDescriptors
> Task :gradle-plugin:react-native-gradle-plugin:processResources
> Task :gradle-plugin:react-native-gradle-plugin:compileKotlin
> Task :gradle-plugin:react-native-gradle-plugin:compileJava NO-SOURCE
> Task :gradle-plugin:react-native-gradle-plugin:classes
> Task :gradle-plugin:react-native-gradle-plugin:jar

> Task :expo-module-gradle-plugin:compileKotlin
w: file:///tmp/deep-native-graph-ce2f889/node_modules/expo-modules-core/expo-module-gradle-plugin/src/main/kotlin/expo/modules/plugin/android/AndroidLibraryExtension.kt:9:24 'var targetSdk: Int?' is deprecated. Will be removed from library DSL in v9.0. Use testOptions.targetSdk or/and lint.targetSdk instead.

> Task :expo-module-gradle-plugin:compileJava NO-SOURCE
> Task :expo-module-gradle-plugin:classes
> Task :expo-module-gradle-plugin:jar

> Configure project :
[32m[ExpoRootProject][0m Using the following versions:
  - buildTools:  [32m36.0.0[0m
  - minSdk:      [32m24[0m
  - compileSdk:  [32m36[0m
  - targetSdk:   [32m36[0m
  - ndk:         [32m27.1.12297006[0m
  - kotlin:      [32m2.1.20[0m
  - ksp:         [32m2.1.20-2.0.1[0m

> Configure project :app
Checking the license for package NDK (Side by side) 27.1.12297006 in /home/oranolio/android-sdk/licenses
License for package NDK (Side by side) 27.1.12297006 accepted.
Preparing "Install NDK (Side by side) 27.1.12297006 v.27.1.12297006".
"Install NDK (Side by side) 27.1.12297006 v.27.1.12297006" ready.
Installing NDK (Side by side) 27.1.12297006 in /home/oranolio/android-sdk/ndk/27.1.12297006
"Install NDK (Side by side) 27.1.12297006 v.27.1.12297006" complete.
"Install NDK (Side by side) 27.1.12297006 v.27.1.12297006" finished.

> Configure project :expo

Using expo modules
  - [32mexpo-constants[0m (18.0.14)
  - [32mexpo-modules-core[0m (3.0.30)
  - [33m[📦][0m [32mexpo-asset[0m (12.0.13)
  - [33m[📦][0m [32mexpo-crypto[0m (15.0.9)
  - [33m[📦][0m [32mexpo-document-picker[0m (14.0.8)
  - [33m[📦][0m [32mexpo-file-system[0m (19.0.24)
  - [33m[📦][0m [32mexpo-font[0m (14.0.12)
  - [33m[📦][0m [32mexpo-keep-awake[0m (15.0.8)
  - [33m[📦][0m [32mexpo-secure-store[0m (15.0.8)


> Task :app:dependencies

------------------------------------------------------------
Project ':app'
------------------------------------------------------------

releaseRuntimeClasspath - Runtime classpath of '/release'.
+--- org.jetbrains.kotlin:kotlin-stdlib:2.1.20
|    +--- org.jetbrains:annotations:13.0 -> 23.0.0
|    +--- org.jetbrains.kotlin:kotlin-stdlib-jdk7:1.8.0 -> 2.1.20 (c)
|    +--- org.jetbrains.kotlin:kotlin-stdlib-jdk8:1.8.0 -> 1.8.20 (c)
|    \--- org.jetbrains.kotlin:kotlin-stdlib-common:2.1.20 (c)
+--- project :react-native-async-storage_async-storage
|    \--- com.facebook.react:react-native:+ -> com.facebook.react:react-android:0.81.4
|         +--- androidx.appcompat:appcompat:1.7.0
|         |    +--- androidx.activity:activity:1.7.0
|         |    |    +--- androidx.annotation:annotation:1.1.0 -> 1.8.1
|         |    |    |    \--- androidx.annotation:annotation-jvm:1.8.1
|         |    |    |         \--- org.jetbrains.kotlin:kotlin-stdlib:1.7.10 -> 2.1.20 (*)
|         |    |    +--- androidx.collection:collection:1.0.0 -> 1.1.0
|         |    |    |    \--- androidx.annotation:annotation:1.1.0 -> 1.8.1 (*)
|         |    |    +--- androidx.core:core:1.8.0 -> 1.13.1
|         |    |    |    +--- androidx.annotation:annotation:1.6.0 -> 1.8.1 (*)
|         |    |    |    +--- androidx.annotation:annotation-experimental:1.4.0
|         |    |    |    |    \--- org.jetbrains.kotlin:kotlin-stdlib:1.7.10 -> 2.1.20 (*)
|         |    |    |    +--- androidx.collection:collection:1.0.0 -> 1.1.0 (*)
|         |    |    |    +--- androidx.concurrent:concurrent-futures:1.0.0 -> 1.1.0
|         |    |    |    |    +--- androidx.annotation:annotation:1.1.0 -> 1.8.1 (*)
|         |    |    |    |    \--- com.google.guava:listenablefuture:1.0
|         |    |    |    +--- androidx.interpolator:interpolator:1.0.0
|         |    |    |    |    \--- androidx.annotation:annotation:1.0.0 -> 1.8.1 (*)
|         |    |    |    +--- androidx.lifecycle:lifecycle-runtime:2.6.2
|         |    |    |    |    +--- androidx.annotation:annotation:1.1.0 -> 1.8.1 (*)
|         |    |    |    |    +--- androidx.arch.core:core-common:2.2.0
|         |    |    |    |    |    \--- androidx.annotation:annotation:1.1.0 -> 1.8.1 (*)
|         |    |    |    |    +--- androidx.arch.core:core-runtime:2.2.0
|         |    |    |    |    |    +--- androidx.annotation:annotation:1.1.0 -> 1.8.1 (*)
|         |    |    |    |    |    \--- androidx.arch.core:core-common:2.2.0 (*)
|         |    |    |    |    +--- androidx.lifecycle:lifecycle-common:2.6.2
|         |    |    |    |    |    +--- androidx.annotation:annotation:1.1.0 -> 1.8.1 (*)
|         |    |    |    |    |    +--- org.jetbrains.kotlin:kotlin-stdlib:1.8.10 -> 2.1.20 (*)
|         |    |    |    |    |    +--- org.jetbrains.kotlinx:kotlinx-coroutines-android:1.6.4 -> 1.7.3
|         |    |    |    |    |    |    +--- org.jetbrains.kotlinx:kotlinx-coroutines-core:1.7.3
|         |    |    |    |    |    |    |    \--- org.jetbrains.kotlinx:kotlinx-coroutines-core-jvm:1.7.3
|         |    |    |    |    |    |    |         +--- org.jetbrains:annotations:23.0.0
|         |    |    |    |    |    |    |         +--- org.jetbrains.kotlinx:kotlinx-coroutines-bom:1.7.3
|         |    |    |    |    |    |    |         |    +--- org.jetbrains.kotlinx:kotlinx-coroutines-android:1.7.3 (c)
|         |    |    |    |    |    |    |         |    +--- org.jetbrains.kotlinx:kotlinx-coroutines-core-jvm:1.7.3 (c)
|         |    |    |    |    |    |    |         |    \--- org.jetbrains.kotlinx:kotlinx-coroutines-core:1.7.3 (c)
|         |    |    |    |    |    |    |         +--- org.jetbrains.kotlin:kotlin-stdlib-common:1.8.20 -> 2.1.20
|         |    |    |    |    |    |    |         |    \--- org.jetbrains.kotlin:kotlin-stdlib:2.1.20 (*)
|         |    |    |    |    |    |    |         \--- org.jetbrains.kotlin:kotlin-stdlib-jdk8:1.8.20
|         |    |    |    |    |    |    |              +--- org.jetbrains.kotlin:kotlin-stdlib:1.8.20 -> 2.1.20 (*)
|         |    |    |    |    |    |    |              \--- org.jetbrains.kotlin:kotlin-stdlib-jdk7:1.8.20 -> 2.1.20
|         |    |    |    |    |    |    |                   \--- org.jetbrains.kotlin:kotlin-stdlib:2.1.20 (*)
|         |    |    |    |    |    |    +--- org.jetbrains.kotlinx:kotlinx-coroutines-bom:1.7.3 (*)
|         |    |    |    |    |    |    \--- org.jetbrains.kotlin:kotlin-stdlib-jdk8:1.8.20 (*)
|         |    |    |    |    |    +--- androidx.lifecycle:lifecycle-livedata:2.6.2 (c)
|         |    |    |    |    |    +--- androidx.lifecycle:lifecycle-livedata-core:2.6.2 (c)
|         |    |    |    |    |    +--- androidx.lifecycle:lifecycle-process:2.6.2 (c)
|         |    |    |    |    |    +--- androidx.lifecycle:lifecycle-runtime:2.6.2 (c)
|         |    |    |    |    |    +--- androidx.lifecycle:lifecycle-viewmodel:2.6.2 (c)
|         |    |    |    |    |    \--- androidx.lifecycle:lifecycle-viewmodel-savedstate:2.6.2 (c)
|         |    |    |    |    +--- androidx.profileinstaller:profileinstaller:1.3.0 -> 1.3.1
|         |    |    |    |    |    +--- androidx.annotation:annotation:1.2.0 -> 1.8.1 (*)
|         |    |    |    |    |    +--- androidx.concurrent:concurrent-futures:1.1.0 (*)
|         |    |    |    |    |    +--- androidx.startup:startup-runtime:1.1.1
|         |    |    |    |    |    |    +--- androidx.annotation:annotation:1.1.0 -> 1.8.1 (*)
|         |    |    |    |    |    |    \--- androidx.tracing:tracing:1.0.0 -> 1.2.0
|         |    |    |    |    |    |         +--- androidx.annotation:annotation:1.2.0 -> 1.8.1 (*)
|         |    |    |    |    |    |         \--- androidx.tracing:tracing-ktx:1.2.0 (c)
|         |    |    |    |    |    \--- com.google.guava:listenablefuture:1.0
|         |    |    |    |    +--- org.jetbrains.kotlin:kotlin-stdlib:1.8.10 -> 2.1.20 (*)
|         |    |    |    |    +--- androidx.lifecycle:lifecycle-common:2.6.2 (c)
|         |    |    |    |    +--- androidx.lifecycle:lifecycle-livedata:2.6.2 (c)
|         |    |    |    |    +--- androidx.lifecycle:lifecycle-livedata-core:2.6.2 (c)
|         |    |    |    |    +--- androidx.lifecycle:lifecycle-process:2.6.2 (c)
|         |    |    |    |    +--- androidx.lifecycle:lifecycle-viewmodel:2.6.2 (c)
|         |    |    |    |    \--- androidx.lifecycle:lifecycle-viewmodel-savedstate:2.6.2 (c)
|         |    |    |    +--- androidx.versionedparcelable:versionedparcelable:1.1.1
|         |    |    |    |    +--- androidx.annotation:annotation:1.1.0 -> 1.8.1 (*)
|         |    |    |    |    \--- androidx.collection:collection:1.0.0 -> 1.1.0 (*)
|         |    |    |    +--- org.jetbrains.kotlin:kotlin-stdlib:1.8.22 -> 2.1.20 (*)
|         |    |    |    \--- androidx.core:core-ktx:1.13.1 (c)
|         |    |    +--- androidx.lifecycle:lifecycle-runtime:2.6.1 -> 2.6.2 (*)
|         |    |    +--- androidx.lifecycle:lifecycle-viewmodel:2.6.1 -> 2.6.2
|         |    |    |    +--- androidx.annotation:annotation:1.1.0 -> 1.8.1 (*)
|         |    |    |    +--- org.jetbrains.kotlin:kotlin-stdlib:1.8.10 -> 2.1.20 (*)
|         |    |    |    +--- androidx.lifecycle:lifecycle-common:2.6.2 (c)
|         |    |    |    +--- androidx.lifecycle:lifecycle-livedata:2.6.2 (c)
|         |    |    |    +--- androidx.lifecycle:lifecycle-livedata-core:2.6.2 (c)
|         |    |    |    +--- androidx.lifecycle:lifecycle-process:2.6.2 (c)
|         |    |    |    +--- androidx.lifecycle:lifecycle-runtime:2.6.2 (c)
|         |    |    |    \--- androidx.lifecycle:lifecycle-viewmodel-savedstate:2.6.2 (c)
|         |    |    +--- androidx.lifecycle:lifecycle-viewmodel-savedstate:2.6.1 -> 2.6.2
|         |    |    |    +--- androidx.annotation:annotation:1.0.0 -> 1.8.1 (*)
|         |    |    |    +--- androidx.core:core-ktx:1.2.0 -> 1.13.1
|         |    |    |    |    +--- androidx.annotation:annotation:1.1.0 -> 1.8.1 (*)
|         |    |    |    |    +--- androidx.core:core:1.13.1 (*)
|         |    |    |    |    +--- org.jetbrains.kotlin:kotlin-stdlib:1.8.22 -> 2.1.20 (*)
|         |    |    |    |    \--- androidx.core:core:1.13.1 (c)
|         |    |    |    +--- androidx.lifecycle:lifecycle-livedata-core:2.6.2
|         |    |    |    |    +--- androidx.arch.core:core-common:2.1.0 -> 2.2.0 (*)
|         |    |    |    |    +--- androidx.arch.core:core-runtime:2.1.0 -> 2.2.0 (*)
|         |    |    |    |    +--- androidx.lifecycle:lifecycle-common:2.6.2 (*)
|         |    |    |    |    +--- org.jetbrains.kotlin:kotlin-stdlib:1.8.10 -> 2.1.20 (*)
|         |    |    |    |    +--- androidx.lifecycle:lifecycle-common:2.6.2 (c)
|         |    |    |    |    +--- androidx.lifecycle:lifecycle-livedata:2.6.2 (c)
|         |    |    |    |    +--- androidx.lifecycle:lifecycle-process:2.6.2 (c)
|         |    |    |    |    +--- androidx.lifecycle:lifecycle-runtime:2.6.2 (c)
|         |    |    |    |    +--- androidx.lifecycle:lifecycle-viewmodel:2.6.2 (c)
|         |    |    |    |    \--- androidx.lifecycle:lifecycle-viewmodel-savedstate:2.6.2 (c)
|         |    |    |    +--- androidx.lifecycle:lifecycle-viewmodel:2.6.2 (*)
|         |    |    |    +--- androidx.savedstate:savedstate:1.2.1
|         |    |    |    |    +--- androidx.annotation:annotation:1.1.0 -> 1.8.1 (*)
|         |    |    |    |    +--- androidx.arch.core:core-common:2.1.0 -> 2.2.0 (*)
|         |    |    |    |    +--- androidx.lifecycle:lifecycle-common:2.6.1 -> 2.6.2 (*)
|         |    |    |    |    \--- org.jetbrains.kotlin:kotlin-stdlib:1.8.10 -> 2.1.20 (*)
|         |    |    |    +--- org.jetbrains.kotlin:kotlin-stdlib:1.8.10 -> 2.1.20 (*)
|         |    |    |    +--- org.jetbrains.kotlinx:kotlinx-coroutines-android:1.6.4 -> 1.7.3 (*)
|         |    |    |    +--- androidx.lifecycle:lifecycle-common:2.6.2 (c)
|         |    |    |    +--- androidx.lifecycle:lifecycle-livedata:2.6.2 (c)
|         |    |    |    +--- androidx.lifecycle:lifecycle-livedata-core:2.6.2 (c)
|         |    |    |    +--- androidx.lifecycle:lifecycle-process:2.6.2 (c)
|         |    |    |    +--- androidx.lifecycle:lifecycle-runtime:2.6.2 (c)
|         |    |    |    \--- androidx.lifecycle:lifecycle-viewmodel:2.6.2 (c)
|         |    |    +--- androidx.profileinstaller:profileinstaller:1.3.0 -> 1.3.1 (*)
|         |    |    +--- androidx.savedstate:savedstate:1.2.1 (*)
|         |    |    +--- androidx.tracing:tracing:1.0.0 -> 1.2.0 (*)
|         |    |    \--- org.jetbrains.kotlin:kotlin-stdlib:1.8.10 -> 2.1.20 (*)
|         |    +--- androidx.annotation:annotation:1.3.0 -> 1.8.1 (*)
|         |    +--- androidx.appcompat:appcompat-resources:1.7.0
|         |    |    +--- androidx.annotation:annotation:1.2.0 -> 1.8.1 (*)
|         |    |    +--- androidx.collection:collection:1.0.0 -> 1.1.0 (*)
|         |    |    +--- androidx.core:core:1.6.0 -> 1.13.1 (*)
|         |    |    +--- androidx.vectordrawable:vectordrawable:1.1.0
|         |    |    |    +--- androidx.annotation:annotation:1.1.0 -> 1.8.1 (*)
|         |    |    |    +--- androidx.core:core:1.1.0 -> 1.13.1 (*)
|         |    |    |    \--- androidx.collection:collection:1.1.0 (*)
|         |    |    +--- androidx.vectordrawable:vectordrawable-animated:1.1.0
|         |    |    |    +--- androidx.vectordrawable:vectordrawable:1.1.0 (*)
|         |    |    |    +--- androidx.interpolator:interpolator:1.0.0 (*)
|         |    |    |    \--- androidx.collection:collection:1.1.0 (*)
|         |    |    \--- androidx.appcompat:appcompat:1.7.0 (c)
|         |    +--- androidx.collection:collection:1.0.0 -> 1.1.0 (*)
|         |    +--- androidx.core:core:1.13.0 -> 1.13.1 (*)
|         |    +--- androidx.core:core-ktx:1.13.0 -> 1.13.1 (*)
|         |    +--- androidx.cursoradapter:cursoradapter:1.0.0
|         |    |    \--- androidx.annotation:annotation:1.0.0 -> 1.8.1 (*)
|         |    +--- androidx.drawerlayout:drawerlayout:1.0.0
|         |    |    +--- androidx.annotation:annotation:1.0.0 -> 1.8.1 (*)
|         |    |    +--- androidx.core:core:1.0.0 -> 1.13.1 (*)
|         |    |    \--- androidx.customview:customview:1.0.0
|         |    |         +--- androidx.annotation:annotation:1.0.0 -> 1.8.1 (*)
|         |    |         \--- androidx.core:core:1.0.0 -> 1.13.1 (*)
|         |    +--- androidx.emoji2:emoji2:1.3.0
|         |    |    +--- androidx.annotation:annotation:1.2.0 -> 1.8.1 (*)
|         |    |    +--- androidx.collection:collection:1.1.0 (*)
|         |    |    +--- androidx.core:core:1.3.0 -> 1.13.1 (*)
|         |    |    +--- androidx.lifecycle:lifecycle-process:2.4.1 -> 2.6.2
|         |    |    |    +--- androidx.annotation:annotation:1.2.0 -> 1.8.1 (*)
|         |    |    |    +--- androidx.lifecycle:lifecycle-runtime:2.6.2 (*)
|         |    |    |    +--- androidx.startup:startup-runtime:1.1.1 (*)
|         |    |    |    +--- org.jetbrains.kotlin:kotlin-stdlib:1.8.10 -> 2.1.20 (*)
|         |    |    |    +--- androidx.lifecycle:lifecycle-common:2.6.2 (c)
|         |    |    |    +--- androidx.lifecycle:lifecycle-livedata:2.6.2 (c)
|         |    |    |    +--- androidx.lifecycle:lifecycle-livedata-core:2.6.2 (c)
|         |    |    |    +--- androidx.lifecycle:lifecycle-runtime:2.6.2 (c)
|         |    |    |    +--- androidx.lifecycle:lifecycle-viewmodel:2.6.2 (c)
|         |    |    |    \--- androidx.lifecycle:lifecycle-viewmodel-savedstate:2.6.2 (c)
|         |    |    +--- androidx.startup:startup-runtime:1.0.0 -> 1.1.1 (*)
|         |    |    \--- androidx.emoji2:emoji2-views-helper:1.3.0 (c)
|         |    +--- androidx.emoji2:emoji2-views-helper:1.2.0 -> 1.3.0
|         |    |    +--- androidx.collection:collection:1.1.0 (*)
|         |    |    +--- androidx.core:core:1.3.0 -> 1.13.1 (*)
|         |    |    +--- androidx.emoji2:emoji2:1.3.0 (*)
|         |    |    \--- androidx.emoji2:emoji2:1.3.0 (c)
|         |    +--- androidx.fragment:fragment:1.5.4
|         |    |    +--- androidx.activity:activity:1.5.1 -> 1.7.0 (*)
|         |    |    +--- androidx.annotation:annotation:1.1.0 -> 1.8.1 (*)
|         |    |    +--- androidx.annotation:annotation-experimental:1.0.0 -> 1.4.0 (*)
|         |    |    +--- androidx.collection:collection:1.1.0 (*)
|         |    |    +--- androidx.core:core-ktx:1.2.0 -> 1.13.1 (*)
|         |    |    +--- androidx.lifecycle:lifecycle-livedata-core:2.5.1 -> 2.6.2 (*)
|         |    |    +--- androidx.lifecycle:lifecycle-viewmodel:2.5.1 -> 2.6.2 (*)
|         |    |    +--- androidx.lifecycle:lifecycle-viewmodel-savedstate:2.5.1 -> 2.6.2 (*)
|         |    |    +--- androidx.loader:loader:1.0.0
|         |    |    |    +--- androidx.annotation:annotation:1.0.0 -> 1.8.1 (*)
|         |    |    |    +--- androidx.core:core:1.0.0 -> 1.13.1 (*)
|         |    |    |    +--- androidx.lifecycle:lifecycle-livedata:2.0.0 -> 2.6.2
|         |    |    |    |    +--- androidx.arch.core:core-common:2.1.0 -> 2.2.0 (*)
|         |    |    |    |    +--- androidx.arch.core:core-runtime:2.1.0 -> 2.2.0 (*)
|         |    |    |    |    +--- androidx.lifecycle:lifecycle-livedata-core:2.6.2 (*)
|         |    |    |    |    +--- org.jetbrains.kotlin:kotlin-stdlib:1.8.10 -> 2.1.20 (*)
|         |    |    |    |    +--- androidx.lifecycle:lifecycle-common:2.6.2 (c)
|         |    |    |    |    +--- androidx.lifecycle:lifecycle-livedata-core:2.6.2 (c)
|         |    |    |    |    +--- androidx.lifecycle:lifecycle-process:2.6.2 (c)
|         |    |    |    |    +--- androidx.lifecycle:lifecycle-runtime:2.6.2 (c)
|         |    |    |    |    +--- androidx.lifecycle:lifecycle-viewmodel:2.6.2 (c)
|         |    |    |    |    \--- androidx.lifecycle:lifecycle-viewmodel-savedstate:2.6.2 (c)
|         |    |    |    \--- androidx.lifecycle:lifecycle-viewmodel:2.0.0 -> 2.6.2 (*)
|         |    |    +--- androidx.savedstate:savedstate:1.2.0 -> 1.2.1 (*)
|         |    |    +--- androidx.viewpager:viewpager:1.0.0
|         |    |    |    +--- androidx.annotation:annotation:1.0.0 -> 1.8.1 (*)
|         |    |    |    +--- androidx.core:core:1.0.0 -> 1.13.1 (*)
|         |    |    |    \--- androidx.customview:customview:1.0.0 (*)
|         |    |    \--- org.jetbrains.kotlin:kotlin-stdlib:1.6.21 -> 2.1.20 (*)
|         |    +--- androidx.lifecycle:lifecycle-runtime:2.6.1 -> 2.6.2 (*)
|         |    +--- androidx.lifecycle:lifecycle-viewmodel:2.6.1 -> 2.6.2 (*)
|         |    +--- androidx.profileinstaller:profileinstaller:1.3.1 (*)
|         |    +--- androidx.resourceinspection:resourceinspection-annotation:1.0.1
|         |    |    \--- androidx.annotation:annotation:1.1.0 -> 1.8.1 (*)
|         |    +--- androidx.savedstate:savedstate:1.2.1 (*)
|         |    +--- org.jetbrains.kotlin:kotlin-stdlib:1.8.22 -> 2.1.20 (*)
|         |    \--- androidx.appcompat:appcompat-resources:1.7.0 (c)
|         +--- androidx.appcompat:appcompat-resources:1.7.0 (*)
|         +--- androidx.autofill:autofill:1.1.0
|         |    \--- androidx.core:core:1.1.0 -> 1.13.1 (*)
|         +--- androidx.swiperefreshlayout:swiperefreshlayout:1.1.0
|         |    +--- androidx.annotation:annotation:1.1.0 -> 1.8.1 (*)
|         |    +--- androidx.core:core:1.1.0 -> 1.13.1 (*)
|         |    \--- androidx.interpolator:interpolator:1.0.0 (*)
|         +--- androidx.tracing:tracing:1.1.0 -> 1.2.0 (*)
|         +--- com.facebook.fbjni:fbjni:0.7.0
|         |    \--- com.facebook.soloader:nativeloader:0.10.5 -> 0.12.1
|         +--- com.facebook.fresco:fresco:3.6.0
|         |    +--- com.facebook.fresco:soloader:3.6.0
|         |    |    +--- com.facebook.fresco:fbcore:3.6.0
|         |    |    |    +--- androidx.core:core:1.13.1 (*)
|         |    |    |    \--- org.jetbrains.kotlin:kotlin-stdlib:2.0.0 -> 2.1.20 (*)
|         |    |    \--- com.facebook.soloader:soloader:0.11.0 -> 0.12.1
|         |    |         +--- com.facebook.soloader:annotation:0.12.1
|         |    |         \--- com.facebook.soloader:nativeloader:0.12.1
|         |    +--- com.facebook.soloader:nativeloader:0.11.0 -> 0.12.1
|         |    +--- com.facebook.fresco:ui-common:3.6.0
|         |    |    +--- com.facebook.fresco:fbcore:3.6.0 (*)
|         |    |    \--- org.jetbrains.kotlin:kotlin-stdlib:2.0.0 -> 2.1.20 (*)
|         |    +--- com.facebook.fresco:ui-core:3.6.0
|         |    |    \--- org.jetbrains.kotlin:kotlin-stdlib:2.0.0 -> 2.1.20 (*)
|         |    +--- com.facebook.fresco:middleware:3.6.0
|         |    |    +--- com.facebook.fresco:fbcore:3.6.0 (*)
|         |    |    +--- com.facebook.fresco:ui-common:3.6.0 (*)
|         |    |    \--- org.jetbrains.kotlin:kotlin-stdlib:2.0.0 -> 2.1.20 (*)
|         |    +--- com.facebook.fresco:fbcore:3.6.0 (*)
|         |    +--- com.facebook.fresco:drawee:3.6.0
|         |    |    +--- com.facebook.fresco:fbcore:3.6.0 (*)
|         |    |    +--- com.facebook.fresco:imagepipeline:3.6.0
|         |    |    |    +--- com.facebook.soloader:nativeloader:0.11.0 -> 0.12.1
|         |    |    |    +--- com.facebook.soloader:annotation:0.11.0 -> 0.12.1
|         |    |    |    +--- com.parse.bolts:bolts-tasks:1.4.0
|         |    |    |    +--- com.facebook.fresco:fbcore:3.6.0 (*)
|         |    |    |    +--- com.facebook.fresco:middleware:3.6.0 (*)
|         |    |    |    +--- com.facebook.fresco:urimod:3.6.0
|         |    |    |    |    +--- com.facebook.fresco:fbcore:3.6.0 (*)
|         |    |    |    |    +--- com.facebook.fresco:ui-core:3.6.0 (*)
|         |    |    |    |    +--- com.facebook.fresco:vito-source:3.6.0
|         |    |    |    |    |    +--- com.facebook.fresco:middleware:3.6.0 (*)
|         |    |    |    |    |    \--- org.jetbrains.kotlin:kotlin-stdlib:2.0.0 -> 2.1.20 (*)
|         |    |    |    |    \--- org.jetbrains.kotlin:kotlin-stdlib:2.0.0 -> 2.1.20 (*)
|         |    |    |    +--- org.jetbrains.kotlin:kotlin-stdlib:2.0.0 -> 2.1.20 (*)
|         |    |    |    \--- com.facebook.fresco:imagepipeline-base:3.6.0
|         |    |    |         +--- com.facebook.infer.annotation:infer-annotation:0.18.0
|         |    |    |         |    +--- com.google.code.findbugs:jsr305:3.0.1 -> 3.0.2
|         |    |    |         |    \--- org.jetbrains.kotlin:kotlin-annotations-jvm:1.3.72
|         |    |    |         +--- com.facebook.soloader:annotation:0.11.0 -> 0.12.1
|         |    |    |         +--- com.parse.bolts:bolts-tasks:1.4.0
|         |    |    |         +--- com.facebook.fresco:fbcore:3.6.0 (*)
|         |    |    |         +--- com.facebook.fresco:middleware:3.6.0 (*)
|         |    |    |         \--- org.jetbrains.kotlin:kotlin-stdlib:2.0.0 -> 2.1.20 (*)
|         |    |    +--- com.facebook.fresco:imagepipeline-native:3.6.0
|         |    |    |    +--- com.facebook.fresco:imagepipeline:3.6.0 (*)
|         |    |    |    +--- com.facebook.fresco:fbcore:3.6.0 (*)
|         |    |    |    \--- com.facebook.soloader:soloader:0.11.0 -> 0.12.1 (*)
|         |    |    +--- com.facebook.fresco:memory-type-ashmem:3.6.0
|         |    |    |    +--- com.facebook.fresco:fbcore:3.6.0 (*)
|         |    |    |    \--- com.facebook.fresco:imagepipeline:3.6.0 (*)
|         |    |    +--- com.facebook.fresco:memory-type-native:3.6.0
|         |    |    |    +--- com.facebook.fresco:fbcore:3.6.0 (*)
|         |    |    |    +--- com.facebook.fresco:imagepipeline:3.6.0 (*)
|         |    |    |    +--- com.facebook.fresco:imagepipeline-native:3.6.0 (*)
|         |    |    |    \--- com.facebook.soloader:nativeloader:0.11.0 -> 0.12.1
|         |    |    +--- com.facebook.fresco:memory-type-java:3.6.0
|         |    |    |    +--- com.facebook.fresco:fbcore:3.6.0 (*)
|         |    |    |    +--- com.facebook.fresco:imagepipeline:3.6.0 (*)
|         |    |    |    \--- com.facebook.fresco:imagepipeline-native:3.6.0 (*)
|         |    |    +--- com.facebook.fresco:ui-common:3.6.0 (*)
|         |    |    +--- com.facebook.fresco:middleware:3.6.0 (*)
|         |    |    +--- com.facebook.fresco:ui-core:3.6.0 (*)
|         |    |    \--- org.jetbrains.kotlin:kotlin-stdlib:2.0.0 -> 2.1.20 (*)
|         |    +--- com.facebook.fresco:imagepipeline:3.6.0 (*)
|         |    +--- com.facebook.fresco:imagepipeline-native:3.6.0 (*)
|         |    +--- com.facebook.fresco:memory-type-ashmem:3.6.0 (*)
|         |    +--- com.facebook.fresco:memory-type-native:3.6.0 (*)
|         |    +--- com.facebook.fresco:memory-type-java:3.6.0 (*)
|         |    +--- com.facebook.fresco:nativeimagefilters:3.6.0
|         |    |    +--- com.facebook.fresco:imagepipeline:3.6.0 (*)
|         |    |    +--- com.facebook.fresco:imagepipeline-native:3.6.0 (*)
|         |    |    +--- com.facebook.fresco:memory-type-ashmem:3.6.0 (*)
|         |    |    +--- com.facebook.fresco:memory-type-native:3.6.0 (*)
|         |    |    +--- com.facebook.fresco:memory-type-java:3.6.0 (*)
|         |    |    +--- com.facebook.soloader:nativeloader:0.11.0 -> 0.12.1
|         |    |    +--- com.parse.bolts:bolts-tasks:1.4.0
|         |    |    \--- com.facebook.fresco:fbcore:3.6.0 (*)
|         |    +--- com.facebook.fresco:nativeimagetranscoder:3.6.0
|         |    |    +--- com.facebook.fresco:imagepipeline-base:3.6.0 (*)
|         |    |    +--- com.facebook.soloader:nativeloader:0.11.0 -> 0.12.1
|         |    |    +--- com.parse.bolts:bolts-tasks:1.4.0
|         |    |    \--- com.facebook.fresco:fbcore:3.6.0 (*)
|         |    \--- org.jetbrains.kotlin:kotlin-stdlib:2.0.0 -> 2.1.20 (*)
|         +--- com.facebook.fresco:imagepipeline-okhttp3:3.6.0
|         |    +--- com.facebook.fresco:fbcore:3.6.0 (*)
|         |    +--- com.facebook.fresco:imagepipeline:3.6.0 (*)
|         |    +--- com.facebook.fresco:imagepipeline-native:3.6.0 (*)
|         |    +--- com.facebook.fresco:memory-type-ashmem:3.6.0 (*)
|         |    +--- com.facebook.fresco:memory-type-native:3.6.0 (*)
|         |    +--- com.facebook.fresco:memory-type-java:3.6.0 (*)
|         |    +--- com.facebook.fresco:middleware:3.6.0 (*)
|         |    +--- com.squareup.okhttp3:okhttp:3.14.9 -> 4.9.2
|         |    |    +--- com.squareup.okio:okio:2.8.0 -> 2.9.0
|         |    |    |    +--- org.jetbrains.kotlin:kotlin-stdlib:1.4.10 -> 2.1.20 (*)
|         |    |    |    \--- org.jetbrains.kotlin:kotlin-stdlib-common:1.4.10 -> 2.1.20 (*)
|         |    |    \--- org.jetbrains.kotlin:kotlin-stdlib:1.4.10 -> 2.1.20 (*)
|         |    \--- org.jetbrains.kotlin:kotlin-stdlib:2.0.0 -> 2.1.20 (*)
|         +--- com.facebook.fresco:middleware:3.6.0 (*)
|         +--- com.facebook.fresco:ui-common:3.6.0 (*)
|         +--- com.facebook.infer.annotation:infer-annotation:0.18.0 (*)
|         +--- com.facebook.soloader:soloader:0.12.1 (*)
|         +--- com.facebook.yoga:proguard-annotations:1.19.0
|         +--- com.google.code.findbugs:jsr305:3.0.2
|         +--- com.squareup.okhttp3:okhttp-urlconnection:4.9.2
|         |    +--- com.squareup.okhttp3:okhttp:4.9.2 (*)
|         |    \--- org.jetbrains.kotlin:kotlin-stdlib-jdk8:1.4.10 -> 1.8.20 (*)
|         +--- com.squareup.okhttp3:okhttp:4.9.2 (*)
|         +--- com.squareup.okio:okio:2.9.0 (*)
|         +--- javax.inject:javax.inject:1
|         \--- org.jetbrains.kotlin:kotlin-stdlib:2.1.20 (*)
+--- project :expo
|    +--- project :expo-constants
|    |    +--- androidx.annotation:annotation:1.0.0 -> 1.8.1 (*)
|    |    +--- org.jetbrains.kotlin:kotlin-stdlib-jdk7:2.1.20 (*)
|    |    \--- commons-io:commons-io:2.6
|    +--- project :expo-modules-core
|    |    +--- org.jetbrains.kotlinx:kotlinx-coroutines-core:1.7.3 (*)
|    |    +--- org.jetbrains.kotlinx:kotlinx-coroutines-android:1.7.3 (*)
|    |    +--- androidx.core:core-ktx:1.13.1 (*)
|    |    +--- org.jetbrains.kotlin:kotlin-stdlib-jdk7:2.1.20 (*)
|    |    +--- org.jetbrains.kotlin:kotlin-reflect:2.1.20
|    |    |    \--- org.jetbrains.kotlin:kotlin-stdlib:2.1.20 (*)
|    |    +--- androidx.annotation:annotation:1.7.1 -> 1.8.1 (*)
|    |    +--- androidx.tracing:tracing-ktx:1.2.0
|    |    |    +--- androidx.tracing:tracing:1.2.0 (*)
|    |    |    +--- org.jetbrains.kotlin:kotlin-stdlib:1.8.21 -> 2.1.20 (*)
|    |    |    \--- androidx.tracing:tracing:1.2.0 (c)
|    |    \--- com.facebook.react:react-android -> 0.81.4 (*)
|    +--- expo.modules.asset:expo.modules.asset:12.0.13
|    |    \--- org.jetbrains.kotlin:kotlin-stdlib-jdk7:2.1.20 (*)
|    +--- host.exp.exponent:expo.modules.crypto:15.0.9
|    |    \--- org.jetbrains.kotlin:kotlin-stdlib-jdk7:2.1.20 (*)
|    +--- host.exp.exponent:expo.modules.documentpicker:14.0.8
|    |    +--- org.jetbrains.kotlin:kotlin-stdlib-jdk7:2.1.20 (*)
|    |    +--- androidx.annotation:annotation:1.0.0 -> 1.8.1 (*)
|    |    \--- commons-io:commons-io:2.6
|    +--- host.exp.exponent:expo.modules.filesystem:19.0.24
|    |    +--- org.jetbrains.kotlin:kotlin-stdlib-jdk7:2.1.20 (*)
|    |    +--- commons-codec:commons-codec:1.10
|    |    +--- commons-io:commons-io:1.4 -> 2.6
|    |    +--- com.squareup.okhttp3:okhttp:4.9.2 (*)
|    |    +--- com.squareup.okhttp3:okhttp-urlconnection:4.9.2 (*)
|    |    +--- com.squareup.okio:okio:2.9.0 (*)
|    |    +--- androidx.legacy:legacy-support-v4:1.0.0
|    |    |    +--- androidx.core:core:1.0.0 -> 1.13.1 (*)
|    |    |    +--- androidx.media:media:1.0.0
|    |    |    |    +--- androidx.annotation:annotation:1.0.0 -> 1.8.1 (*)
|    |    |    |    +--- androidx.core:core:1.0.0 -> 1.13.1 (*)
|    |    |    |    \--- androidx.versionedparcelable:versionedparcelable:1.0.0 -> 1.1.1 (*)
|    |    |    +--- androidx.legacy:legacy-support-core-utils:1.0.0
|    |    |    |    +--- androidx.annotation:annotation:1.0.0 -> 1.8.1 (*)
|    |    |    |    +--- androidx.core:core:1.0.0 -> 1.13.1 (*)
|    |    |    |    +--- androidx.documentfile:documentfile:1.0.0 -> 1.1.0
|    |    |    |    |    +--- androidx.annotation:annotation:1.8.1 (*)
|    |    |    |    |    +--- androidx.core:core:1.7.0 -> 1.13.1 (*)
|    |    |    |    |    \--- org.jspecify:jspecify:1.0.0
|    |    |    |    +--- androidx.loader:loader:1.0.0 (*)
|    |    |    |    +--- androidx.localbroadcastmanager:localbroadcastmanager:1.0.0
|    |    |    |    |    \--- androidx.annotation:annotation:1.0.0 -> 1.8.1 (*)
|    |    |    |    \--- androidx.print:print:1.0.0
|    |    |    |         \--- androidx.annotation:annotation:1.0.0 -> 1.8.1 (*)
|    |    |    +--- androidx.legacy:legacy-support-core-ui:1.0.0
|    |    |    |    +--- androidx.annotation:annotation:1.0.0 -> 1.8.1 (*)
|    |    |    |    +--- androidx.core:core:1.0.0 -> 1.13.1 (*)
|    |    |    |    +--- androidx.legacy:legacy-support-core-utils:1.0.0 (*)
|    |    |    |    +--- androidx.customview:customview:1.0.0 (*)
|    |    |    |    +--- androidx.viewpager:viewpager:1.0.0 (*)
|    |    |    |    +--- androidx.coordinatorlayout:coordinatorlayout:1.0.0
|    |    |    |    |    +--- androidx.annotation:annotation:1.0.0 -> 1.8.1 (*)
|    |    |    |    |    +--- androidx.core:core:1.0.0 -> 1.13.1 (*)
|    |    |    |    |    \--- androidx.customview:customview:1.0.0 (*)
|    |    |    |    +--- androidx.drawerlayout:drawerlayout:1.0.0 (*)
|    |    |    |    +--- androidx.slidingpanelayout:slidingpanelayout:1.0.0
|    |    |    |    |    +--- androidx.annotation:annotation:1.0.0 -> 1.8.1 (*)
|    |    |    |    |    +--- androidx.core:core:1.0.0 -> 1.13.1 (*)
|    |    |    |    |    \--- androidx.customview:customview:1.0.0 (*)
|    |    |    |    +--- androidx.interpolator:interpolator:1.0.0 (*)
|    |    |    |    +--- androidx.swiperefreshlayout:swiperefreshlayout:1.0.0 -> 1.1.0 (*)
|    |    |    |    +--- androidx.asynclayoutinflater:asynclayoutinflater:1.0.0
|    |    |    |    |    +--- androidx.annotation:annotation:1.0.0 -> 1.8.1 (*)
|    |    |    |    |    \--- androidx.core:core:1.0.0 -> 1.13.1 (*)
|    |    |    |    \--- androidx.cursoradapter:cursoradapter:1.0.0 (*)
|    |    |    \--- androidx.fragment:fragment:1.0.0 -> 1.5.4 (*)
|    |    \--- androidx.documentfile:documentfile:1.1.0 (*)
|    +--- host.exp.exponent:expo.modules.font:14.0.12
|    |    +--- org.jetbrains.kotlin:kotlin-stdlib-jdk7:2.1.20 (*)
|    |    \--- com.facebook.react:react-android -> 0.81.4 (*)
|    +--- host.exp.exponent:expo.modules.keepawake:15.0.8
|    |    \--- org.jetbrains.kotlin:kotlin-stdlib-jdk7:2.1.20 (*)
|    +--- host.exp.exponent:expo.modules.securestore:15.0.8
|    |    +--- org.jetbrains.kotlin:kotlin-stdlib-jdk7:2.1.20 (*)
|    |    \--- androidx.biometric:biometric:1.1.0
|    |         +--- androidx.activity:activity:1.1.0 -> 1.7.0 (*)
|    |         +--- androidx.appcompat:appcompat:1.2.0 -> 1.7.0 (*)
|    |         +--- androidx.lifecycle:lifecycle-livedata-core:2.2.0 -> 2.6.2 (*)
|    |         +--- androidx.lifecycle:lifecycle-viewmodel:2.2.0 -> 2.6.2 (*)
|    |         +--- androidx.annotation:annotation:1.1.0 -> 1.8.1 (*)
|    |         +--- androidx.core:core:1.3.2 -> 1.13.1 (*)
|    |         \--- androidx.fragment:fragment:1.2.5 -> 1.5.4 (*)
|    +--- org.jetbrains.kotlin:kotlin-stdlib-jdk7:2.1.20 (*)
|    \--- com.facebook.react:react-android -> 0.81.4 (*)
+--- project :react-native-safe-area-context
|    +--- com.facebook.react:react-native:+ -> com.facebook.react:react-android:0.81.4 (*)
|    \--- org.jetbrains.kotlin:kotlin-stdlib:2.1.20 (*)
+--- com.facebook.react:react-android -> 0.81.4 (*)
+--- com.facebook.fresco:animated-gif:3.6.0
|    +--- com.parse.bolts:bolts-tasks:1.4.0
|    +--- com.facebook.soloader:nativeloader:0.11.0 -> 0.12.1
|    +--- com.facebook.fresco:fbcore:3.6.0 (*)
|    \--- com.facebook.fresco:animated-base:3.6.0
|         +--- com.parse.bolts:bolts-tasks:1.4.0
|         +--- com.facebook.fresco:vito-options:3.6.0
|         |    +--- com.facebook.fresco:drawee:3.6.0 (*)
|         |    +--- com.facebook.fresco:fbcore:3.6.0 (*)
|         |    +--- com.facebook.fresco:imagepipeline:3.6.0 (*)
|         |    \--- org.jetbrains.kotlin:kotlin-stdlib:2.0.0 -> 2.1.20 (*)
|         +--- com.facebook.fresco:middleware:3.6.0 (*)
|         +--- com.facebook.fresco:fbcore:3.6.0 (*)
|         +--- com.facebook.fresco:imagepipeline-base:3.6.0 (*)
|         +--- com.facebook.fresco:imagepipeline:3.6.0 (*)
|         +--- com.facebook.fresco:imagepipeline-native:3.6.0 (*)
|         +--- com.facebook.fresco:memory-type-ashmem:3.6.0 (*)
|         +--- com.facebook.fresco:memory-type-native:3.6.0 (*)
|         +--- com.facebook.fresco:memory-type-java:3.6.0 (*)
|         +--- com.facebook.fresco:animated-drawable:3.6.0
|         |    +--- com.facebook.fresco:imagepipeline-base:3.6.0 (*)
|         |    +--- com.facebook.fresco:drawee:3.6.0 (*)
|         |    +--- com.facebook.fresco:fbcore:3.6.0 (*)
|         |    +--- com.facebook.fresco:vito-renderer:3.6.0
|         |    |    \--- org.jetbrains.kotlin:kotlin-stdlib:2.0.0 -> 2.1.20 (*)
|         |    +--- com.facebook.fresco:vito-options:3.6.0 (*)
|         |    \--- org.jetbrains.kotlin:kotlin-stdlib:2.0.0 -> 2.1.20 (*)
|         \--- org.jetbrains.kotlin:kotlin-stdlib:2.0.0 -> 2.1.20 (*)
+--- com.facebook.fresco:webpsupport:3.6.0
|    +--- com.facebook.soloader:nativeloader:0.11.0 -> 0.12.1
|    +--- com.parse.bolts:bolts-tasks:1.4.0
|    +--- com.facebook.fresco:fbcore:3.6.0 (*)
|    +--- com.facebook.fresco:imagepipeline-base:3.6.0 (*)
|    \--- com.facebook.fresco:middleware:3.6.0 (*)
\--- com.facebook.react:hermes-android -> 0.81.4
     +--- com.facebook.fbjni:fbjni:0.7.0 (*)
     +--- com.facebook.yoga:proguard-annotations:1.19.0
     \--- androidx.annotation:annotation:1.6.0 -> 1.8.1 (*)

(c) - A dependency constraint, not a dependency. The dependency affected by the constraint occurs elsewhere in the tree.
(*) - Indicates repeated occurrences of a transitive dependency subtree. Gradle expands transitive dependency subtrees only once per project; repeat occurrences only display the root of the subtree, followed by this annotation.

A web-based, searchable dependency report is available by adding the --scan option.

[Incubating] Problems report is available at: file:///tmp/deep-native-graph-ce2f889/apps/mobile/android/build/reports/problems/problems-report.html

Deprecated Gradle features were used in this build, making it incompatible with Gradle 9.0.

You can use '--warning-mode all' to show the individual deprecation warnings and determine if they come from your own scripts or plugins.

For more on this, please refer to https://docs.gradle.org/8.14.3/userguide/command_line_interface.html#sec:command_line_warnings in the Gradle documentation.

BUILD SUCCESSFUL in 12m 25s
25 actionable tasks: 25 executed
