7ccfe802e9695a48fe01b15cf676c3d07cc60a41

> @deep/backend@0.1.0 test:extraction /home/oranolio/Desktop/Deep/apps/backend
> vitest run --config vitest.extraction.config.ts


 RUN  v3.2.7 /home/oranolio/Desktop/Deep/apps/backend

 ✓ test/matched-pipeline.extraction.test.ts (3 tests) 42097ms
   ✓ W08 matched A1/B production document, reopen, source and corrected B versus fresh A1 controls  17267ms
   ✓ W08 both arms retain inaccessible evidence failure with no invented report  4001ms
   ✓ W08 A1 and B both iterate through the same actual HTML extraction and checked writer  20322ms
{"level":"info","event":"action","runId":"ed482a58-36e6-4da0-ba8d-918e864c936a","type":"challenge","rationale":"Disconfirm material conclusion: A primary source that directly contradicts this conclusion.","step":0,"t":"2026-09-18T03:47:21.901Z"}
{"level":"info","event":"action","runId":"ed482a58-36e6-4da0-ba8d-918e864c936a","type":"fetch","rationale":"Inspect an already-known source before another generic query","step":1,"t":"2026-09-18T03:47:21.960Z"}
{"level":"info","event":"action","runId":"ed482a58-36e6-4da0-ba8d-918e864c936a","type":"challenge","rationale":"No counterexample found in accessed primary sources. This is not proof that the conclusion is true.","step":2,"t":"2026-09-18T03:47:22.006Z"}
{"level":"info","event":"action","runId":"ed482a58-36e6-4da0-ba8d-918e864c936a","type":"synthesize","rationale":"decision_critical_gaps_resolved_or_unresolvable; high-impact claims supported or qualified; contradictions handled; remaining actions low expected value","step":3,"t":"2026-09-18T03:47:22.039Z"}
stdout | test/document-flow.extraction.test.ts > W04/W05 upload -> isolated PDF -> structured worker -> report/source reopen preserves a renamed negative finding
{"evidenceClass":"local_api_worker_actual_pdf_fabricated_model","sourceTransport":"binary upload","question":"What does the GOVLWO field note say about underwater recording?","originalBytesSha256":"66bd541a2dad28bbe8b6d99bcfd93139e07139534e04c6e150a47119c545f7f6","runId":"5cafa255-25d1-48ec-8d86-cb78b2046d13","reportId":"d048a7de-fbf0-4b13-b868-48bfb78e6bbd","reportText":"GOVLWO does not support underwater recording.","source":{"passageId":"c0e1092b-b948-4c65-a5ac-ef350f80d58d","sourceVersionId":"82659fd7-f303-4be4-bf22-51691e374aaa","locator":{"kind":"text","rows":[],"block":"page:1/block:0","geometry":[{"box":[50,737.516,274.0880000000001,748.616],"text":"Field notes: GOVLWO sensor deployment"},{"box":[50,719.516,356.7800000000002,730.616],"text":"GOVLWO supports offline recording only on firmware 4.2."},{"box":[50,701.516,316.7840000000001,712.616],"text":"GOVLWO does not support underwater recording."}],"coordinates":"PDF points; bottom-left origin","normalization":"extractor-output-v1"},"access":"partial-text","method":"docling-parse-7.20.0/geometry-v1","warnings":["pdf_layout_tables_and_ocr_unverified"]},"support":[{"claimRevisionId":"3047e12a-65f6-44de-8135-73c244027ee2","decision":"supported","checks":[{"rule":"exact_evidence_bindings","passed":true},{"rule":"scope_matches_claim","passed":true},{"rule":"readable_evidence","passed":true},{"rule":"scope_grounded_in_quotes","passed":true},{"rule":"numbers_grounded","passed":true},{"rule":"quantities_grounded","passed":true},{"rule":"numeric_context_preserved","passed":true},{"rule":"currency_preserved","passed":true},{"rule":"no_detected_contradiction","passed":true},{"rule":"qualification_preserved","passed":true}]},{"claimRevisionId":"6469fdc3-5459-45f9-87de-6eb5815aaed0","decision":"supported","checks":[{"rule":"exact_evidence_bindings","passed":true},{"rule":"scope_matches_claim","passed":true},{"rule":"readable_evidence","passed":true},{"rule":"scope_grounded_in_quotes","passed":true},{"rule":"numbers_grounded","passed":true},{"rule":"quantities_grounded","passed":true},{"rule":"numeric_context_preserved","passed":true},{"rule":"currency_preserved","passed":true},{"rule":"no_detected_contradiction","passed":true},{"rule":"qualification_preserved","passed":true}]}],"paidProviderCalls":0,"modelResponses":"fabricated","correctionJourney":{"question":"What firmware does GOVLWO require for offline recording?","runId":"78488fd7-cae0-4e3d-81e8-8878dbcbff1d","reportId":"d3864154-02c6-401e-b708-53867efde5a5","text":"GOVLWO supports offline recording only on firmware 4.2.","reusedPassageId":"c0e1092b-b948-4c65-a5ac-ef350f80d58d","reusedSourceVersionId":"82659fd7-f303-4be4-bf22-51691e374aaa","newSourceRows":0,"claimsRecomputed":true,"changeSummary":{"notes":"Assertions: 1 added, 1 removed, 0 unchanged. Criteria: 0 added, 0 removed. Reused cited source versions: 1. Comparison uses exact wording and recorded scope; paraphrases may count as changes.","comparison":{"version":"report-changes.v1","parentReportId":"d048a7de-fbf0-4b13-b868-48bfb78e6bbd","addedCriterionIds":[],"reportStateChanged":false,"removedCriterionIds":[],"unchangedAssertions":0,"addedClaimRevisionIds":["862056e7-2061-4efd-b544-ddc77e13c5f0"],"removedClaimRevisionIds":["6469fdc3-5459-45f9-87de-6eb5815aaed0"],"newlyCitedSourceVersionIds":[],"reusedCitedSourceVersionIds":["82659fd7-f303-4be4-bf22-51691e374aaa"]},"newlyFeasible":[],"evidenceUpdated":false,"newlyInfeasible":[],"conclusionChanged":true},"fullRerunReportId":"94ae84ea-f807-4edf-8ca6-3d7a4e8405db","fullRerunTextMatches":true,"comparison":"local fabricated model control, not independent semantic adjudication"}}

stdout | test/document-flow.extraction.test.ts > W04/W05 public-search -> isolated PDF -> structured worker -> report/source reopen preserves a renamed negative finding
{"evidenceClass":"local_api_worker_actual_pdf_fabricated_model","sourceTransport":"saved bytes transport double","question":"What does the NHZTOD field note say about underwater recording?","originalBytesSha256":"a542ebf8676a65b585c6e83224130f5c2434a3282247986e21c16b43a412e570","runId":"736aee37-c256-492b-a309-1c53d0f90646","reportId":"6f74b0ea-b33f-4cb8-b672-d318c6d57983","reportText":"NHZTOD does not support underwater recording.","source":{"passageId":"ed637449-0b32-4709-86c7-d5f34aa2c71e","sourceVersionId":"b1222cb9-abbb-4536-963e-aa262cbfe9ee","locator":{"kind":"text","rows":[],"block":"page:1/block:0","geometry":[{"box":[50,737.516,270.06800000000004,748.616],"text":"Field notes: NHZTOD sensor deployment"},{"box":[50,719.516,352.76000000000016,730.616],"text":"NHZTOD supports offline recording only on firmware 4.2."},{"box":[50,701.516,312.7640000000001,712.616],"text":"NHZTOD does not support underwater recording."}],"coordinates":"PDF points; bottom-left origin","normalization":"extractor-output-v1"},"access":"partial-text","method":"docling-parse-7.20.0/geometry-v1","warnings":["pdf_layout_tables_and_ocr_unverified"]},"support":[{"claimRevisionId":"2ea4444b-a737-4d7e-93fe-24b10341c3a4","decision":"supported","checks":[{"rule":"exact_evidence_bindings","passed":true},{"rule":"scope_matches_claim","passed":true},{"rule":"readable_evidence","passed":true},{"rule":"scope_grounded_in_quotes","passed":true},{"rule":"numbers_grounded","passed":true},{"rule":"quantities_grounded","passed":true},{"rule":"numeric_context_preserved","passed":true},{"rule":"currency_preserved","passed":true},{"rule":"no_detected_contradiction","passed":true},{"rule":"qualification_preserved","passed":true}]},{"claimRevisionId":"86265002-73b5-4289-9c14-49c79c1e2efc","decision":"supported","checks":[{"rule":"exact_evidence_bindings","passed":true},{"rule":"scope_matches_claim","passed":true},{"rule":"readable_evidence","passed":true},{"rule":"scope_grounded_in_quotes","passed":true},{"rule":"numbers_grounded","passed":true},{"rule":"quantities_grounded","passed":true},{"rule":"numeric_context_preserved","passed":true},{"rule":"currency_preserved","passed":true},{"rule":"no_detected_contradiction","passed":true},{"rule":"qualification_preserved","passed":true}]}],"paidProviderCalls":0,"modelResponses":"fabricated","correctionJourney":"not tested"}

 ✓ test/document-flow.extraction.test.ts (7 tests) 25139ms
   ✓ W04 historical diagnostic worker persists actual PDF bytes, page locators and limitations; source inspection and deletion use the same records  3410ms
   ✓ W04 cancel after actual parsing prevents late result persistence  2174ms
   ✓ W04 delete after actual parsing prevents late result persistence  2178ms
   ✓ W04/W05 upload -> isolated PDF -> structured worker -> report/source reopen preserves a renamed negative finding  12649ms
   ✓ W04/W05 public-search -> isolated PDF -> structured worker -> report/source reopen preserves a renamed negative finding  4113ms
 ✓ test/html.extraction.test.ts (3 tests) 8436ms
   ✓ W04 real isolated parser over supplied synthetic bytes > preserves all decisive spans and exact byte digests  5987ms
   ✓ W04 real isolated parser over supplied synthetic bytes > handles actual plain text and preserves table spans without executing script  1641ms
   ✓ W04 real isolated parser over supplied synthetic bytes > does not label PDF bytes as parsed text  805ms
 ✓ test/pdf.extraction.test.ts (4 tests) 6952ms
   ✓ W04 parses original digital PDF bytes into page-bound text with honest layout limitations  1474ms
   ✓ W04 empty, malformed and pasted PDF inputs cannot manufacture documentary support  3127ms
   ✓ W04 encrypted PDF remains explicitly unavailable without password guessing  802ms
   ✓ W04 binds a late-drawn bold negation to its physical sentence, with recoverable cell geometry  1547ms

 Test Files  4 passed (4)
      Tests  17 passed (17)
   Start at  21:46:31
   Duration  87.78s (transform 1.81s, setup 0ms, collect 3.93s, tests 82.62s, environment 1ms, prepare 411ms)

exit_code=0
