
 RUN  v3.2.7 /home/oranolio/Desktop/Deep/apps/backend

{"level":"info","event":"action","runId":"f7286aa1-66e4-46fb-8448-9a4e336c039a","type":"search","rationale":"Investigate an uncovered required question","step":0,"t":"2026-09-17T23:49:33.107Z"}
{"level":"info","event":"action","runId":"f7286aa1-66e4-46fb-8448-9a4e336c039a","type":"fetch","rationale":"Inspect an already-known source before another generic query","step":1,"t":"2026-09-17T23:49:33.206Z"}
{"level":"info","event":"action","runId":"f7286aa1-66e4-46fb-8448-9a4e336c039a","type":"fetch","rationale":"Inspect an already-known source before another generic query","step":2,"t":"2026-09-17T23:49:33.254Z"}
{"level":"info","event":"action","runId":"f7286aa1-66e4-46fb-8448-9a4e336c039a","type":"fetch","rationale":"Inspect an already-known source before another generic query","step":3,"t":"2026-09-17T23:49:33.304Z"}
{"level":"info","event":"action","runId":"f7286aa1-66e4-46fb-8448-9a4e336c039a","type":"challenge","rationale":"Disconfirm material conclusion: A primary source that directly contradicts this conclusion.","step":4,"t":"2026-09-17T23:49:33.379Z"}
{"level":"info","event":"action","runId":"f7286aa1-66e4-46fb-8448-9a4e336c039a","type":"challenge","rationale":"No counterexample found in accessed primary sources. This is not proof that the conclusion is true.","step":5,"t":"2026-09-17T23:49:33.450Z"}
{"level":"info","event":"action","runId":"f7286aa1-66e4-46fb-8448-9a4e336c039a","type":"synthesize","rationale":"decision_critical_gaps_resolved_or_unresolvable; high-impact claims supported or qualified; contradictions handled; remaining actions low expected value","step":6,"t":"2026-09-17T23:49:33.502Z"}
{"level":"info","event":"action","runId":"6fa6e3cb-d627-4869-bf9c-76524c3056fd","type":"search","rationale":"Investigate an uncovered required question","step":0,"t":"2026-09-17T23:49:34.677Z"}
{"level":"info","event":"action","runId":"6fa6e3cb-d627-4869-bf9c-76524c3056fd","type":"fetch","rationale":"Inspect an already-known source before another generic query","step":1,"t":"2026-09-17T23:49:34.732Z"}
{"level":"info","event":"action","runId":"6fa6e3cb-d627-4869-bf9c-76524c3056fd","type":"fetch","rationale":"Inspect an already-known source before another generic query","step":2,"t":"2026-09-17T23:49:34.801Z"}
{"level":"info","event":"action","runId":"6fa6e3cb-d627-4869-bf9c-76524c3056fd","type":"challenge","rationale":"Disconfirm material conclusion: A primary source that directly contradicts this conclusion.","step":3,"t":"2026-09-17T23:49:34.861Z"}
{"level":"info","event":"action","runId":"6fa6e3cb-d627-4869-bf9c-76524c3056fd","type":"challenge","rationale":"No counterexample found in accessed primary sources. This is not proof that the conclusion is true.","step":4,"t":"2026-09-17T23:49:34.918Z"}
{"level":"info","event":"action","runId":"6fa6e3cb-d627-4869-bf9c-76524c3056fd","type":"synthesize","rationale":"decision_critical_gaps_resolved_or_unresolvable; high-impact claims supported or qualified; contradictions handled; remaining actions low expected value","step":5,"t":"2026-09-17T23:49:34.964Z"}
{"level":"info","event":"action","runId":"a961288e-9ab0-47bf-9259-0308c3f58c0a","type":"search","rationale":"Investigate an uncovered required question","step":0,"t":"2026-09-17T23:49:36.131Z"}
{"level":"info","event":"action","runId":"a961288e-9ab0-47bf-9259-0308c3f58c0a","type":"fetch","rationale":"Inspect an already-known source before another generic query","step":1,"t":"2026-09-17T23:49:36.234Z"}
{"level":"info","event":"action","runId":"a961288e-9ab0-47bf-9259-0308c3f58c0a","type":"fetch","rationale":"Inspect an already-known source before another generic query","step":2,"t":"2026-09-17T23:49:36.289Z"}
{"level":"info","event":"action","runId":"a961288e-9ab0-47bf-9259-0308c3f58c0a","type":"fetch","rationale":"Inspect an already-known source before another generic query","step":3,"t":"2026-09-17T23:49:36.348Z"}
{"level":"info","event":"action","runId":"a961288e-9ab0-47bf-9259-0308c3f58c0a","type":"challenge","rationale":"Disconfirm material conclusion: A primary source that directly contradicts this conclusion.","step":4,"t":"2026-09-17T23:49:36.412Z"}
{"level":"info","event":"action","runId":"a961288e-9ab0-47bf-9259-0308c3f58c0a","type":"challenge","rationale":"No counterexample found in accessed primary sources. This is not proof that the conclusion is true.","step":5,"t":"2026-09-17T23:49:36.467Z"}
{"level":"info","event":"action","runId":"a961288e-9ab0-47bf-9259-0308c3f58c0a","type":"synthesize","rationale":"decision_critical_gaps_resolved_or_unresolvable; high-impact claims supported or qualified; contradictions handled; remaining actions low expected value","step":6,"t":"2026-09-17T23:49:36.501Z"}
{"level":"info","event":"action","runId":"ccffe893-0744-42a7-b012-e75453fc950d","type":"search","rationale":"Investigate an uncovered required question","step":0,"t":"2026-09-17T23:49:37.450Z"}
{"level":"info","event":"action","runId":"ccffe893-0744-42a7-b012-e75453fc950d","type":"fetch","rationale":"Inspect an already-known source before another generic query","step":1,"t":"2026-09-17T23:49:37.495Z"}
{"level":"info","event":"action","runId":"ccffe893-0744-42a7-b012-e75453fc950d","type":"fetch","rationale":"Inspect an already-known source before another generic query","step":2,"t":"2026-09-17T23:49:37.531Z"}
{"level":"info","event":"action","runId":"ccffe893-0744-42a7-b012-e75453fc950d","type":"challenge","rationale":"Disconfirm material conclusion: A primary source that directly contradicts this conclusion.","step":3,"t":"2026-09-17T23:49:37.571Z"}
{"level":"info","event":"action","runId":"ccffe893-0744-42a7-b012-e75453fc950d","type":"challenge","rationale":"No counterexample found in accessed primary sources. This is not proof that the conclusion is true.","step":4,"t":"2026-09-17T23:49:37.608Z"}
{"level":"info","event":"action","runId":"ccffe893-0744-42a7-b012-e75453fc950d","type":"synthesize","rationale":"decision_critical_gaps_resolved_or_unresolvable; high-impact claims supported or qualified; contradictions handled; remaining actions low expected value","step":5,"t":"2026-09-17T23:49:37.649Z"}
{"level":"info","event":"action","runId":"520bac27-bbdf-4afe-bcab-194d9d55e75b","type":"search","rationale":"Investigate an uncovered required question","step":0,"t":"2026-09-17T23:49:38.739Z"}
{"level":"info","event":"action","runId":"520bac27-bbdf-4afe-bcab-194d9d55e75b","type":"fetch","rationale":"Inspect an already-known source before another generic query","step":1,"t":"2026-09-17T23:49:38.793Z"}
{"level":"info","event":"action","runId":"520bac27-bbdf-4afe-bcab-194d9d55e75b","type":"challenge","rationale":"Disconfirm material conclusion: A primary source that directly contradicts this conclusion.","step":2,"t":"2026-09-17T23:49:38.834Z"}
{"level":"info","event":"action","runId":"520bac27-bbdf-4afe-bcab-194d9d55e75b","type":"challenge","rationale":"No counterexample found in accessed primary sources. This is not proof that the conclusion is true.","step":3,"t":"2026-09-17T23:49:38.908Z"}
{"level":"info","event":"action","runId":"520bac27-bbdf-4afe-bcab-194d9d55e75b","type":"synthesize","rationale":"decision_critical_gaps_resolved_or_unresolvable; high-impact claims supported or qualified; contradictions handled; remaining actions low expected value","step":4,"t":"2026-09-17T23:49:38.949Z"}
{"level":"info","event":"action","runId":"3c543c11-baa8-49d7-945e-bc5b1334cb52","type":"search","rationale":"Investigate an uncovered required question","step":0,"t":"2026-09-17T23:49:39.947Z"}
{"level":"info","event":"action","runId":"3c543c11-baa8-49d7-945e-bc5b1334cb52","type":"fetch","rationale":"Inspect an already-known source before another generic query","step":1,"t":"2026-09-17T23:49:40.004Z"}
{"level":"info","event":"action","runId":"3c543c11-baa8-49d7-945e-bc5b1334cb52","type":"fetch","rationale":"Inspect an already-known source before another generic query","step":2,"t":"2026-09-17T23:49:40.056Z"}
{"level":"info","event":"action","runId":"3c543c11-baa8-49d7-945e-bc5b1334cb52","type":"fetch","rationale":"Inspect an already-known source before another generic query","step":3,"t":"2026-09-17T23:49:40.092Z"}
{"level":"info","event":"action","runId":"3c543c11-baa8-49d7-945e-bc5b1334cb52","type":"challenge","rationale":"Disconfirm material conclusion: A primary source that directly contradicts this conclusion.","step":4,"t":"2026-09-17T23:49:40.136Z"}
{"level":"info","event":"action","runId":"3c543c11-baa8-49d7-945e-bc5b1334cb52","type":"challenge","rationale":"No counterexample found in accessed primary sources. This is not proof that the conclusion is true.","step":5,"t":"2026-09-17T23:49:40.179Z"}
{"level":"info","event":"action","runId":"3c543c11-baa8-49d7-945e-bc5b1334cb52","type":"synthesize","rationale":"decision_critical_gaps_resolved_or_unresolvable; high-impact claims supported or qualified; contradictions handled; remaining actions low expected value","step":6,"t":"2026-09-17T23:49:40.206Z"}
{"level":"info","event":"action","runId":"dafaea96-cfaf-4fac-a046-34bcfbafb619","type":"search","rationale":"Investigate an uncovered required question","step":0,"t":"2026-09-17T23:49:41.314Z"}
{"level":"info","event":"action","runId":"dafaea96-cfaf-4fac-a046-34bcfbafb619","type":"fetch","rationale":"Inspect an already-known source before another generic query","step":1,"t":"2026-09-17T23:49:41.398Z"}
{"level":"info","event":"action","runId":"dafaea96-cfaf-4fac-a046-34bcfbafb619","type":"fetch","rationale":"Inspect an already-known source before another generic query","step":2,"t":"2026-09-17T23:49:41.440Z"}
{"level":"info","event":"action","runId":"dafaea96-cfaf-4fac-a046-34bcfbafb619","type":"fetch","rationale":"Inspect an already-known source before another generic query","step":3,"t":"2026-09-17T23:49:41.483Z"}
{"level":"info","event":"action","runId":"dafaea96-cfaf-4fac-a046-34bcfbafb619","type":"fetch","rationale":"Inspect an already-known source before another generic query","step":4,"t":"2026-09-17T23:49:41.522Z"}
{"level":"info","event":"action","runId":"dafaea96-cfaf-4fac-a046-34bcfbafb619","type":"fetch","rationale":"Inspect an already-known source before another generic query","step":5,"t":"2026-09-17T23:49:41.551Z"}
{"level":"info","event":"action","runId":"dafaea96-cfaf-4fac-a046-34bcfbafb619","type":"challenge","rationale":"Disconfirm material conclusion: A primary source that directly contradicts this conclusion.","step":6,"t":"2026-09-17T23:49:41.589Z"}
{"level":"info","event":"action","runId":"dafaea96-cfaf-4fac-a046-34bcfbafb619","type":"challenge","rationale":"No counterexample found in accessed primary sources. This is not proof that the conclusion is true.","step":7,"t":"2026-09-17T23:49:41.622Z"}
{"level":"info","event":"action","runId":"dafaea96-cfaf-4fac-a046-34bcfbafb619","type":"synthesize","rationale":"decision_critical_gaps_resolved_or_unresolvable; high-impact claims supported or qualified; contradictions handled; remaining actions low expected value","step":8,"t":"2026-09-17T23:49:41.646Z"}
{"level":"info","event":"action","runId":"c2a21484-ae79-412f-9932-6b4895446237","type":"challenge","rationale":"Disconfirm material conclusion: A primary source that directly contradicts this conclusion.","step":0,"t":"2026-09-17T23:49:42.738Z"}
{"level":"info","event":"action","runId":"c2a21484-ae79-412f-9932-6b4895446237","type":"fetch","rationale":"Inspect an already-known source before another generic query","step":1,"t":"2026-09-17T23:49:42.793Z"}
{"level":"info","event":"action","runId":"c2a21484-ae79-412f-9932-6b4895446237","type":"fetch","rationale":"Inspect an already-known source before another generic query","step":2,"t":"2026-09-17T23:49:42.826Z"}
{"level":"info","event":"action","runId":"c2a21484-ae79-412f-9932-6b4895446237","type":"fetch","rationale":"Inspect an already-known source before another generic query","step":3,"t":"2026-09-17T23:49:42.870Z"}
{"level":"info","event":"action","runId":"c2a21484-ae79-412f-9932-6b4895446237","type":"challenge","rationale":"No counterexample found in accessed primary sources. This is not proof that the conclusion is true.","step":4,"t":"2026-09-17T23:49:42.922Z"}
{"level":"info","event":"action","runId":"c2a21484-ae79-412f-9932-6b4895446237","type":"synthesize","rationale":"decision_critical_gaps_resolved_or_unresolvable; high-impact claims supported or qualified; contradictions handled; remaining actions low expected value","step":5,"t":"2026-09-17T23:49:42.956Z"}
{"level":"info","event":"action","runId":"f7f3df3b-046c-4d3a-995d-651c569f9fcd","type":"search","rationale":"Investigate an uncovered required question","step":0,"t":"2026-09-17T23:49:43.970Z"}
{"level":"info","event":"action","runId":"f7f3df3b-046c-4d3a-995d-651c569f9fcd","type":"fetch","rationale":"Inspect an already-known source before another generic query","step":1,"t":"2026-09-17T23:49:44.027Z"}
{"level":"info","event":"action","runId":"f7f3df3b-046c-4d3a-995d-651c569f9fcd","type":"fetch","rationale":"Inspect an already-known source before another generic query","step":2,"t":"2026-09-17T23:49:44.064Z"}
{"level":"info","event":"action","runId":"f7f3df3b-046c-4d3a-995d-651c569f9fcd","type":"fetch","rationale":"Inspect an already-known source before another generic query","step":3,"t":"2026-09-17T23:49:44.108Z"}
{"level":"info","event":"action","runId":"f7f3df3b-046c-4d3a-995d-651c569f9fcd","type":"challenge","rationale":"Disconfirm material conclusion: A hard-constraint violation for a candidate currently marked eligible.","step":4,"t":"2026-09-17T23:49:44.141Z"}
{"level":"info","event":"action","runId":"f7f3df3b-046c-4d3a-995d-651c569f9fcd","type":"challenge","rationale":"No counterexample found in accessed primary sources. This is not proof that the conclusion is true.","step":5,"t":"2026-09-17T23:49:44.182Z"}
{"level":"info","event":"action","runId":"f7f3df3b-046c-4d3a-995d-651c569f9fcd","type":"synthesize","rationale":"decision_critical_gaps_resolved_or_unresolvable; high-impact claims supported or qualified; contradictions handled; remaining actions low expected value","step":6,"t":"2026-09-17T23:49:44.214Z"}
{"level":"info","event":"action","runId":"d94202c3-f3c6-45a5-9181-f2d438eabeb5","type":"search","rationale":"Investigate an uncovered required question","step":0,"t":"2026-09-17T23:49:45.237Z"}
{"level":"info","event":"action","runId":"d94202c3-f3c6-45a5-9181-f2d438eabeb5","type":"fetch","rationale":"Inspect an already-known source before another generic query","step":1,"t":"2026-09-17T23:49:45.284Z"}
{"level":"info","event":"action","runId":"d94202c3-f3c6-45a5-9181-f2d438eabeb5","type":"fetch","rationale":"Inspect an already-known source before another generic query","step":2,"t":"2026-09-17T23:49:45.321Z"}
{"level":"info","event":"action","runId":"d94202c3-f3c6-45a5-9181-f2d438eabeb5","type":"fetch","rationale":"Inspect an already-known source before another generic query","step":3,"t":"2026-09-17T23:49:45.365Z"}
{"level":"info","event":"action","runId":"d94202c3-f3c6-45a5-9181-f2d438eabeb5","type":"challenge","rationale":"Disconfirm material conclusion: A hard-constraint violation for a candidate currently marked eligible.","step":4,"t":"2026-09-17T23:49:45.401Z"}
{"level":"info","event":"action","runId":"d94202c3-f3c6-45a5-9181-f2d438eabeb5","type":"challenge","rationale":"No counterexample found in accessed primary sources. This is not proof that the conclusion is true.","step":5,"t":"2026-09-17T23:49:45.437Z"}
{"level":"info","event":"action","runId":"d94202c3-f3c6-45a5-9181-f2d438eabeb5","type":"synthesize","rationale":"decision_critical_gaps_resolved_or_unresolvable; high-impact claims supported or qualified; contradictions handled; remaining actions low expected value","step":6,"t":"2026-09-17T23:49:45.467Z"}
{"level":"info","event":"action","runId":"77a32c61-4c62-4e0f-bf0a-14ef766a68b8","type":"search","rationale":"Investigate an uncovered required question","step":0,"t":"2026-09-17T23:49:45.898Z"}
{"level":"info","event":"action","runId":"77a32c61-4c62-4e0f-bf0a-14ef766a68b8","type":"fetch","rationale":"Inspect an already-known source before another generic query","step":1,"t":"2026-09-17T23:49:45.944Z"}
{"level":"info","event":"action","runId":"77a32c61-4c62-4e0f-bf0a-14ef766a68b8","type":"fetch","rationale":"Inspect an already-known source before another generic query","step":2,"t":"2026-09-17T23:49:45.981Z"}
{"level":"info","event":"action","runId":"77a32c61-4c62-4e0f-bf0a-14ef766a68b8","type":"fetch","rationale":"Inspect an already-known source before another generic query","step":3,"t":"2026-09-17T23:49:46.016Z"}
{"level":"info","event":"action","runId":"77a32c61-4c62-4e0f-bf0a-14ef766a68b8","type":"challenge","rationale":"Disconfirm material conclusion: A hard-constraint violation for a candidate currently marked eligible.","step":4,"t":"2026-09-17T23:49:46.060Z"}
{"level":"info","event":"action","runId":"77a32c61-4c62-4e0f-bf0a-14ef766a68b8","type":"challenge","rationale":"Disconfirm material conclusion: A hard-constraint violation for a candidate currently marked eligible.","step":5,"t":"2026-09-17T23:49:46.102Z"}
{"level":"info","event":"action","runId":"77a32c61-4c62-4e0f-bf0a-14ef766a68b8","type":"challenge","rationale":"Disconfirm material conclusion: A hard-constraint violation for a candidate currently marked eligible.","step":6,"t":"2026-09-17T23:49:46.147Z"}
{"level":"info","event":"action","runId":"77a32c61-4c62-4e0f-bf0a-14ef766a68b8","type":"challenge","rationale":"Disconfirm material conclusion: A hard-constraint violation for a candidate currently marked eligible.","step":7,"t":"2026-09-17T23:49:46.186Z"}
{"level":"info","event":"action","runId":"77a32c61-4c62-4e0f-bf0a-14ef766a68b8","type":"challenge","rationale":"Disconfirm material conclusion: A hard-constraint violation for a candidate currently marked eligible.","step":8,"t":"2026-09-17T23:49:46.234Z"}
{"level":"info","event":"action","runId":"77a32c61-4c62-4e0f-bf0a-14ef766a68b8","type":"challenge","rationale":"Disconfirm material conclusion: A hard-constraint violation for a candidate currently marked eligible.","step":9,"t":"2026-09-17T23:49:46.269Z"}
{"level":"info","event":"action","runId":"77a32c61-4c62-4e0f-bf0a-14ef766a68b8","type":"challenge","rationale":"Disconfirm material conclusion: A hard-constraint violation for a candidate currently marked eligible.","step":10,"t":"2026-09-17T23:49:46.309Z"}
{"level":"info","event":"action","runId":"77a32c61-4c62-4e0f-bf0a-14ef766a68b8","type":"challenge","rationale":"No counterexample found in accessed primary sources. This is not proof that the conclusion is true.","step":11,"t":"2026-09-17T23:49:46.349Z"}
{"level":"info","event":"action","runId":"77a32c61-4c62-4e0f-bf0a-14ef766a68b8","type":"stop","rationale":"Repeated searches returned no novel source family or coverage progress","step":12,"t":"2026-09-17T23:49:46.379Z"}
{"level":"info","event":"action","runId":"6860c47b-684c-453d-b9b5-625af5cb171b","type":"search","rationale":"Investigate an uncovered required question","step":0,"t":"2026-09-17T23:49:47.291Z"}
{"level":"info","event":"action","runId":"6860c47b-684c-453d-b9b5-625af5cb171b","type":"fetch","rationale":"Inspect an already-known source before another generic query","step":1,"t":"2026-09-17T23:49:47.323Z"}
{"level":"info","event":"action","runId":"6860c47b-684c-453d-b9b5-625af5cb171b","type":"fetch","rationale":"Inspect an already-known source before another generic query","step":2,"t":"2026-09-17T23:49:47.351Z"}
{"level":"info","event":"action","runId":"6860c47b-684c-453d-b9b5-625af5cb171b","type":"fetch","rationale":"Inspect an already-known source before another generic query","step":3,"t":"2026-09-17T23:49:47.372Z"}
{"level":"info","event":"action","runId":"6860c47b-684c-453d-b9b5-625af5cb171b","type":"challenge","rationale":"Disconfirm material conclusion: A hard-constraint violation for a candidate currently marked eligible.","step":4,"t":"2026-09-17T23:49:47.392Z"}
{"level":"info","event":"action","runId":"6860c47b-684c-453d-b9b5-625af5cb171b","type":"challenge","rationale":"No counterexample found in accessed primary sources. This is not proof that the conclusion is true.","step":5,"t":"2026-09-17T23:49:47.415Z"}
{"level":"info","event":"action","runId":"6860c47b-684c-453d-b9b5-625af5cb171b","type":"synthesize","rationale":"decision_critical_gaps_resolved_or_unresolvable; high-impact claims supported or qualified; contradictions handled; remaining actions low expected value","step":6,"t":"2026-09-17T23:49:47.434Z"}
{"level":"info","event":"action","runId":"3beb0653-6ade-4f29-8029-a40c6df177dd","type":"search","rationale":"Investigate an uncovered required question","step":0,"t":"2026-09-17T23:49:47.742Z"}
{"level":"info","event":"action","runId":"3beb0653-6ade-4f29-8029-a40c6df177dd","type":"fetch","rationale":"Inspect an already-known source before another generic query","step":1,"t":"2026-09-17T23:49:47.764Z"}
{"level":"info","event":"action","runId":"3beb0653-6ade-4f29-8029-a40c6df177dd","type":"fetch","rationale":"Inspect an already-known source before another generic query","step":2,"t":"2026-09-17T23:49:47.783Z"}
{"level":"info","event":"action","runId":"3beb0653-6ade-4f29-8029-a40c6df177dd","type":"fetch","rationale":"Inspect an already-known source before another generic query","step":3,"t":"2026-09-17T23:49:47.801Z"}
{"level":"info","event":"action","runId":"3beb0653-6ade-4f29-8029-a40c6df177dd","type":"challenge","rationale":"Disconfirm material conclusion: A hard-constraint violation for a candidate currently marked eligible.","step":4,"t":"2026-09-17T23:49:47.819Z"}
{"level":"info","event":"action","runId":"3beb0653-6ade-4f29-8029-a40c6df177dd","type":"challenge","rationale":"Disconfirm material conclusion: A hard-constraint violation for a candidate currently marked eligible.","step":5,"t":"2026-09-17T23:49:47.836Z"}
{"level":"info","event":"action","runId":"3beb0653-6ade-4f29-8029-a40c6df177dd","type":"challenge","rationale":"Disconfirm material conclusion: A hard-constraint violation for a candidate currently marked eligible.","step":6,"t":"2026-09-17T23:49:47.854Z"}
{"level":"info","event":"action","runId":"3beb0653-6ade-4f29-8029-a40c6df177dd","type":"challenge","rationale":"Disconfirm material conclusion: A hard-constraint violation for a candidate currently marked eligible.","step":7,"t":"2026-09-17T23:49:47.872Z"}
{"level":"info","event":"action","runId":"3beb0653-6ade-4f29-8029-a40c6df177dd","type":"challenge","rationale":"Disconfirm material conclusion: A hard-constraint violation for a candidate currently marked eligible.","step":8,"t":"2026-09-17T23:49:47.889Z"}
{"level":"info","event":"action","runId":"3beb0653-6ade-4f29-8029-a40c6df177dd","type":"challenge","rationale":"Disconfirm material conclusion: A hard-constraint violation for a candidate currently marked eligible.","step":9,"t":"2026-09-17T23:49:47.914Z"}
{"level":"info","event":"action","runId":"3beb0653-6ade-4f29-8029-a40c6df177dd","type":"challenge","rationale":"Disconfirm material conclusion: A hard-constraint violation for a candidate currently marked eligible.","step":10,"t":"2026-09-17T23:49:47.937Z"}
{"level":"info","event":"action","runId":"3beb0653-6ade-4f29-8029-a40c6df177dd","type":"challenge","rationale":"No counterexample found in accessed primary sources. This is not proof that the conclusion is true.","step":11,"t":"2026-09-17T23:49:47.965Z"}
{"level":"info","event":"action","runId":"3beb0653-6ade-4f29-8029-a40c6df177dd","type":"stop","rationale":"Repeated searches returned no novel source family or coverage progress","step":12,"t":"2026-09-17T23:49:47.981Z"}
{"level":"info","event":"action","runId":"727671b9-43a3-49f2-b790-e1eb7477ff70","type":"challenge","rationale":"Disconfirm material conclusion: A primary source that directly contradicts this conclusion.","step":0,"t":"2026-09-17T23:49:48.647Z"}
{"level":"info","event":"action","runId":"727671b9-43a3-49f2-b790-e1eb7477ff70","type":"fetch","rationale":"Inspect an already-known source before another generic query","step":1,"t":"2026-09-17T23:49:48.683Z"}
{"level":"info","event":"action","runId":"727671b9-43a3-49f2-b790-e1eb7477ff70","type":"fetch","rationale":"Inspect an already-known source before another generic query","step":2,"t":"2026-09-17T23:49:48.703Z"}
{"level":"info","event":"action","runId":"727671b9-43a3-49f2-b790-e1eb7477ff70","type":"fetch","rationale":"Inspect an already-known source before another generic query","step":3,"t":"2026-09-17T23:49:48.722Z"}
{"level":"info","event":"action","runId":"727671b9-43a3-49f2-b790-e1eb7477ff70","type":"challenge","rationale":"No counterexample found in accessed primary sources. This is not proof that the conclusion is true.","step":4,"t":"2026-09-17T23:49:48.748Z"}
{"level":"info","event":"action","runId":"727671b9-43a3-49f2-b790-e1eb7477ff70","type":"synthesize","rationale":"decision_critical_gaps_resolved_or_unresolvable; high-impact claims supported or qualified; contradictions handled; remaining actions low expected value","step":5,"t":"2026-09-17T23:49:48.766Z"}
{"level":"info","event":"action","runId":"db0f3bba-7897-4731-ae82-a0afa9b74583","type":"search","rationale":"Investigate an uncovered required question","step":0,"t":"2026-09-17T23:49:49.554Z"}
{"level":"info","event":"action","runId":"db0f3bba-7897-4731-ae82-a0afa9b74583","type":"fetch","rationale":"Inspect an already-known source before another generic query","step":1,"t":"2026-09-17T23:49:49.596Z"}
{"level":"info","event":"action","runId":"db0f3bba-7897-4731-ae82-a0afa9b74583","type":"fetch","rationale":"Inspect an already-known source before another generic query","step":2,"t":"2026-09-17T23:49:49.639Z"}
{"level":"info","event":"action","runId":"db0f3bba-7897-4731-ae82-a0afa9b74583","type":"fetch","rationale":"Inspect an already-known source before another generic query","step":3,"t":"2026-09-17T23:49:49.679Z"}
{"level":"info","event":"action","runId":"db0f3bba-7897-4731-ae82-a0afa9b74583","type":"challenge","rationale":"Disconfirm material conclusion: A primary source that directly contradicts this conclusion.","step":4,"t":"2026-09-17T23:49:49.725Z"}
{"level":"info","event":"action","runId":"db0f3bba-7897-4731-ae82-a0afa9b74583","type":"challenge","rationale":"No counterexample found in accessed primary sources. This is not proof that the conclusion is true.","step":5,"t":"2026-09-17T23:49:49.768Z"}
{"level":"info","event":"action","runId":"db0f3bba-7897-4731-ae82-a0afa9b74583","type":"synthesize","rationale":"decision_critical_gaps_resolved_or_unresolvable; high-impact claims supported or qualified; contradictions handled; remaining actions low expected value","step":6,"t":"2026-09-17T23:49:49.817Z"}
{"level":"info","event":"action","runId":"56de2d3c-d24d-4241-9d4c-92afdcea1123","type":"search","rationale":"Investigate an uncovered required question","step":0,"t":"2026-09-17T23:49:50.814Z"}
{"level":"info","event":"action","runId":"56de2d3c-d24d-4241-9d4c-92afdcea1123","type":"fetch","rationale":"Inspect an already-known source before another generic query","step":1,"t":"2026-09-17T23:49:50.867Z"}
{"level":"info","event":"action","runId":"56de2d3c-d24d-4241-9d4c-92afdcea1123","type":"fetch","rationale":"Inspect an already-known source before another generic query","step":2,"t":"2026-09-17T23:49:50.926Z"}
{"level":"info","event":"action","runId":"56de2d3c-d24d-4241-9d4c-92afdcea1123","type":"fetch","rationale":"Inspect an already-known source before another generic query","step":3,"t":"2026-09-17T23:49:50.967Z"}
{"level":"info","event":"action","runId":"56de2d3c-d24d-4241-9d4c-92afdcea1123","type":"fetch","rationale":"Inspect an already-known source before another generic query","step":4,"t":"2026-09-17T23:49:51.004Z"}
{"level":"info","event":"action","runId":"56de2d3c-d24d-4241-9d4c-92afdcea1123","type":"fetch","rationale":"Inspect an already-known source before another generic query","step":5,"t":"2026-09-17T23:49:51.035Z"}
{"level":"info","event":"action","runId":"56de2d3c-d24d-4241-9d4c-92afdcea1123","type":"challenge","rationale":"Disconfirm material conclusion: A primary source that directly contradicts this conclusion.","step":6,"t":"2026-09-17T23:49:51.077Z"}
{"level":"info","event":"action","runId":"56de2d3c-d24d-4241-9d4c-92afdcea1123","type":"challenge","rationale":"No counterexample found in accessed primary sources. This is not proof that the conclusion is true.","step":7,"t":"2026-09-17T23:49:51.122Z"}
{"level":"info","event":"action","runId":"56de2d3c-d24d-4241-9d4c-92afdcea1123","type":"synthesize","rationale":"decision_critical_gaps_resolved_or_unresolvable; high-impact claims supported or qualified; contradictions handled; remaining actions low expected value","step":8,"t":"2026-09-17T23:49:51.157Z"}
{"level":"info","event":"action","runId":"8fba5baa-73aa-4e8c-8a3d-7d3b54c13d7d","type":"search","rationale":"Investigate an uncovered required question","step":0,"t":"2026-09-17T23:49:51.947Z"}
{"level":"info","event":"action","runId":"8fba5baa-73aa-4e8c-8a3d-7d3b54c13d7d","type":"fetch","rationale":"Inspect an already-known source before another generic query","step":1,"t":"2026-09-17T23:49:51.991Z"}
{"level":"info","event":"action","runId":"8fba5baa-73aa-4e8c-8a3d-7d3b54c13d7d","type":"fetch","rationale":"Inspect an already-known source before another generic query","step":2,"t":"2026-09-17T23:49:52.023Z"}
{"level":"info","event":"action","runId":"8fba5baa-73aa-4e8c-8a3d-7d3b54c13d7d","type":"fetch","rationale":"Inspect an already-known source before another generic query","step":3,"t":"2026-09-17T23:49:52.050Z"}
{"level":"info","event":"action","runId":"8fba5baa-73aa-4e8c-8a3d-7d3b54c13d7d","type":"challenge","rationale":"Disconfirm material conclusion: A primary source that directly contradicts this conclusion.","step":4,"t":"2026-09-17T23:49:52.080Z"}
{"level":"info","event":"action","runId":"8fba5baa-73aa-4e8c-8a3d-7d3b54c13d7d","type":"challenge","rationale":"No counterexample found in accessed primary sources. This is not proof that the conclusion is true.","step":5,"t":"2026-09-17T23:49:52.111Z"}
{"level":"info","event":"action","runId":"8fba5baa-73aa-4e8c-8a3d-7d3b54c13d7d","type":"synthesize","rationale":"decision_critical_gaps_resolved_or_unresolvable; high-impact claims supported or qualified; contradictions handled; remaining actions low expected value","step":6,"t":"2026-09-17T23:49:52.149Z"}
{"level":"info","event":"action","runId":"d2f3752a-5c65-49cb-9fb8-ffe304745e40","type":"search","rationale":"Investigate an uncovered required question","step":0,"t":"2026-09-17T23:49:53.299Z"}
{"level":"info","event":"action","runId":"d2f3752a-5c65-49cb-9fb8-ffe304745e40","type":"fetch","rationale":"Inspect an already-known source before another generic query","step":1,"t":"2026-09-17T23:49:53.376Z"}
{"level":"info","event":"action","runId":"d2f3752a-5c65-49cb-9fb8-ffe304745e40","type":"fetch","rationale":"Inspect an already-known source before another generic query","step":2,"t":"2026-09-17T23:49:53.413Z"}
{"level":"info","event":"action","runId":"d2f3752a-5c65-49cb-9fb8-ffe304745e40","type":"fetch","rationale":"Inspect an already-known source before another generic query","step":3,"t":"2026-09-17T23:49:53.451Z"}
{"level":"info","event":"action","runId":"d2f3752a-5c65-49cb-9fb8-ffe304745e40","type":"fetch","rationale":"Inspect an already-known source before another generic query","step":4,"t":"2026-09-17T23:49:53.495Z"}
{"level":"info","event":"action","runId":"d2f3752a-5c65-49cb-9fb8-ffe304745e40","type":"fetch","rationale":"Inspect an already-known source before another generic query","step":5,"t":"2026-09-17T23:49:53.536Z"}
{"level":"info","event":"action","runId":"d2f3752a-5c65-49cb-9fb8-ffe304745e40","type":"challenge","rationale":"Disconfirm material conclusion: A primary source that directly contradicts this conclusion.","step":6,"t":"2026-09-17T23:49:53.581Z"}
{"level":"info","event":"action","runId":"d2f3752a-5c65-49cb-9fb8-ffe304745e40","type":"challenge","rationale":"No counterexample found in accessed primary sources. This is not proof that the conclusion is true.","step":7,"t":"2026-09-17T23:49:53.615Z"}
{"level":"info","event":"action","runId":"d2f3752a-5c65-49cb-9fb8-ffe304745e40","type":"synthesize","rationale":"decision_critical_gaps_resolved_or_unresolvable; high-impact claims supported or qualified; contradictions handled; remaining actions low expected value","step":8,"t":"2026-09-17T23:49:53.642Z"}
{"level":"info","event":"action","runId":"59c28ed2-4544-40e2-bc3b-354b859b2ad6","type":"search","rationale":"Investigate an uncovered required question","step":0,"t":"2026-09-17T23:49:55.101Z"}
{"level":"info","event":"action","runId":"59c28ed2-4544-40e2-bc3b-354b859b2ad6","type":"fetch","rationale":"Inspect an already-known source before another generic query","step":1,"t":"2026-09-17T23:49:55.138Z"}
{"level":"info","event":"action","runId":"59c28ed2-4544-40e2-bc3b-354b859b2ad6","type":"fetch","rationale":"Inspect an already-known source before another generic query","step":2,"t":"2026-09-17T23:49:55.159Z"}
{"level":"info","event":"action","runId":"59c28ed2-4544-40e2-bc3b-354b859b2ad6","type":"fetch","rationale":"Inspect an already-known source before another generic query","step":3,"t":"2026-09-17T23:49:55.181Z"}
{"level":"info","event":"action","runId":"59c28ed2-4544-40e2-bc3b-354b859b2ad6","type":"fetch","rationale":"Inspect an already-known source before another generic query","step":4,"t":"2026-09-17T23:49:55.200Z"}
{"level":"info","event":"action","runId":"59c28ed2-4544-40e2-bc3b-354b859b2ad6","type":"fetch","rationale":"Inspect an already-known source before another generic query","step":5,"t":"2026-09-17T23:49:55.219Z"}
{"level":"info","event":"action","runId":"59c28ed2-4544-40e2-bc3b-354b859b2ad6","type":"challenge","rationale":"Disconfirm material conclusion: A primary source that directly contradicts this conclusion.","step":6,"t":"2026-09-17T23:49:55.239Z"}
{"level":"info","event":"action","runId":"59c28ed2-4544-40e2-bc3b-354b859b2ad6","type":"challenge","rationale":"No counterexample found in accessed primary sources. This is not proof that the conclusion is true.","step":7,"t":"2026-09-17T23:49:55.258Z"}
{"level":"info","event":"action","runId":"59c28ed2-4544-40e2-bc3b-354b859b2ad6","type":"synthesize","rationale":"decision_critical_gaps_resolved_or_unresolvable; high-impact claims supported or qualified; contradictions handled; remaining actions low expected value","step":8,"t":"2026-09-17T23:49:55.275Z"}
{"level":"info","event":"action","runId":"fda88245-56df-433e-8682-0b0bcc574a1a","type":"search","rationale":"Investigate an uncovered required question","step":0,"t":"2026-09-17T23:49:55.889Z"}
{"level":"info","event":"action","runId":"fda88245-56df-433e-8682-0b0bcc574a1a","type":"fetch","rationale":"Inspect an already-known source before another generic query","step":1,"t":"2026-09-17T23:49:55.915Z"}
{"level":"info","event":"action","runId":"fda88245-56df-433e-8682-0b0bcc574a1a","type":"fetch","rationale":"Inspect an already-known source before another generic query","step":2,"t":"2026-09-17T23:49:55.931Z"}
{"level":"info","event":"action","runId":"fda88245-56df-433e-8682-0b0bcc574a1a","type":"fetch","rationale":"Inspect an already-known source before another generic query","step":3,"t":"2026-09-17T23:49:55.948Z"}
{"level":"info","event":"action","runId":"fda88245-56df-433e-8682-0b0bcc574a1a","type":"fetch","rationale":"Inspect an already-known source before another generic query","step":4,"t":"2026-09-17T23:49:55.963Z"}
{"level":"info","event":"action","runId":"fda88245-56df-433e-8682-0b0bcc574a1a","type":"fetch","rationale":"Inspect an already-known source before another generic query","step":5,"t":"2026-09-17T23:49:55.980Z"}
{"level":"info","event":"action","runId":"fda88245-56df-433e-8682-0b0bcc574a1a","type":"challenge","rationale":"Disconfirm material conclusion: A primary source that directly contradicts this conclusion.","step":6,"t":"2026-09-17T23:49:55.995Z"}
{"level":"info","event":"action","runId":"fda88245-56df-433e-8682-0b0bcc574a1a","type":"challenge","rationale":"No counterexample found in accessed primary sources. This is not proof that the conclusion is true.","step":7,"t":"2026-09-17T23:49:56.012Z"}
{"level":"info","event":"action","runId":"fda88245-56df-433e-8682-0b0bcc574a1a","type":"synthesize","rationale":"decision_critical_gaps_resolved_or_unresolvable; high-impact claims supported or qualified; contradictions handled; remaining actions low expected value","step":8,"t":"2026-09-17T23:49:56.024Z"}
{"level":"info","event":"action","runId":"d7680878-3e33-4aa7-b206-45292df76aae","type":"search","rationale":"Investigate an uncovered required question","step":0,"t":"2026-09-17T23:49:56.585Z"}
{"level":"info","event":"action","runId":"d7680878-3e33-4aa7-b206-45292df76aae","type":"fetch","rationale":"Inspect an already-known source before another generic query","step":1,"t":"2026-09-17T23:49:56.609Z"}
{"level":"info","event":"action","runId":"d7680878-3e33-4aa7-b206-45292df76aae","type":"fetch","rationale":"Inspect an already-known source before another generic query","step":2,"t":"2026-09-17T23:49:56.625Z"}
{"level":"info","event":"action","runId":"d7680878-3e33-4aa7-b206-45292df76aae","type":"fetch","rationale":"Inspect an already-known source before another generic query","step":3,"t":"2026-09-17T23:49:56.639Z"}
{"level":"info","event":"action","runId":"d7680878-3e33-4aa7-b206-45292df76aae","type":"fetch","rationale":"Inspect an already-known source before another generic query","step":4,"t":"2026-09-17T23:49:56.654Z"}
{"level":"info","event":"action","runId":"d7680878-3e33-4aa7-b206-45292df76aae","type":"fetch","rationale":"Inspect an already-known source before another generic query","step":5,"t":"2026-09-17T23:49:56.669Z"}
{"level":"info","event":"action","runId":"d7680878-3e33-4aa7-b206-45292df76aae","type":"challenge","rationale":"Disconfirm material conclusion: A primary source that directly contradicts this conclusion.","step":6,"t":"2026-09-17T23:49:56.683Z"}
{"level":"info","event":"action","runId":"d7680878-3e33-4aa7-b206-45292df76aae","type":"challenge","rationale":"No counterexample found in accessed primary sources. This is not proof that the conclusion is true.","step":7,"t":"2026-09-17T23:49:56.700Z"}
{"level":"info","event":"action","runId":"d7680878-3e33-4aa7-b206-45292df76aae","type":"synthesize","rationale":"decision_critical_gaps_resolved_or_unresolvable; high-impact claims supported or qualified; contradictions handled; remaining actions low expected value","step":8,"t":"2026-09-17T23:49:56.712Z"}
{"level":"info","event":"action","runId":"490bc897-993d-4bb0-bbca-f6b0d29394e6","type":"search","rationale":"Investigate an uncovered required question","step":0,"t":"2026-09-17T23:49:57.549Z"}
{"level":"info","event":"action","runId":"490bc897-993d-4bb0-bbca-f6b0d29394e6","type":"fetch","rationale":"Inspect an already-known source before another generic query","step":1,"t":"2026-09-17T23:49:57.572Z"}
{"level":"info","event":"action","runId":"490bc897-993d-4bb0-bbca-f6b0d29394e6","type":"fetch","rationale":"Inspect an already-known source before another generic query","step":2,"t":"2026-09-17T23:49:57.586Z"}
{"level":"info","event":"action","runId":"490bc897-993d-4bb0-bbca-f6b0d29394e6","type":"fetch","rationale":"Inspect an already-known source before another generic query","step":3,"t":"2026-09-17T23:49:57.600Z"}
{"level":"info","event":"action","runId":"490bc897-993d-4bb0-bbca-f6b0d29394e6","type":"fetch","rationale":"Inspect an already-known source before another generic query","step":4,"t":"2026-09-17T23:49:57.614Z"}
{"level":"info","event":"action","runId":"490bc897-993d-4bb0-bbca-f6b0d29394e6","type":"fetch","rationale":"Inspect an already-known source before another generic query","step":5,"t":"2026-09-17T23:49:57.629Z"}
{"level":"info","event":"action","runId":"490bc897-993d-4bb0-bbca-f6b0d29394e6","type":"challenge","rationale":"Disconfirm material conclusion: A primary source that directly contradicts this conclusion.","step":6,"t":"2026-09-17T23:49:57.643Z"}
{"level":"info","event":"action","runId":"490bc897-993d-4bb0-bbca-f6b0d29394e6","type":"challenge","rationale":"No counterexample found in accessed primary sources. This is not proof that the conclusion is true.","step":7,"t":"2026-09-17T23:49:57.658Z"}
{"level":"info","event":"action","runId":"490bc897-993d-4bb0-bbca-f6b0d29394e6","type":"synthesize","rationale":"decision_critical_gaps_resolved_or_unresolvable; high-impact claims supported or qualified; contradictions handled; remaining actions low expected value","step":8,"t":"2026-09-17T23:49:57.669Z"}
{"level":"info","event":"action","runId":"73609ff2-6677-45b5-8446-b2eadca40b33","type":"search","rationale":"Investigate an uncovered required question","step":0,"t":"2026-09-17T23:49:58.790Z"}
{"level":"info","event":"action","runId":"73609ff2-6677-45b5-8446-b2eadca40b33","type":"fetch","rationale":"Inspect an already-known source before another generic query","step":1,"t":"2026-09-17T23:49:58.813Z"}
{"level":"info","event":"action","runId":"73609ff2-6677-45b5-8446-b2eadca40b33","type":"fetch","rationale":"Inspect an already-known source before another generic query","step":2,"t":"2026-09-17T23:49:58.827Z"}
{"level":"info","event":"action","runId":"73609ff2-6677-45b5-8446-b2eadca40b33","type":"fetch","rationale":"Inspect an already-known source before another generic query","step":3,"t":"2026-09-17T23:49:58.842Z"}
{"level":"info","event":"action","runId":"73609ff2-6677-45b5-8446-b2eadca40b33","type":"fetch","rationale":"Inspect an already-known source before another generic query","step":4,"t":"2026-09-17T23:49:58.856Z"}
{"level":"info","event":"action","runId":"73609ff2-6677-45b5-8446-b2eadca40b33","type":"fetch","rationale":"Inspect an already-known source before another generic query","step":5,"t":"2026-09-17T23:49:58.869Z"}
{"level":"info","event":"action","runId":"73609ff2-6677-45b5-8446-b2eadca40b33","type":"challenge","rationale":"Disconfirm material conclusion: A primary source that directly contradicts this conclusion.","step":6,"t":"2026-09-17T23:49:58.883Z"}
{"level":"info","event":"action","runId":"73609ff2-6677-45b5-8446-b2eadca40b33","type":"challenge","rationale":"No counterexample found in accessed primary sources. This is not proof that the conclusion is true.","step":7,"t":"2026-09-17T23:49:58.898Z"}
{"level":"info","event":"action","runId":"73609ff2-6677-45b5-8446-b2eadca40b33","type":"synthesize","rationale":"decision_critical_gaps_resolved_or_unresolvable; high-impact claims supported or qualified; contradictions handled; remaining actions low expected value","step":8,"t":"2026-09-17T23:49:58.910Z"}
{"level":"info","event":"action","runId":"f4bd1ba0-1a14-4f32-9b46-d91cc944abb9","type":"search","rationale":"Investigate an uncovered required question","step":0,"t":"2026-09-17T23:49:59.485Z"}
{"level":"info","event":"action","runId":"f4bd1ba0-1a14-4f32-9b46-d91cc944abb9","type":"fetch","rationale":"Inspect an already-known source before another generic query","step":1,"t":"2026-09-17T23:49:59.510Z"}
{"level":"info","event":"action","runId":"f4bd1ba0-1a14-4f32-9b46-d91cc944abb9","type":"fetch","rationale":"Inspect an already-known source before another generic query","step":2,"t":"2026-09-17T23:49:59.523Z"}
{"level":"info","event":"action","runId":"f4bd1ba0-1a14-4f32-9b46-d91cc944abb9","type":"fetch","rationale":"Inspect an already-known source before another generic query","step":3,"t":"2026-09-17T23:49:59.538Z"}
{"level":"info","event":"action","runId":"f4bd1ba0-1a14-4f32-9b46-d91cc944abb9","type":"fetch","rationale":"Inspect an already-known source before another generic query","step":4,"t":"2026-09-17T23:49:59.552Z"}
{"level":"info","event":"action","runId":"f4bd1ba0-1a14-4f32-9b46-d91cc944abb9","type":"fetch","rationale":"Inspect an already-known source before another generic query","step":5,"t":"2026-09-17T23:49:59.566Z"}
{"level":"info","event":"action","runId":"f4bd1ba0-1a14-4f32-9b46-d91cc944abb9","type":"challenge","rationale":"Disconfirm material conclusion: A primary source that directly contradicts this conclusion.","step":6,"t":"2026-09-17T23:49:59.580Z"}
{"level":"info","event":"action","runId":"f4bd1ba0-1a14-4f32-9b46-d91cc944abb9","type":"challenge","rationale":"No counterexample found in accessed primary sources. This is not proof that the conclusion is true.","step":7,"t":"2026-09-17T23:49:59.596Z"}
{"level":"info","event":"action","runId":"f4bd1ba0-1a14-4f32-9b46-d91cc944abb9","type":"synthesize","rationale":"decision_critical_gaps_resolved_or_unresolvable; high-impact claims supported or qualified; contradictions handled; remaining actions low expected value","step":8,"t":"2026-09-17T23:49:59.607Z"}
{"level":"info","event":"action","runId":"e2d372a0-8f50-4327-a97f-7935551bedb8","type":"search","rationale":"Investigate an uncovered required question","step":0,"t":"2026-09-17T23:50:00.169Z"}
{"level":"info","event":"action","runId":"e2d372a0-8f50-4327-a97f-7935551bedb8","type":"fetch","rationale":"Inspect an already-known source before another generic query","step":1,"t":"2026-09-17T23:50:00.186Z"}
{"level":"info","event":"action","runId":"e2d372a0-8f50-4327-a97f-7935551bedb8","type":"challenge","rationale":"Disconfirm material conclusion: A primary source that directly contradicts this conclusion.","step":2,"t":"2026-09-17T23:50:00.200Z"}
{"level":"info","event":"action","runId":"e2d372a0-8f50-4327-a97f-7935551bedb8","type":"challenge","rationale":"No counterexample found in accessed primary sources. This is not proof that the conclusion is true.","step":3,"t":"2026-09-17T23:50:00.215Z"}
{"level":"info","event":"action","runId":"e2d372a0-8f50-4327-a97f-7935551bedb8","type":"synthesize","rationale":"decision_critical_gaps_resolved_or_unresolvable; high-impact claims supported or qualified; contradictions handled; remaining actions low expected value","step":4,"t":"2026-09-17T23:50:00.227Z"}
{"level":"info","event":"action","runId":"3678a3ea-7ad5-48ef-a511-1b5a8c81fed1","type":"search","rationale":"Investigate an uncovered required question","step":0,"t":"2026-09-17T23:50:00.794Z"}
{"level":"info","event":"action","runId":"3678a3ea-7ad5-48ef-a511-1b5a8c81fed1","type":"fetch","rationale":"Inspect an already-known source before another generic query","step":1,"t":"2026-09-17T23:50:00.820Z"}
{"level":"info","event":"action","runId":"3678a3ea-7ad5-48ef-a511-1b5a8c81fed1","type":"fetch","rationale":"Inspect an already-known source before another generic query","step":2,"t":"2026-09-17T23:50:00.835Z"}
{"level":"info","event":"action","runId":"3678a3ea-7ad5-48ef-a511-1b5a8c81fed1","type":"fetch","rationale":"Inspect an already-known source before another generic query","step":3,"t":"2026-09-17T23:50:00.850Z"}
{"level":"info","event":"action","runId":"3678a3ea-7ad5-48ef-a511-1b5a8c81fed1","type":"challenge","rationale":"Disconfirm material conclusion: A primary source that directly contradicts this conclusion.","step":4,"t":"2026-09-17T23:50:00.869Z"}
{"level":"info","event":"action","runId":"3678a3ea-7ad5-48ef-a511-1b5a8c81fed1","type":"challenge","rationale":"No counterexample found in accessed primary sources. This is not proof that the conclusion is true.","step":5,"t":"2026-09-17T23:50:00.884Z"}
{"level":"info","event":"action","runId":"3678a3ea-7ad5-48ef-a511-1b5a8c81fed1","type":"synthesize","rationale":"decision_critical_gaps_resolved_or_unresolvable; high-impact claims supported or qualified; contradictions handled; remaining actions low expected value","step":6,"t":"2026-09-17T23:50:00.895Z"}
{"level":"info","event":"action","runId":"9989c830-143b-4dee-8038-8e1e6a155797","type":"search","rationale":"Investigate an uncovered required question","step":0,"t":"2026-09-17T23:50:01.479Z"}
{"level":"info","event":"action","runId":"9989c830-143b-4dee-8038-8e1e6a155797","type":"fetch","rationale":"Inspect an already-known source before another generic query","step":1,"t":"2026-09-17T23:50:01.503Z"}
{"level":"info","event":"action","runId":"9989c830-143b-4dee-8038-8e1e6a155797","type":"fetch","rationale":"Inspect an already-known source before another generic query","step":2,"t":"2026-09-17T23:50:01.518Z"}
{"level":"info","event":"action","runId":"9989c830-143b-4dee-8038-8e1e6a155797","type":"fetch","rationale":"Inspect an already-known source before another generic query","step":3,"t":"2026-09-17T23:50:01.532Z"}
{"level":"info","event":"action","runId":"9989c830-143b-4dee-8038-8e1e6a155797","type":"challenge","rationale":"Disconfirm material conclusion: A primary source that directly contradicts this conclusion.","step":4,"t":"2026-09-17T23:50:01.551Z"}
{"level":"info","event":"action","runId":"9989c830-143b-4dee-8038-8e1e6a155797","type":"challenge","rationale":"No counterexample found in accessed primary sources. This is not proof that the conclusion is true.","step":5,"t":"2026-09-17T23:50:01.566Z"}
{"level":"info","event":"action","runId":"9989c830-143b-4dee-8038-8e1e6a155797","type":"synthesize","rationale":"decision_critical_gaps_resolved_or_unresolvable; high-impact claims supported or qualified; contradictions handled; remaining actions low expected value","step":6,"t":"2026-09-17T23:50:01.578Z"}
{"level":"info","event":"action","runId":"e7bf8b90-a77f-4d6e-8a52-633164eee526","type":"search","rationale":"Investigate an uncovered required question","step":0,"t":"2026-09-17T23:50:02.147Z"}
{"level":"info","event":"action","runId":"e7bf8b90-a77f-4d6e-8a52-633164eee526","type":"fetch","rationale":"Inspect an already-known source before another generic query","step":1,"t":"2026-09-17T23:50:02.170Z"}
{"level":"info","event":"action","runId":"e7bf8b90-a77f-4d6e-8a52-633164eee526","type":"fetch","rationale":"Inspect an already-known source before another generic query","step":2,"t":"2026-09-17T23:50:02.186Z"}
{"level":"info","event":"action","runId":"e7bf8b90-a77f-4d6e-8a52-633164eee526","type":"fetch","rationale":"Inspect an already-known source before another generic query","step":3,"t":"2026-09-17T23:50:02.202Z"}
{"level":"info","event":"action","runId":"e7bf8b90-a77f-4d6e-8a52-633164eee526","type":"fetch","rationale":"Inspect an already-known source before another generic query","step":4,"t":"2026-09-17T23:50:02.216Z"}
{"level":"info","event":"action","runId":"e7bf8b90-a77f-4d6e-8a52-633164eee526","type":"fetch","rationale":"Inspect an already-known source before another generic query","step":5,"t":"2026-09-17T23:50:02.231Z"}
{"level":"info","event":"action","runId":"e7bf8b90-a77f-4d6e-8a52-633164eee526","type":"challenge","rationale":"Disconfirm material conclusion: A primary source that directly contradicts this conclusion.","step":6,"t":"2026-09-17T23:50:02.247Z"}
{"level":"info","event":"action","runId":"e7bf8b90-a77f-4d6e-8a52-633164eee526","type":"challenge","rationale":"No counterexample found in accessed primary sources. This is not proof that the conclusion is true.","step":7,"t":"2026-09-17T23:50:02.263Z"}
{"level":"info","event":"action","runId":"e7bf8b90-a77f-4d6e-8a52-633164eee526","type":"synthesize","rationale":"decision_critical_gaps_resolved_or_unresolvable; high-impact claims supported or qualified; contradictions handled; remaining actions low expected value","step":8,"t":"2026-09-17T23:50:02.276Z"}
{"level":"info","event":"action","runId":"04912813-99cc-47bd-a40d-f9b4aac7b825","type":"search","rationale":"Investigate an uncovered required question","step":0,"t":"2026-09-17T23:50:02.543Z"}
{"level":"info","event":"action","runId":"04912813-99cc-47bd-a40d-f9b4aac7b825","type":"fetch","rationale":"Inspect an already-known source before another generic query","step":1,"t":"2026-09-17T23:50:02.563Z"}
{"level":"info","event":"action","runId":"04912813-99cc-47bd-a40d-f9b4aac7b825","type":"fetch","rationale":"Inspect an already-known source before another generic query","step":2,"t":"2026-09-17T23:50:02.577Z"}
{"level":"info","event":"action","runId":"04912813-99cc-47bd-a40d-f9b4aac7b825","type":"fetch","rationale":"Inspect an already-known source before another generic query","step":3,"t":"2026-09-17T23:50:02.593Z"}
{"level":"info","event":"action","runId":"04912813-99cc-47bd-a40d-f9b4aac7b825","type":"fetch","rationale":"Inspect an already-known source before another generic query","step":4,"t":"2026-09-17T23:50:02.608Z"}
{"level":"info","event":"action","runId":"04912813-99cc-47bd-a40d-f9b4aac7b825","type":"fetch","rationale":"Inspect an already-known source before another generic query","step":5,"t":"2026-09-17T23:50:02.624Z"}
{"level":"info","event":"action","runId":"04912813-99cc-47bd-a40d-f9b4aac7b825","type":"challenge","rationale":"Disconfirm material conclusion: A primary source that directly contradicts this conclusion.","step":6,"t":"2026-09-17T23:50:02.639Z"}
{"level":"info","event":"action","runId":"04912813-99cc-47bd-a40d-f9b4aac7b825","type":"challenge","rationale":"Disconfirm material conclusion: A primary source that directly contradicts this conclusion.","step":7,"t":"2026-09-17T23:50:02.654Z"}
{"level":"info","event":"action","runId":"04912813-99cc-47bd-a40d-f9b4aac7b825","type":"challenge","rationale":"Disconfirm material conclusion: A primary source that directly contradicts this conclusion.","step":8,"t":"2026-09-17T23:50:02.670Z"}
{"level":"info","event":"action","runId":"04912813-99cc-47bd-a40d-f9b4aac7b825","type":"challenge","rationale":"Disconfirm material conclusion: A primary source that directly contradicts this conclusion.","step":9,"t":"2026-09-17T23:50:02.685Z"}
{"level":"info","event":"action","runId":"04912813-99cc-47bd-a40d-f9b4aac7b825","type":"challenge","rationale":"Disconfirm material conclusion: A primary source that directly contradicts this conclusion.","step":10,"t":"2026-09-17T23:50:02.701Z"}
{"level":"info","event":"action","runId":"04912813-99cc-47bd-a40d-f9b4aac7b825","type":"challenge","rationale":"Disconfirm material conclusion: A primary source that directly contradicts this conclusion.","step":11,"t":"2026-09-17T23:50:02.716Z"}
{"level":"info","event":"action","runId":"04912813-99cc-47bd-a40d-f9b4aac7b825","type":"challenge","rationale":"Disconfirm material conclusion: A primary source that directly contradicts this conclusion.","step":12,"t":"2026-09-17T23:50:02.732Z"}
{"level":"info","event":"action","runId":"04912813-99cc-47bd-a40d-f9b4aac7b825","type":"challenge","rationale":"No counterexample found in accessed primary sources. This is not proof that the conclusion is true.","step":13,"t":"2026-09-17T23:50:02.748Z"}
{"level":"info","event":"action","runId":"04912813-99cc-47bd-a40d-f9b4aac7b825","type":"stop","rationale":"Repeated searches returned no novel source family or coverage progress","step":14,"t":"2026-09-17T23:50:02.760Z"}
{"level":"info","event":"action","runId":"29e02954-3aa8-4396-844f-b1d29cf6d75f","type":"search","rationale":"Investigate an uncovered required question","step":0,"t":"2026-09-17T23:50:03.312Z"}
{"level":"info","event":"action","runId":"29e02954-3aa8-4396-844f-b1d29cf6d75f","type":"fetch","rationale":"Inspect an already-known source before another generic query","step":1,"t":"2026-09-17T23:50:03.336Z"}
{"level":"info","event":"action","runId":"29e02954-3aa8-4396-844f-b1d29cf6d75f","type":"fetch","rationale":"Inspect an already-known source before another generic query","step":2,"t":"2026-09-17T23:50:03.354Z"}
{"level":"info","event":"action","runId":"29e02954-3aa8-4396-844f-b1d29cf6d75f","type":"challenge","rationale":"Disconfirm material conclusion: A primary source that directly contradicts this conclusion.","step":3,"t":"2026-09-17T23:50:03.369Z"}
{"level":"info","event":"action","runId":"29e02954-3aa8-4396-844f-b1d29cf6d75f","type":"challenge","rationale":"No counterexample found in accessed primary sources. This is not proof that the conclusion is true.","step":4,"t":"2026-09-17T23:50:03.384Z"}
{"level":"info","event":"action","runId":"29e02954-3aa8-4396-844f-b1d29cf6d75f","type":"synthesize","rationale":"decision_critical_gaps_resolved_or_unresolvable; high-impact claims supported or qualified; contradictions handled; remaining actions low expected value","step":5,"t":"2026-09-17T23:50:03.396Z"}
{"level":"info","event":"action","runId":"3f716839-d72c-4b9f-8eb1-71127023cfa3","type":"search","rationale":"Investigate an uncovered required question","step":0,"t":"2026-09-17T23:50:04.003Z"}
{"level":"info","event":"action","runId":"3f716839-d72c-4b9f-8eb1-71127023cfa3","type":"fetch","rationale":"Inspect an already-known source before another generic query","step":1,"t":"2026-09-17T23:50:04.021Z"}
{"level":"info","event":"action","runId":"3f716839-d72c-4b9f-8eb1-71127023cfa3","type":"challenge","rationale":"Disconfirm material conclusion: A primary source that directly contradicts this conclusion.","step":2,"t":"2026-09-17T23:50:04.034Z"}
{"level":"info","event":"action","runId":"3f716839-d72c-4b9f-8eb1-71127023cfa3","type":"challenge","rationale":"No counterexample found in accessed primary sources. This is not proof that the conclusion is true.","step":3,"t":"2026-09-17T23:50:04.050Z"}
{"level":"info","event":"action","runId":"3f716839-d72c-4b9f-8eb1-71127023cfa3","type":"synthesize","rationale":"decision_critical_gaps_resolved_or_unresolvable; high-impact claims supported or qualified; contradictions handled; remaining actions low expected value","step":4,"t":"2026-09-17T23:50:04.062Z"}
{"level":"info","event":"action","runId":"abcc0c68-4984-4171-b59b-13fd38173b7c","type":"search","rationale":"Investigate an uncovered required question","step":0,"t":"2026-09-17T23:50:04.612Z"}
{"level":"info","event":"action","runId":"abcc0c68-4984-4171-b59b-13fd38173b7c","type":"fetch","rationale":"Inspect an already-known source before another generic query","step":1,"t":"2026-09-17T23:50:04.629Z"}
{"level":"info","event":"action","runId":"abcc0c68-4984-4171-b59b-13fd38173b7c","type":"challenge","rationale":"Disconfirm material conclusion: A primary source that directly contradicts this conclusion.","step":2,"t":"2026-09-17T23:50:04.643Z"}
{"level":"info","event":"action","runId":"abcc0c68-4984-4171-b59b-13fd38173b7c","type":"challenge","rationale":"No counterexample found in accessed primary sources. This is not proof that the conclusion is true.","step":3,"t":"2026-09-17T23:50:04.657Z"}
{"level":"info","event":"action","runId":"abcc0c68-4984-4171-b59b-13fd38173b7c","type":"synthesize","rationale":"decision_critical_gaps_resolved_or_unresolvable; high-impact claims supported or qualified; contradictions handled; remaining actions low expected value","step":4,"t":"2026-09-17T23:50:04.667Z"}
{"level":"info","event":"action","runId":"1fe9d495-4d28-4f40-a901-bb78190b7492","type":"search","rationale":"Investigate an uncovered required question","step":0,"t":"2026-09-17T23:50:05.214Z"}
{"level":"info","event":"action","runId":"1fe9d495-4d28-4f40-a901-bb78190b7492","type":"fetch","rationale":"Inspect an already-known source before another generic query","step":1,"t":"2026-09-17T23:50:05.233Z"}
{"level":"info","event":"action","runId":"1fe9d495-4d28-4f40-a901-bb78190b7492","type":"challenge","rationale":"Disconfirm material conclusion: A primary source that directly contradicts this conclusion.","step":2,"t":"2026-09-17T23:50:05.248Z"}
{"level":"info","event":"action","runId":"1fe9d495-4d28-4f40-a901-bb78190b7492","type":"challenge","rationale":"No counterexample found in accessed primary sources. This is not proof that the conclusion is true.","step":3,"t":"2026-09-17T23:50:05.262Z"}
{"level":"info","event":"action","runId":"1fe9d495-4d28-4f40-a901-bb78190b7492","type":"synthesize","rationale":"decision_critical_gaps_resolved_or_unresolvable; high-impact claims supported or qualified; contradictions handled; remaining actions low expected value","step":4,"t":"2026-09-17T23:50:05.273Z"}
{"level":"info","event":"action","runId":"c1a1cb18-8184-43a5-ba6f-37395ac4605a","type":"search","rationale":"Investigate an uncovered required question","step":0,"t":"2026-09-17T23:50:05.817Z"}
{"level":"info","event":"action","runId":"c1a1cb18-8184-43a5-ba6f-37395ac4605a","type":"fetch","rationale":"Inspect an already-known source before another generic query","step":1,"t":"2026-09-17T23:50:05.837Z"}
{"level":"info","event":"action","runId":"c1a1cb18-8184-43a5-ba6f-37395ac4605a","type":"challenge","rationale":"Disconfirm material conclusion: A primary source that directly contradicts this conclusion.","step":2,"t":"2026-09-17T23:50:05.858Z"}
{"level":"info","event":"action","runId":"c1a1cb18-8184-43a5-ba6f-37395ac4605a","type":"challenge","rationale":"No counterexample found in accessed primary sources. This is not proof that the conclusion is true.","step":3,"t":"2026-09-17T23:50:05.889Z"}
{"level":"info","event":"action","runId":"c1a1cb18-8184-43a5-ba6f-37395ac4605a","type":"synthesize","rationale":"decision_critical_gaps_resolved_or_unresolvable; high-impact claims supported or qualified; contradictions handled; remaining actions low expected value","step":4,"t":"2026-09-17T23:50:05.913Z"}
{"level":"info","event":"action","runId":"05b7584f-7945-46f7-8801-f5aea6b3a226","type":"search","rationale":"Investigate an uncovered required question","step":0,"t":"2026-09-17T23:50:06.513Z"}
{"level":"info","event":"action","runId":"05b7584f-7945-46f7-8801-f5aea6b3a226","type":"fetch","rationale":"Inspect an already-known source before another generic query","step":1,"t":"2026-09-17T23:50:06.540Z"}
{"level":"info","event":"action","runId":"05b7584f-7945-46f7-8801-f5aea6b3a226","type":"fetch","rationale":"Inspect an already-known source before another generic query","step":2,"t":"2026-09-17T23:50:06.557Z"}
{"level":"info","event":"action","runId":"05b7584f-7945-46f7-8801-f5aea6b3a226","type":"fetch","rationale":"Inspect an already-known source before another generic query","step":3,"t":"2026-09-17T23:50:06.573Z"}
{"level":"info","event":"action","runId":"05b7584f-7945-46f7-8801-f5aea6b3a226","type":"fetch","rationale":"Inspect an already-known source before another generic query","step":4,"t":"2026-09-17T23:50:06.590Z"}
{"level":"info","event":"action","runId":"05b7584f-7945-46f7-8801-f5aea6b3a226","type":"fetch","rationale":"Inspect an already-known source before another generic query","step":5,"t":"2026-09-17T23:50:06.605Z"}
{"level":"info","event":"action","runId":"05b7584f-7945-46f7-8801-f5aea6b3a226","type":"challenge","rationale":"Disconfirm material conclusion: A primary source that directly contradicts this conclusion.","step":6,"t":"2026-09-17T23:50:06.620Z"}
{"level":"info","event":"action","runId":"05b7584f-7945-46f7-8801-f5aea6b3a226","type":"challenge","rationale":"No counterexample found in accessed primary sources. This is not proof that the conclusion is true.","step":7,"t":"2026-09-17T23:50:06.637Z"}
{"level":"info","event":"action","runId":"05b7584f-7945-46f7-8801-f5aea6b3a226","type":"synthesize","rationale":"decision_critical_gaps_resolved_or_unresolvable; high-impact claims supported or qualified; contradictions handled; remaining actions low expected value","step":8,"t":"2026-09-17T23:50:06.649Z"}
{"level":"info","event":"action","runId":"e2dee6b4-a2a7-45b7-941f-ed5ecfb1533e","type":"search","rationale":"Investigate an uncovered required question","step":0,"t":"2026-09-17T23:50:07.205Z"}
{"level":"info","event":"action","runId":"e2dee6b4-a2a7-45b7-941f-ed5ecfb1533e","type":"fetch","rationale":"Inspect an already-known source before another generic query","step":1,"t":"2026-09-17T23:50:07.231Z"}
{"level":"info","event":"action","runId":"e2dee6b4-a2a7-45b7-941f-ed5ecfb1533e","type":"synthesize","rationale":"budget requires finishing with available evidence","step":2,"t":"2026-09-17T23:50:07.248Z"}
{"level":"info","event":"action","runId":"77aa63ca-6231-472b-8698-a5912a05c7ac","type":"search","rationale":"Investigate an uncovered required question","step":0,"t":"2026-09-17T23:50:07.831Z"}
{"level":"info","event":"action","runId":"77aa63ca-6231-472b-8698-a5912a05c7ac","type":"fetch","rationale":"Inspect an already-known source before another generic query","step":1,"t":"2026-09-17T23:50:07.862Z"}
{"level":"info","event":"action","runId":"77aa63ca-6231-472b-8698-a5912a05c7ac","type":"fetch","rationale":"Inspect an already-known source before another generic query","step":2,"t":"2026-09-17T23:50:07.878Z"}
{"level":"info","event":"action","runId":"77aa63ca-6231-472b-8698-a5912a05c7ac","type":"fetch","rationale":"Inspect an already-known source before another generic query","step":3,"t":"2026-09-17T23:50:07.892Z"}
{"level":"info","event":"action","runId":"77aa63ca-6231-472b-8698-a5912a05c7ac","type":"fetch","rationale":"Inspect an already-known source before another generic query","step":4,"t":"2026-09-17T23:50:07.907Z"}
{"level":"info","event":"action","runId":"77aa63ca-6231-472b-8698-a5912a05c7ac","type":"fetch","rationale":"Inspect an already-known source before another generic query","step":5,"t":"2026-09-17T23:50:07.922Z"}
{"level":"info","event":"action","runId":"77aa63ca-6231-472b-8698-a5912a05c7ac","type":"challenge","rationale":"Disconfirm material conclusion: A primary source that directly contradicts this conclusion.","step":6,"t":"2026-09-17T23:50:07.937Z"}
{"level":"info","event":"action","runId":"77aa63ca-6231-472b-8698-a5912a05c7ac","type":"challenge","rationale":"No counterexample found in accessed primary sources. This is not proof that the conclusion is true.","step":7,"t":"2026-09-17T23:50:07.952Z"}
{"level":"info","event":"action","runId":"77aa63ca-6231-472b-8698-a5912a05c7ac","type":"synthesize","rationale":"decision_critical_gaps_resolved_or_unresolvable; high-impact claims supported or qualified; contradictions handled; remaining actions low expected value","step":8,"t":"2026-09-17T23:50:07.963Z"}
{"level":"info","event":"action","runId":"3094fda4-30c1-458d-8ed1-a31506d12b92","type":"search","rationale":"Investigate an uncovered required question","step":0,"t":"2026-09-17T23:50:08.831Z"}
{"level":"info","event":"action","runId":"3094fda4-30c1-458d-8ed1-a31506d12b92","type":"fetch","rationale":"Inspect an already-known source before another generic query","step":1,"t":"2026-09-17T23:50:08.853Z"}
{"level":"info","event":"action","runId":"3094fda4-30c1-458d-8ed1-a31506d12b92","type":"fetch","rationale":"Inspect an already-known source before another generic query","step":2,"t":"2026-09-17T23:50:08.866Z"}
{"level":"info","event":"action","runId":"3094fda4-30c1-458d-8ed1-a31506d12b92","type":"fetch","rationale":"Inspect an already-known source before another generic query","step":3,"t":"2026-09-17T23:50:08.879Z"}
{"level":"info","event":"action","runId":"3094fda4-30c1-458d-8ed1-a31506d12b92","type":"fetch","rationale":"Inspect an already-known source before another generic query","step":4,"t":"2026-09-17T23:50:08.891Z"}
{"level":"info","event":"action","runId":"3094fda4-30c1-458d-8ed1-a31506d12b92","type":"fetch","rationale":"Inspect an already-known source before another generic query","step":5,"t":"2026-09-17T23:50:08.905Z"}
{"level":"info","event":"action","runId":"3094fda4-30c1-458d-8ed1-a31506d12b92","type":"challenge","rationale":"Disconfirm material conclusion: A primary source that directly contradicts this conclusion.","step":6,"t":"2026-09-17T23:50:08.916Z"}
{"level":"info","event":"action","runId":"3094fda4-30c1-458d-8ed1-a31506d12b92","type":"challenge","rationale":"No counterexample found in accessed primary sources. This is not proof that the conclusion is true.","step":7,"t":"2026-09-17T23:50:08.932Z"}
{"level":"info","event":"action","runId":"3094fda4-30c1-458d-8ed1-a31506d12b92","type":"synthesize","rationale":"decision_critical_gaps_resolved_or_unresolvable; high-impact claims supported or qualified; contradictions handled; remaining actions low expected value","step":8,"t":"2026-09-17T23:50:08.943Z"}
{"level":"info","event":"action","runId":"5f6248a8-1f50-4d2c-a2e6-0464f9f3bb8f","type":"challenge","rationale":"Disconfirm material conclusion: A primary source that directly contradicts this conclusion.","step":0,"t":"2026-09-17T23:50:09.796Z"}
{"level":"info","event":"action","runId":"5f6248a8-1f50-4d2c-a2e6-0464f9f3bb8f","type":"fetch","rationale":"Inspect an already-known source before another generic query","step":1,"t":"2026-09-17T23:50:09.819Z"}
{"level":"info","event":"action","runId":"5f6248a8-1f50-4d2c-a2e6-0464f9f3bb8f","type":"fetch","rationale":"Inspect an already-known source before another generic query","step":2,"t":"2026-09-17T23:50:09.831Z"}
{"level":"info","event":"action","runId":"5f6248a8-1f50-4d2c-a2e6-0464f9f3bb8f","type":"fetch","rationale":"Inspect an already-known source before another generic query","step":3,"t":"2026-09-17T23:50:09.845Z"}
{"level":"info","event":"action","runId":"5f6248a8-1f50-4d2c-a2e6-0464f9f3bb8f","type":"challenge","rationale":"No counterexample found in accessed primary sources. This is not proof that the conclusion is true.","step":4,"t":"2026-09-17T23:50:09.862Z"}
{"level":"info","event":"action","runId":"5f6248a8-1f50-4d2c-a2e6-0464f9f3bb8f","type":"synthesize","rationale":"decision_critical_gaps_resolved_or_unresolvable; high-impact claims supported or qualified; contradictions handled; remaining actions low expected value","step":5,"t":"2026-09-17T23:50:09.872Z"}
{"level":"info","event":"action","runId":"ff408f93-8b59-4b9d-8068-976fa41d0139","type":"challenge","rationale":"Disconfirm material conclusion: A primary source that directly contradicts this conclusion.","step":0,"t":"2026-09-17T23:50:10.474Z"}
{"level":"info","event":"action","runId":"ff408f93-8b59-4b9d-8068-976fa41d0139","type":"fetch","rationale":"Inspect an already-known source before another generic query","step":1,"t":"2026-09-17T23:50:10.495Z"}
{"level":"info","event":"action","runId":"ff408f93-8b59-4b9d-8068-976fa41d0139","type":"fetch","rationale":"Inspect an already-known source before another generic query","step":2,"t":"2026-09-17T23:50:10.508Z"}
{"level":"info","event":"action","runId":"ff408f93-8b59-4b9d-8068-976fa41d0139","type":"fetch","rationale":"Inspect an already-known source before another generic query","step":3,"t":"2026-09-17T23:50:10.523Z"}
{"level":"info","event":"action","runId":"ff408f93-8b59-4b9d-8068-976fa41d0139","type":"challenge","rationale":"No counterexample found in accessed primary sources. This is not proof that the conclusion is true.","step":4,"t":"2026-09-17T23:50:10.540Z"}
{"level":"info","event":"action","runId":"ff408f93-8b59-4b9d-8068-976fa41d0139","type":"synthesize","rationale":"decision_critical_gaps_resolved_or_unresolvable; high-impact claims supported or qualified; contradictions handled; remaining actions low expected value","step":5,"t":"2026-09-17T23:50:10.551Z"}
{"level":"info","event":"action","runId":"d06b5254-a648-481e-b96b-ce6c38e8f55c","type":"search","rationale":"Investigate an uncovered required question","step":0,"t":"2026-09-17T23:50:10.954Z"}
{"level":"info","event":"action","runId":"d06b5254-a648-481e-b96b-ce6c38e8f55c","type":"fetch","rationale":"Inspect an already-known source before another generic query","step":1,"t":"2026-09-17T23:50:10.983Z"}
{"level":"info","event":"action","runId":"d06b5254-a648-481e-b96b-ce6c38e8f55c","type":"fetch","rationale":"Inspect an already-known source before another generic query","step":2,"t":"2026-09-17T23:50:10.998Z"}
{"level":"info","event":"action","runId":"d06b5254-a648-481e-b96b-ce6c38e8f55c","type":"fetch","rationale":"Inspect an already-known source before another generic query","step":3,"t":"2026-09-17T23:50:11.013Z"}
{"level":"info","event":"action","runId":"d06b5254-a648-481e-b96b-ce6c38e8f55c","type":"fetch","rationale":"Inspect an already-known source before another generic query","step":4,"t":"2026-09-17T23:50:11.027Z"}
{"level":"info","event":"action","runId":"d06b5254-a648-481e-b96b-ce6c38e8f55c","type":"fetch","rationale":"Inspect an already-known source before another generic query","step":5,"t":"2026-09-17T23:50:11.041Z"}
{"level":"info","event":"action","runId":"d06b5254-a648-481e-b96b-ce6c38e8f55c","type":"challenge","rationale":"Disconfirm material conclusion: A primary source that directly contradicts this conclusion.","step":6,"t":"2026-09-17T23:50:11.056Z"}
{"level":"info","event":"action","runId":"d06b5254-a648-481e-b96b-ce6c38e8f55c","type":"challenge","rationale":"No counterexample found in accessed primary sources. This is not proof that the conclusion is true.","step":7,"t":"2026-09-17T23:50:11.071Z"}
{"level":"info","event":"action","runId":"d06b5254-a648-481e-b96b-ce6c38e8f55c","type":"synthesize","rationale":"decision_critical_gaps_resolved_or_unresolvable; high-impact claims supported or qualified; contradictions handled; remaining actions low expected value","step":8,"t":"2026-09-17T23:50:11.083Z"}
{"level":"info","event":"action","runId":"686f9672-dc55-4fcb-802f-d36a8a384e63","type":"search","rationale":"Investigate an uncovered required question","step":0,"t":"2026-09-17T23:50:11.687Z"}
{"level":"info","event":"action","runId":"686f9672-dc55-4fcb-802f-d36a8a384e63","type":"fetch","rationale":"Inspect an already-known source before another generic query","step":1,"t":"2026-09-17T23:50:11.717Z"}
{"level":"info","event":"action","runId":"686f9672-dc55-4fcb-802f-d36a8a384e63","type":"fetch","rationale":"Inspect an already-known source before another generic query","step":2,"t":"2026-09-17T23:50:11.733Z"}
{"level":"info","event":"action","runId":"686f9672-dc55-4fcb-802f-d36a8a384e63","type":"fetch","rationale":"Inspect an already-known source before another generic query","step":3,"t":"2026-09-17T23:50:11.748Z"}
{"level":"info","event":"action","runId":"686f9672-dc55-4fcb-802f-d36a8a384e63","type":"fetch","rationale":"Inspect an already-known source before another generic query","step":4,"t":"2026-09-17T23:50:11.763Z"}
{"level":"info","event":"action","runId":"686f9672-dc55-4fcb-802f-d36a8a384e63","type":"fetch","rationale":"Inspect an already-known source before another generic query","step":5,"t":"2026-09-17T23:50:11.779Z"}
{"level":"info","event":"action","runId":"686f9672-dc55-4fcb-802f-d36a8a384e63","type":"challenge","rationale":"Disconfirm material conclusion: A primary source that directly contradicts this conclusion.","step":6,"t":"2026-09-17T23:50:11.794Z"}
{"level":"info","event":"action","runId":"686f9672-dc55-4fcb-802f-d36a8a384e63","type":"challenge","rationale":"No counterexample found in accessed primary sources. This is not proof that the conclusion is true.","step":7,"t":"2026-09-17T23:50:11.811Z"}
{"level":"info","event":"action","runId":"686f9672-dc55-4fcb-802f-d36a8a384e63","type":"synthesize","rationale":"decision_critical_gaps_resolved_or_unresolvable; high-impact claims supported or qualified; contradictions handled; remaining actions low expected value","step":8,"t":"2026-09-17T23:50:11.822Z"}
{"level":"info","event":"action","runId":"dfc50ff0-6ed3-4e27-a468-dc1e201cc4b1","type":"clarify","rationale":"A blocking field is unspecified and would change the answer","step":0,"t":"2026-09-17T23:50:13.042Z"}
{"level":"info","event":"action","runId":"c835e5a8-2325-4e0b-891a-c31b5d4b11d4","type":"clarify","rationale":"A blocking field is unspecified and would change the answer","step":0,"t":"2026-09-17T23:50:13.381Z"}
{"level":"info","event":"action","runId":"c835e5a8-2325-4e0b-891a-c31b5d4b11d4","type":"search","rationale":"Investigate an uncovered required question","step":0,"t":"2026-09-17T23:50:13.407Z"}
{"level":"info","event":"action","runId":"c835e5a8-2325-4e0b-891a-c31b5d4b11d4","type":"fetch","rationale":"Inspect an already-known source before another generic query","step":1,"t":"2026-09-17T23:50:13.424Z"}
{"level":"info","event":"action","runId":"c835e5a8-2325-4e0b-891a-c31b5d4b11d4","type":"challenge","rationale":"Disconfirm material conclusion: A primary source that directly contradicts this conclusion.","step":2,"t":"2026-09-17T23:50:13.438Z"}
{"level":"info","event":"action","runId":"c835e5a8-2325-4e0b-891a-c31b5d4b11d4","type":"challenge","rationale":"Disconfirm material conclusion: A primary source that directly contradicts this conclusion.","step":3,"t":"2026-09-17T23:50:13.453Z"}
{"level":"info","event":"action","runId":"c835e5a8-2325-4e0b-891a-c31b5d4b11d4","type":"challenge","rationale":"Disconfirm material conclusion: A primary source that directly contradicts this conclusion.","step":4,"t":"2026-09-17T23:50:13.466Z"}
{"level":"info","event":"action","runId":"c835e5a8-2325-4e0b-891a-c31b5d4b11d4","type":"challenge","rationale":"Disconfirm material conclusion: A primary source that directly contradicts this conclusion.","step":5,"t":"2026-09-17T23:50:13.480Z"}
{"level":"info","event":"action","runId":"c835e5a8-2325-4e0b-891a-c31b5d4b11d4","type":"challenge","rationale":"Disconfirm material conclusion: A primary source that directly contradicts this conclusion.","step":6,"t":"2026-09-17T23:50:13.494Z"}
{"level":"info","event":"action","runId":"c835e5a8-2325-4e0b-891a-c31b5d4b11d4","type":"challenge","rationale":"Disconfirm material conclusion: A primary source that directly contradicts this conclusion.","step":7,"t":"2026-09-17T23:50:13.508Z"}
{"level":"info","event":"action","runId":"c835e5a8-2325-4e0b-891a-c31b5d4b11d4","type":"challenge","rationale":"Disconfirm material conclusion: A primary source that directly contradicts this conclusion.","step":8,"t":"2026-09-17T23:50:13.523Z"}
{"level":"info","event":"action","runId":"c835e5a8-2325-4e0b-891a-c31b5d4b11d4","type":"challenge","rationale":"No counterexample found in accessed primary sources. This is not proof that the conclusion is true.","step":9,"t":"2026-09-17T23:50:13.539Z"}
{"level":"info","event":"action","runId":"c835e5a8-2325-4e0b-891a-c31b5d4b11d4","type":"stop","rationale":"Repeated searches returned no novel source family or coverage progress","step":10,"t":"2026-09-17T23:50:13.551Z"}
{"level":"info","event":"action","runId":"a5f2950e-6ad2-48d3-81c9-091e9d5713e9","type":"clarify","rationale":"A blocking field is unspecified and would change the answer","step":0,"t":"2026-09-17T23:50:14.114Z"}
{"level":"info","event":"action","runId":"a5f2950e-6ad2-48d3-81c9-091e9d5713e9","type":"search","rationale":"Investigate an uncovered required question","step":0,"t":"2026-09-17T23:50:14.139Z"}
{"level":"info","event":"action","runId":"a5f2950e-6ad2-48d3-81c9-091e9d5713e9","type":"fetch","rationale":"Inspect an already-known source before another generic query","step":1,"t":"2026-09-17T23:50:14.157Z"}
{"level":"info","event":"action","runId":"a5f2950e-6ad2-48d3-81c9-091e9d5713e9","type":"challenge","rationale":"Disconfirm material conclusion: A primary source that directly contradicts this conclusion.","step":2,"t":"2026-09-17T23:50:14.171Z"}
{"level":"info","event":"action","runId":"a5f2950e-6ad2-48d3-81c9-091e9d5713e9","type":"challenge","rationale":"Disconfirm material conclusion: A primary source that directly contradicts this conclusion.","step":3,"t":"2026-09-17T23:50:14.185Z"}
{"level":"info","event":"action","runId":"a5f2950e-6ad2-48d3-81c9-091e9d5713e9","type":"challenge","rationale":"Disconfirm material conclusion: A primary source that directly contradicts this conclusion.","step":4,"t":"2026-09-17T23:50:14.200Z"}
{"level":"info","event":"action","runId":"a5f2950e-6ad2-48d3-81c9-091e9d5713e9","type":"challenge","rationale":"Disconfirm material conclusion: A primary source that directly contradicts this conclusion.","step":5,"t":"2026-09-17T23:50:14.215Z"}
{"level":"info","event":"action","runId":"a5f2950e-6ad2-48d3-81c9-091e9d5713e9","type":"challenge","rationale":"Disconfirm material conclusion: A primary source that directly contradicts this conclusion.","step":6,"t":"2026-09-17T23:50:14.229Z"}
{"level":"info","event":"action","runId":"a5f2950e-6ad2-48d3-81c9-091e9d5713e9","type":"challenge","rationale":"Disconfirm material conclusion: A primary source that directly contradicts this conclusion.","step":7,"t":"2026-09-17T23:50:14.245Z"}
{"level":"info","event":"action","runId":"a5f2950e-6ad2-48d3-81c9-091e9d5713e9","type":"challenge","rationale":"Disconfirm material conclusion: A primary source that directly contradicts this conclusion.","step":8,"t":"2026-09-17T23:50:14.259Z"}
{"level":"info","event":"action","runId":"a5f2950e-6ad2-48d3-81c9-091e9d5713e9","type":"challenge","rationale":"No counterexample found in accessed primary sources. This is not proof that the conclusion is true.","step":9,"t":"2026-09-17T23:50:14.273Z"}
{"level":"info","event":"action","runId":"a5f2950e-6ad2-48d3-81c9-091e9d5713e9","type":"stop","rationale":"Repeated searches returned no novel source family or coverage progress","step":10,"t":"2026-09-17T23:50:14.284Z"}
{"level":"info","event":"action","runId":"e2f80dd1-92f0-4ce5-972c-1be409293c8c","type":"clarify","rationale":"A blocking field is unspecified and would change the answer","step":0,"t":"2026-09-17T23:50:14.841Z"}
{"level":"info","event":"action","runId":"e2f80dd1-92f0-4ce5-972c-1be409293c8c","type":"search","rationale":"Investigate an uncovered required question","step":0,"t":"2026-09-17T23:50:14.865Z"}
{"level":"info","event":"action","runId":"e2f80dd1-92f0-4ce5-972c-1be409293c8c","type":"fetch","rationale":"Inspect an already-known source before another generic query","step":1,"t":"2026-09-17T23:50:14.878Z"}
{"level":"info","event":"action","runId":"e2f80dd1-92f0-4ce5-972c-1be409293c8c","type":"challenge","rationale":"Disconfirm material conclusion: A primary source that directly contradicts this conclusion.","step":2,"t":"2026-09-17T23:50:14.890Z"}
{"level":"info","event":"action","runId":"e2f80dd1-92f0-4ce5-972c-1be409293c8c","type":"challenge","rationale":"Disconfirm material conclusion: A primary source that directly contradicts this conclusion.","step":3,"t":"2026-09-17T23:50:14.904Z"}
{"level":"info","event":"action","runId":"e2f80dd1-92f0-4ce5-972c-1be409293c8c","type":"challenge","rationale":"Disconfirm material conclusion: A primary source that directly contradicts this conclusion.","step":4,"t":"2026-09-17T23:50:14.917Z"}
{"level":"info","event":"action","runId":"e2f80dd1-92f0-4ce5-972c-1be409293c8c","type":"challenge","rationale":"Disconfirm material conclusion: A primary source that directly contradicts this conclusion.","step":5,"t":"2026-09-17T23:50:14.928Z"}
{"level":"info","event":"action","runId":"e2f80dd1-92f0-4ce5-972c-1be409293c8c","type":"challenge","rationale":"Disconfirm material conclusion: A primary source that directly contradicts this conclusion.","step":6,"t":"2026-09-17T23:50:14.941Z"}
{"level":"info","event":"action","runId":"e2f80dd1-92f0-4ce5-972c-1be409293c8c","type":"challenge","rationale":"Disconfirm material conclusion: A primary source that directly contradicts this conclusion.","step":7,"t":"2026-09-17T23:50:14.953Z"}
{"level":"info","event":"action","runId":"e2f80dd1-92f0-4ce5-972c-1be409293c8c","type":"challenge","rationale":"Disconfirm material conclusion: A primary source that directly contradicts this conclusion.","step":8,"t":"2026-09-17T23:50:14.966Z"}
{"level":"info","event":"action","runId":"e2f80dd1-92f0-4ce5-972c-1be409293c8c","type":"challenge","rationale":"No counterexample found in accessed primary sources. This is not proof that the conclusion is true.","step":9,"t":"2026-09-17T23:50:14.979Z"}
{"level":"info","event":"action","runId":"e2f80dd1-92f0-4ce5-972c-1be409293c8c","type":"stop","rationale":"Repeated searches returned no novel source family or coverage progress","step":10,"t":"2026-09-17T23:50:14.988Z"}
 ✓ test/p3-remaining.integration.test.ts (51 tests) 43675ms
   ✓ remaining launch-scope IDs > M04 fixture comparison publishes a wide table, code listing, unicode-safe text, and many citations  1825ms
   ✓ remaining launch-scope IDs > R06 preserves event date vs publication date  1359ms
   ✓ remaining launch-scope IDs > R10 declines an unrelated celebrity branch from page content  1485ms
   ✓ remaining launch-scope IDs > R12 explains different percentage denominators instead of averaging  1130ms
   ✓ remaining launch-scope IDs > R15 states unknown without a fake probability  1296ms
   ✓ remaining launch-scope IDs > R16 comparison names the requested entities and constraints  1357ms
   ✓ remaining launch-scope IDs > E05 new source version does not rewrite the original report citation  1402ms
   ✓ remaining launch-scope IDs > V2-13 private canary is stored as evidence, omitted from public queries, and denied to another account  1288ms
   ✓ remaining launch-scope IDs > JOB-1 eligibility-aware comparison under platform and export constraints  1243ms
   ✓ remaining launch-scope IDs > JOB-1 adding Linux as a hard requirement excludes NoteKeep and keeps NoteAll  2115ms
   ✓ remaining launch-scope IDs > JOB-1 removing Linux as a requirement makes NoteKeep eligible again  1488ms
   ✓ remaining launch-scope IDs > JOB-2 attached document text is stored as supplied evidence and not used as a public query  833ms
   ✓ remaining launch-scope IDs > E06 actual PDF with no readable evidence is disclosed as unread pages  1202ms
   ✓ remaining launch-scope IDs > E08 quoted report text is taken from the stored passage  1229ms
   ✓ remaining launch-scope IDs > E09 export citation anchors resolve to owned passages  1133ms
   ✓ remaining launch-scope IDs > J02 a second processRun after completion does not duplicate the report or settlement  1392ms
   ✓ remaining launch-scope IDs > J04 timeout after issue is outcome-unknown, not assumed free  592ms
   ✓ remaining launch-scope IDs > J06 cancel after completion keeps the published report  916ms
   ✓ remaining launch-scope IDs > J08 event cursor returns only later sequences  734ms
   ✓ remaining launch-scope IDs > J13 live spend kill switch blocks new paid routes but keeps saved reports  676ms
   ✓ remaining launch-scope IDs > S07 cross-account reports are denied  684ms
   ✓ remaining launch-scope IDs > V2-10 a later unavailable fetch does not retract last-access evidence  678ms
   ✓ remaining launch-scope IDs > V2-11 concise view uses the same answer citations as the body  693ms
   ✓ remaining launch-scope IDs > V2-19 scanned tables stay unread rather than guessed  622ms
   ✓ remaining launch-scope IDs > R17 concise request still keeps limitations  688ms
   ✓ remaining launch-scope IDs > R18 compacted checkpoint still lists stored passage ids  681ms
   ✓ remaining launch-scope IDs > R19 follow-up verifies one claim and keeps the parent report  1153ms
   ✓ remaining launch-scope IDs > R20 dates a retrieved price and keeps a founding year as history  682ms
   ✓ remaining launch-scope IDs > R21 labels a German original as a translation  628ms
   ✓ remaining launch-scope IDs > E03 preserves the adults-over-65 qualifier  594ms
   ✓ remaining launch-scope IDs > E04 report uses the table's 24% rather than 42%  609ms
   ✓ remaining launch-scope IDs > E10 withdraws the conclusion when the asserted 42% is unsupported by the 24% table  656ms
   ✓ remaining launch-scope IDs > J07 expired lease is reclaimed; a live lease is not stolen  686ms
   ✓ remaining launch-scope IDs > J10 a tight budget still publishes a written report  645ms
   ✓ remaining launch-scope IDs > J11 reports that app counters are not provider-internal guarantees  706ms
   ✓ remaining launch-scope IDs > J12 confirmed usage does not rewrite the historical estimate  310ms
   ✓ remaining launch-scope IDs > J14 duplicate completion epochs share one outbox row and omit query text  666ms
   ✓ remaining launch-scope IDs > S08 unsigned purchase payloads cannot grant entitlement  302ms
   ✓ remaining launch-scope IDs > V2-09 deleted attachment text is not left in reports  676ms
   ✓ remaining launch-scope IDs > V2-09 late worker cannot republish deleted private text even if it claims deleted=false  478ms
   ✓ remaining launch-scope IDs > expired session cannot read library or reports  705ms
   ✓ remaining launch-scope IDs > library lists report_id for a completed run so share can resolve  740ms
   ✓ remaining launch-scope IDs > M09 web deletion page is reachable without the app and deletes with a session token  360ms
   ✓ remaining launch-scope IDs > R02 continue without geography is rejected and does not invent Germany  346ms
   ✓ remaining launch-scope IDs > clarification continue records geography and resumes  739ms
   ✓ remaining launch-scope IDs > R02 continue with France records France and does not invent Germany  734ms
   ✓ remaining launch-scope IDs > R02 after France continue discovery uses France evidence not the Germany default note  692ms

 Test Files  1 passed (1)
      Tests  51 passed (51)
   Start at  17:49:28
   Duration  46.34s (transform 1.56s, setup 0ms, collect 2.43s, tests 43.68s, environment 0ms, prepare 74ms)

