
 RUN  v3.2.7 /home/oranolio/Desktop/Deep/apps/backend

 ❯ test/lease-clock.integration.test.ts (6 tests | 6 failed) 7110ms
   × W02 rejects expired semantic mutation after account lock wait 1213ms
     → expected { value: undefined } to deeply equal { error: 'stale_worker' }
   × W02 rejects expired terminal mutation after account lock wait 1144ms
     → expected { value: undefined } to deeply equal { error: 'stale_worker' }
   × W02 rejects provider issuance when lease expires waiting for account lock 1161ms
     → expected { error: 'provider_key_cap_exhausted' } to deeply equal { Object (error) }
   × W02 rejects provider issuance when lease expires waiting for legacy lock 1156ms
     → expected { error: 'provider_key_cap_exhausted' } to deeply equal { Object (error) }
   × W02 rejects provider issuance when lease expires waiting for key lock 1153ms
     → expected { error: 'provider_key_cap_exhausted' } to deeply equal { Object (error) }
   × W02 rejects provider issuance when lease expires waiting for project lock 1175ms
     → operation must really be waiting on our database lock: expected false to be true // Object.is equality

⎯⎯⎯⎯⎯⎯⎯ Failed Tests 6 ⎯⎯⎯⎯⎯⎯⎯

 FAIL  test/lease-clock.integration.test.ts > W02 rejects expired semantic mutation after account lock wait
 FAIL  test/lease-clock.integration.test.ts > W02 rejects expired terminal mutation after account lock wait
AssertionError: expected { value: undefined } to deeply equal { error: 'stale_worker' }

- Expected
+ Received

  {
-   "error": "stale_worker",
+   "value": undefined,
  }

 ❯ test/lease-clock.integration.test.ts:56:18
     54|    else await db.query("UPDATE runs SET phase='writing' WHERE id=$1",[…
     55|   }));
     56|   expect(result).toEqual({error:"stale_worker"});
       |                  ^
     57|   expect((await pool.query("SELECT lifecycle,phase FROM runs WHERE id=…
     58|  }finally{x.session.stop();await deleteAccount(pool,x.accountId);}

⎯⎯⎯⎯⎯⎯⎯⎯⎯⎯⎯⎯⎯⎯⎯⎯⎯⎯⎯⎯⎯⎯⎯⎯[1/6]⎯

 FAIL  test/lease-clock.integration.test.ts > W02 rejects provider issuance when lease expires waiting for account lock
 FAIL  test/lease-clock.integration.test.ts > W02 rejects provider issuance when lease expires waiting for legacy lock
 FAIL  test/lease-clock.integration.test.ts > W02 rejects provider issuance when lease expires waiting for key lock
AssertionError: expected { error: 'provider_key_cap_exhausted' } to deeply equal { Object (error) }

- Expected
+ Received

  {
-   "error": "stale_or_unauthorized_attempt",
+   "error": "provider_key_cap_exhausted",
  }

 ❯ test/lease-clock.integration.test.ts:65:18


⎯⎯⎯⎯⎯⎯⎯⎯⎯⎯⎯⎯⎯⎯⎯⎯⎯⎯⎯⎯⎯⎯⎯⎯[2/6]⎯

 FAIL  test/lease-clock.integration.test.ts > W02 rejects provider issuance when lease expires waiting for project lock
AssertionError: operation must really be waiting on our database lock: expected false to be true // Object.is equality

- Expected
+ Received

- true
+ false

 ❯ delayed test/lease-clock.integration.test.ts:43:75
     41|    await new Promise(resolve=>setTimeout(resolve,10));
     42|   }
     43|   expect(waiting,"operation must really be waiting on our database loc…
       |                                                                           ^
     44|   await blocker.query("SELECT pg_sleep(1.1)");
     45|   expect((await pool.query("SELECT expires_at<clock_timestamp() AS exp…
 ❯ test/lease-clock.integration.test.ts:64:16

⎯⎯⎯⎯⎯⎯⎯⎯⎯⎯⎯⎯⎯⎯⎯⎯⎯⎯⎯⎯⎯⎯⎯⎯[3/6]⎯


 Test Files  1 failed (1)
      Tests  6 failed (6)
   Start at  20:39:15
   Duration  7.93s (transform 405ms, setup 0ms, collect 603ms, tests 7.11s, environment 0ms, prepare 81ms)

undefined
/home/oranolio/Desktop/Deep/apps/backend:
 ERR_PNPM_RECURSIVE_EXEC_FIRST_FAIL  Command failed with exit code 1: vitest run --config vitest.integration.config.ts test/lease-clock.integration.test.ts
