
> @deep/research-core@0.1.0 test /home/oranolio/Desktop/Deep/packages/research-core
> vitest run --config vitest.config.ts


 RUN  v3.2.7 /home/oranolio/Desktop/Deep/packages/research-core

 ✓ test/p1-p2.test.ts (25 tests) 209ms
 ✓ test/adaptive-loop.test.ts (13 tests) 181ms
 ✓ test/scope-comparison.test.ts (11 tests) 1072ms
   ✓ compact projection preserves every pair, field relation and original assertion binding  1010ms
 ✓ test/evidence-calculation.test.ts (14 tests) 155ms
 ✓ test/scoped-support.test.ts (12 tests) 136ms
 ✓ test/admission.test.ts (21 tests) 147ms
 ✓ test/policy.test.ts (8 tests) 49ms
 ✓ test/v6-publication.test.ts (22 tests) 91ms
 ✓ test/model-bindings.test.ts (8 tests) 43ms
 ✓ test/question-patch.test.ts (7 tests) 62ms
 ✓ test/research-coverage.test.ts (8 tests) 67ms
 ✓ test/calculation-report.test.ts (1 test) 45ms
 ✓ test/generic-candidates.test.ts (3 tests) 31ms
 ✓ test/counterevidence.test.ts (2 tests) 16ms

 Test Files  14 passed (14)
      Tests  155 passed (155)
   Start at  22:01:43
   Duration  7.13s (transform 2.24s, setup 0ms, collect 6.59s, tests 2.30s, environment 5ms, prepare 4.45s)

