
> @deep/mobile@0.1.0 test /home/oranolio/Desktop/Deep/apps/mobile
> vitest run --config vitest.config.ts test/auth-recovery.test.ts


 RUN  v4.1.11 /home/oranolio/Desktop/Deep/apps/mobile

 ❯ test/auth-recovery.test.ts (6 tests | 1 failed) 438ms
   × W03/W07 successful invalidated-run refresh clears stale offline state without clearing privacy notice 55ms

⎯⎯⎯⎯⎯⎯⎯ Failed Tests 1 ⎯⎯⎯⎯⎯⎯⎯

 FAIL  test/auth-recovery.test.ts > W03/W07 successful invalidated-run refresh clears stale offline state without clearing privacy notice
AssertionError: expected true to be false // Object.is equality

- Expected
+ Received

- false
+ true

 ❯ test/auth-recovery.test.ts:71:25
     69|   await run("owned-session", runId);
     70|   expect(redactRunContent).toHaveBeenCalledOnce();
     71|   expect(state.offline).toBe(false);
       |                         ^
     72|   expect(state.report).toBeNull();
     73|   expect(state.pendingContentInvalidation).toBeNull();

⎯⎯⎯⎯⎯⎯⎯⎯⎯⎯⎯⎯⎯⎯⎯⎯⎯⎯⎯⎯⎯⎯⎯⎯[1/1]⎯


 Test Files  1 failed (1)
      Tests  1 failed | 5 passed (6)
   Start at  07:20:51
   Duration  1.36s (transform 175ms, setup 0ms, import 756ms, tests 438ms, environment 0ms)

/home/oranolio/Desktop/Deep/apps/mobile:
 ERR_PNPM_RECURSIVE_RUN_FIRST_FAIL  @deep/mobile@0.1.0 test: `vitest run --config vitest.config.ts test/auth-recovery.test.ts`
Exit status 1
