
> @deep/mobile@0.1.0 test /home/oranolio/Desktop/Deep/apps/mobile
> vitest run --config vitest.config.ts test/auth-recovery.test.ts


 RUN  v4.1.11 /home/oranolio/Desktop/Deep/apps/mobile

 ❯ test/auth-recovery.test.ts (0 test)

⎯⎯⎯⎯⎯⎯ Failed Suites 1 ⎯⎯⎯⎯⎯⎯⎯

 FAIL  test/auth-recovery.test.ts [ test/auth-recovery.test.ts ]
Error: Cannot find module '../src/lifecycle' imported from /home/oranolio/Desktop/Deep/apps/mobile/test/auth-recovery.test.ts
 ❯ test/auth-recovery.test.ts:5:1
      3| import { expect, it, vi } from "vitest";
      4| import { emptyState, type UiState } from "../src/state";
      5| import { expireLocalSession } from "../src/lifecycle";
       | ^
      6| // Execute the actual App closure against controlled boundaries; do no…
      7| function appFunction(name: string, bindings: Record<string, unknown>):…

⎯⎯⎯⎯⎯⎯⎯⎯⎯⎯⎯⎯⎯⎯⎯⎯⎯⎯⎯⎯⎯⎯⎯⎯[1/1]⎯


 Test Files  1 failed (1)
      Tests  no tests
   Start at  07:14:17
   Duration  917ms (transform 165ms, setup 0ms, import 0ms, tests 0ms, environment 0ms)

/home/oranolio/Desktop/Deep/apps/mobile:
 ERR_PNPM_RECURSIVE_RUN_FIRST_FAIL  @deep/mobile@0.1.0 test: `vitest run --config vitest.config.ts test/auth-recovery.test.ts`
Exit status 1
