
 RUN  v3.2.7 /home/oranolio/Desktop/Deep/apps/backend

{"level":"info","event":"action","runId":"a01088dc-526c-49db-b88e-97daaf216336","type":"search","rationale":"Investigate an uncovered required question","step":0,"t":"2026-09-18T03:29:14.929Z"}
{"level":"info","event":"action","runId":"a01088dc-526c-49db-b88e-97daaf216336","type":"fetch","rationale":"Inspect an already-known source before another generic query","step":1,"t":"2026-09-18T03:29:14.963Z"}
{"level":"info","event":"action","runId":"a01088dc-526c-49db-b88e-97daaf216336","type":"fetch","rationale":"Inspect an already-known source before another generic query","step":2,"t":"2026-09-18T03:29:14.981Z"}
{"level":"info","event":"action","runId":"a01088dc-526c-49db-b88e-97daaf216336","type":"fetch","rationale":"Inspect an already-known source before another generic query","step":3,"t":"2026-09-18T03:29:14.999Z"}
{"level":"info","event":"action","runId":"a01088dc-526c-49db-b88e-97daaf216336","type":"fetch","rationale":"Inspect an already-known source before another generic query","step":4,"t":"2026-09-18T03:29:15.018Z"}
{"level":"info","event":"action","runId":"a01088dc-526c-49db-b88e-97daaf216336","type":"fetch","rationale":"Inspect an already-known source before another generic query","step":5,"t":"2026-09-18T03:29:15.034Z"}
{"level":"info","event":"action","runId":"a01088dc-526c-49db-b88e-97daaf216336","type":"challenge","rationale":"Disconfirm material conclusion: A primary source that directly contradicts this conclusion.","step":6,"t":"2026-09-18T03:29:15.053Z"}
{"level":"info","event":"action","runId":"a01088dc-526c-49db-b88e-97daaf216336","type":"challenge","rationale":"No counterexample found in accessed primary sources. This is not proof that the conclusion is true.","step":7,"t":"2026-09-18T03:29:15.072Z"}
{"level":"info","event":"action","runId":"a01088dc-526c-49db-b88e-97daaf216336","type":"synthesize","rationale":"decision_critical_gaps_resolved_or_unresolvable; high-impact claims supported or qualified; contradictions handled; remaining actions low expected value","step":8,"t":"2026-09-18T03:29:15.088Z"}
 ❯ test/p3-remaining.integration.test.ts (51 tests | 1 failed | 50 skipped) 1054ms
   ↓ remaining launch-scope IDs > M04 fixture comparison publishes a wide table, code listing, unicode-safe text, and many citations
   ↓ remaining launch-scope IDs > R06 preserves event date vs publication date
   ↓ remaining launch-scope IDs > R10 declines an unrelated celebrity branch from page content
   ↓ remaining launch-scope IDs > R12 explains different percentage denominators instead of averaging
   ↓ remaining launch-scope IDs > R15 states unknown without a fake probability
   ↓ remaining launch-scope IDs > R16 comparison names the requested entities and constraints
   ↓ remaining launch-scope IDs > E05 new source version does not rewrite the original report citation
   ↓ remaining launch-scope IDs > V2-13 private canary is stored as evidence, omitted from public queries, and denied to another account
   ↓ remaining launch-scope IDs > JOB-1 eligibility-aware comparison under platform and export constraints
   ↓ remaining launch-scope IDs > JOB-1 adding Linux as a hard requirement excludes NoteKeep and keeps NoteAll
   ↓ remaining launch-scope IDs > JOB-1 removing Linux as a requirement makes NoteKeep eligible again
   ↓ remaining launch-scope IDs > JOB-2 attached document text is stored as supplied evidence and not used as a public query
   ↓ remaining launch-scope IDs > E06 actual PDF with no readable evidence is disclosed as unread pages
   ↓ remaining launch-scope IDs > E08 quoted report text is taken from the stored passage
   ↓ remaining launch-scope IDs > E09 export citation anchors resolve to owned passages
   ↓ remaining launch-scope IDs > J02 a second processRun after completion does not duplicate the report or settlement
   ↓ remaining launch-scope IDs > J04 timeout after issue is outcome-unknown, not assumed free
   ↓ remaining launch-scope IDs > J06 cancel after completion keeps the published report
   ↓ remaining launch-scope IDs > J08 event cursor returns only later sequences
   ↓ remaining launch-scope IDs > J13 live spend kill switch blocks new paid routes but keeps saved reports
   ↓ remaining launch-scope IDs > S03 oversized attachments are rejected
   ↓ remaining launch-scope IDs > S07 cross-account reports are denied
   ↓ remaining launch-scope IDs > S10 redacts tokens and question fields from logs
   ↓ remaining launch-scope IDs > S06 / V2-20 does not silently fall back to an unauthorized live processor
   ↓ remaining launch-scope IDs > V2-10 a later unavailable fetch does not retract last-access evidence
   ↓ remaining launch-scope IDs > V2-11 concise view uses the same answer citations as the body
   ↓ remaining launch-scope IDs > V2-19 scanned tables stay unread rather than guessed
   ↓ remaining launch-scope IDs > R17 concise request still keeps limitations
   ↓ remaining launch-scope IDs > R18 compacted checkpoint still lists stored passage ids
   × remaining launch-scope IDs > R19 follow-up verifies one claim and keeps the parent report 845ms
     → expected true to be false // Object.is equality
   ↓ remaining launch-scope IDs > R20 dates a retrieved price and keeps a founding year as history
   ↓ remaining launch-scope IDs > R21 labels a German original as a translation
   ↓ remaining launch-scope IDs > E03 preserves the adults-over-65 qualifier
   ↓ remaining launch-scope IDs > E04 report uses the table's 24% rather than 42%
   ↓ remaining launch-scope IDs > E10 withdraws the conclusion when the asserted 42% is unsupported by the 24% table
   ↓ remaining launch-scope IDs > J07 expired lease is reclaimed; a live lease is not stolen
   ↓ remaining launch-scope IDs > J10 a tight budget still publishes a written report
   ↓ remaining launch-scope IDs > J11 reports that app counters are not provider-internal guarantees
   ↓ remaining launch-scope IDs > J12 confirmed usage does not rewrite the historical estimate
   ↓ remaining launch-scope IDs > J14 duplicate completion epochs share one outbox row and omit query text
   ↓ remaining launch-scope IDs > S08 unsigned purchase payloads cannot grant entitlement
   ↓ remaining launch-scope IDs > V2-09 deleted attachment text is not left in reports
   ↓ remaining launch-scope IDs > V2-09 late worker cannot republish deleted private text even if it claims deleted=false
   ↓ remaining launch-scope IDs > expired session cannot read library or reports
   ↓ remaining launch-scope IDs > library lists report_id for a completed run so share can resolve
   ↓ remaining launch-scope IDs > V2-14 outcome-unknown live spend is not treated as zero against the cap
   ↓ remaining launch-scope IDs > M09 web deletion page is reachable without the app and deletes with a session token
   ↓ remaining launch-scope IDs > R02 continue without geography is rejected and does not invent Germany
   ↓ remaining launch-scope IDs > clarification continue records geography and resumes
   ↓ remaining launch-scope IDs > R02 continue with France records France and does not invent Germany
   ↓ remaining launch-scope IDs > R02 after France continue discovery uses France evidence not the Germany default note

⎯⎯⎯⎯⎯⎯⎯ Failed Tests 1 ⎯⎯⎯⎯⎯⎯⎯

 FAIL  test/p3-remaining.integration.test.ts > remaining launch-scope IDs > R19 follow-up verifies one claim and keeps the parent report
AssertionError: expected true to be false // Object.is equality

- Expected
+ Received

- false
+ true

 ❯ test/p3-remaining.integration.test.ts:628:45
    626|     });
    627|     expect(follow.statusCode).toBe(200);
    628|     expect(follow.json().reopenedDiscovery).toBe(false);
       |                                             ^
    629|     await processRun(pool, config, follow.json().runId);
    630|     expect(await getLatestReportForRun(pool, created.json().runId, acc…

⎯⎯⎯⎯⎯⎯⎯⎯⎯⎯⎯⎯⎯⎯⎯⎯⎯⎯⎯⎯⎯⎯⎯⎯[1/1]⎯


 Test Files  1 failed (1)
      Tests  1 failed | 50 skipped (51)
   Start at  21:29:13
   Duration  2.38s (transform 736ms, setup 0ms, collect 1.12s, tests 1.05s, environment 0ms, prepare 68ms)

undefined
/home/oranolio/Desktop/Deep/apps/backend:
 ERR_PNPM_RECURSIVE_EXEC_FIRST_FAIL  Command failed with exit code 1: vitest run --config vitest.integration.config.ts test/p3-remaining.integration.test.ts -t R19
