
 RUN  v3.2.7 /home/oranolio/Desktop/Deep/apps/backend

{"level":"info","event":"action","runId":"695c09b0-90d7-4d89-bee4-e9b4f5ca4866","type":"search","rationale":"Investigate an uncovered required question","step":0,"t":"2026-09-18T03:31:49.098Z"}
{"level":"info","event":"action","runId":"695c09b0-90d7-4d89-bee4-e9b4f5ca4866","type":"fetch","rationale":"Inspect an already-known source before another generic query","step":1,"t":"2026-09-18T03:31:49.135Z"}
{"level":"info","event":"action","runId":"695c09b0-90d7-4d89-bee4-e9b4f5ca4866","type":"fetch","rationale":"Inspect an already-known source before another generic query","step":2,"t":"2026-09-18T03:31:49.155Z"}
{"level":"info","event":"action","runId":"695c09b0-90d7-4d89-bee4-e9b4f5ca4866","type":"fetch","rationale":"Inspect an already-known source before another generic query","step":3,"t":"2026-09-18T03:31:49.173Z"}
{"level":"info","event":"action","runId":"695c09b0-90d7-4d89-bee4-e9b4f5ca4866","type":"challenge","rationale":"Disconfirm material conclusion: A primary source that directly contradicts this conclusion.","step":4,"t":"2026-09-18T03:31:49.198Z"}
{"level":"info","event":"action","runId":"695c09b0-90d7-4d89-bee4-e9b4f5ca4866","type":"challenge","rationale":"No counterexample found in accessed primary sources. This is not proof that the conclusion is true.","step":5,"t":"2026-09-18T03:31:49.217Z"}
{"level":"info","event":"action","runId":"695c09b0-90d7-4d89-bee4-e9b4f5ca4866","type":"synthesize","rationale":"decision_critical_gaps_resolved_or_unresolvable; high-impact claims supported or qualified; contradictions handled; remaining actions low expected value","step":6,"t":"2026-09-18T03:31:49.232Z"}
{"level":"info","event":"action","runId":"c46ce264-dbdc-41c3-8c7c-d69f695647f1","type":"search","rationale":"Investigate an uncovered required question","step":0,"t":"2026-09-18T03:31:49.832Z"}
{"level":"info","event":"action","runId":"c46ce264-dbdc-41c3-8c7c-d69f695647f1","type":"fetch","rationale":"Inspect an already-known source before another generic query","step":1,"t":"2026-09-18T03:31:49.852Z"}
{"level":"info","event":"action","runId":"c46ce264-dbdc-41c3-8c7c-d69f695647f1","type":"fetch","rationale":"Inspect an already-known source before another generic query","step":2,"t":"2026-09-18T03:31:49.868Z"}
{"level":"info","event":"action","runId":"c46ce264-dbdc-41c3-8c7c-d69f695647f1","type":"challenge","rationale":"Disconfirm material conclusion: A primary source that directly contradicts this conclusion.","step":3,"t":"2026-09-18T03:31:49.884Z"}
{"level":"info","event":"action","runId":"c46ce264-dbdc-41c3-8c7c-d69f695647f1","type":"challenge","rationale":"No counterexample found in accessed primary sources. This is not proof that the conclusion is true.","step":4,"t":"2026-09-18T03:31:49.900Z"}
{"level":"info","event":"action","runId":"c46ce264-dbdc-41c3-8c7c-d69f695647f1","type":"synthesize","rationale":"decision_critical_gaps_resolved_or_unresolvable; high-impact claims supported or qualified; contradictions handled; remaining actions low expected value","step":5,"t":"2026-09-18T03:31:49.912Z"}
{"level":"info","event":"action","runId":"78c45e29-1357-468a-85eb-dca366c06317","type":"search","rationale":"Investigate an uncovered required question","step":0,"t":"2026-09-18T03:31:50.465Z"}
{"level":"info","event":"action","runId":"78c45e29-1357-468a-85eb-dca366c06317","type":"fetch","rationale":"Inspect an already-known source before another generic query","step":1,"t":"2026-09-18T03:31:50.490Z"}
{"level":"info","event":"action","runId":"78c45e29-1357-468a-85eb-dca366c06317","type":"fetch","rationale":"Inspect an already-known source before another generic query","step":2,"t":"2026-09-18T03:31:50.504Z"}
{"level":"info","event":"action","runId":"78c45e29-1357-468a-85eb-dca366c06317","type":"fetch","rationale":"Inspect an already-known source before another generic query","step":3,"t":"2026-09-18T03:31:50.519Z"}
{"level":"info","event":"action","runId":"78c45e29-1357-468a-85eb-dca366c06317","type":"challenge","rationale":"Disconfirm material conclusion: A primary source that directly contradicts this conclusion.","step":4,"t":"2026-09-18T03:31:50.538Z"}
{"level":"info","event":"action","runId":"78c45e29-1357-468a-85eb-dca366c06317","type":"challenge","rationale":"No counterexample found in accessed primary sources. This is not proof that the conclusion is true.","step":5,"t":"2026-09-18T03:31:50.554Z"}
{"level":"info","event":"action","runId":"78c45e29-1357-468a-85eb-dca366c06317","type":"synthesize","rationale":"decision_critical_gaps_resolved_or_unresolvable; high-impact claims supported or qualified; contradictions handled; remaining actions low expected value","step":6,"t":"2026-09-18T03:31:50.566Z"}
{"level":"info","event":"action","runId":"8659f6cd-0de4-4cfe-a62a-bc7c7c8e28f0","type":"search","rationale":"Investigate an uncovered required question","step":0,"t":"2026-09-18T03:31:51.131Z"}
{"level":"info","event":"action","runId":"8659f6cd-0de4-4cfe-a62a-bc7c7c8e28f0","type":"fetch","rationale":"Inspect an already-known source before another generic query","step":1,"t":"2026-09-18T03:31:51.149Z"}
{"level":"info","event":"action","runId":"8659f6cd-0de4-4cfe-a62a-bc7c7c8e28f0","type":"fetch","rationale":"Inspect an already-known source before another generic query","step":2,"t":"2026-09-18T03:31:51.165Z"}
{"level":"info","event":"action","runId":"8659f6cd-0de4-4cfe-a62a-bc7c7c8e28f0","type":"challenge","rationale":"Disconfirm material conclusion: A primary source that directly contradicts this conclusion.","step":3,"t":"2026-09-18T03:31:51.180Z"}
{"level":"info","event":"action","runId":"8659f6cd-0de4-4cfe-a62a-bc7c7c8e28f0","type":"challenge","rationale":"No counterexample found in accessed primary sources. This is not proof that the conclusion is true.","step":4,"t":"2026-09-18T03:31:51.195Z"}
{"level":"info","event":"action","runId":"8659f6cd-0de4-4cfe-a62a-bc7c7c8e28f0","type":"synthesize","rationale":"decision_critical_gaps_resolved_or_unresolvable; high-impact claims supported or qualified; contradictions handled; remaining actions low expected value","step":5,"t":"2026-09-18T03:31:51.207Z"}
{"level":"info","event":"action","runId":"aa6d8fe8-195a-410e-9609-6c50ac4fec19","type":"search","rationale":"Investigate an uncovered required question","step":0,"t":"2026-09-18T03:31:51.736Z"}
{"level":"info","event":"action","runId":"aa6d8fe8-195a-410e-9609-6c50ac4fec19","type":"fetch","rationale":"Inspect an already-known source before another generic query","step":1,"t":"2026-09-18T03:31:51.752Z"}
{"level":"info","event":"action","runId":"aa6d8fe8-195a-410e-9609-6c50ac4fec19","type":"challenge","rationale":"Disconfirm material conclusion: A primary source that directly contradicts this conclusion.","step":2,"t":"2026-09-18T03:31:51.766Z"}
{"level":"info","event":"action","runId":"aa6d8fe8-195a-410e-9609-6c50ac4fec19","type":"challenge","rationale":"No counterexample found in accessed primary sources. This is not proof that the conclusion is true.","step":3,"t":"2026-09-18T03:31:51.781Z"}
{"level":"info","event":"action","runId":"aa6d8fe8-195a-410e-9609-6c50ac4fec19","type":"synthesize","rationale":"decision_critical_gaps_resolved_or_unresolvable; high-impact claims supported or qualified; contradictions handled; remaining actions low expected value","step":4,"t":"2026-09-18T03:31:51.792Z"}
{"level":"info","event":"action","runId":"f3a1afe1-d169-4dbb-b023-652e39489027","type":"search","rationale":"Investigate an uncovered required question","step":0,"t":"2026-09-18T03:31:52.341Z"}
{"level":"info","event":"action","runId":"f3a1afe1-d169-4dbb-b023-652e39489027","type":"fetch","rationale":"Inspect an already-known source before another generic query","step":1,"t":"2026-09-18T03:31:52.366Z"}
{"level":"info","event":"action","runId":"f3a1afe1-d169-4dbb-b023-652e39489027","type":"fetch","rationale":"Inspect an already-known source before another generic query","step":2,"t":"2026-09-18T03:31:52.379Z"}
{"level":"info","event":"action","runId":"f3a1afe1-d169-4dbb-b023-652e39489027","type":"fetch","rationale":"Inspect an already-known source before another generic query","step":3,"t":"2026-09-18T03:31:52.396Z"}
{"level":"info","event":"action","runId":"f3a1afe1-d169-4dbb-b023-652e39489027","type":"challenge","rationale":"Disconfirm material conclusion: A primary source that directly contradicts this conclusion.","step":4,"t":"2026-09-18T03:31:52.417Z"}
{"level":"info","event":"action","runId":"f3a1afe1-d169-4dbb-b023-652e39489027","type":"challenge","rationale":"No counterexample found in accessed primary sources. This is not proof that the conclusion is true.","step":5,"t":"2026-09-18T03:31:52.434Z"}
{"level":"info","event":"action","runId":"f3a1afe1-d169-4dbb-b023-652e39489027","type":"synthesize","rationale":"decision_critical_gaps_resolved_or_unresolvable; high-impact claims supported or qualified; contradictions handled; remaining actions low expected value","step":6,"t":"2026-09-18T03:31:52.449Z"}
{"level":"info","event":"action","runId":"7cd006fe-db30-41ca-bb8e-d84122cec978","type":"search","rationale":"Investigate an uncovered required question","step":0,"t":"2026-09-18T03:31:53.003Z"}
{"level":"info","event":"action","runId":"7cd006fe-db30-41ca-bb8e-d84122cec978","type":"fetch","rationale":"Inspect an already-known source before another generic query","step":1,"t":"2026-09-18T03:31:53.025Z"}
{"level":"info","event":"action","runId":"7cd006fe-db30-41ca-bb8e-d84122cec978","type":"fetch","rationale":"Inspect an already-known source before another generic query","step":2,"t":"2026-09-18T03:31:53.039Z"}
{"level":"info","event":"action","runId":"7cd006fe-db30-41ca-bb8e-d84122cec978","type":"fetch","rationale":"Inspect an already-known source before another generic query","step":3,"t":"2026-09-18T03:31:53.052Z"}
{"level":"info","event":"action","runId":"7cd006fe-db30-41ca-bb8e-d84122cec978","type":"fetch","rationale":"Inspect an already-known source before another generic query","step":4,"t":"2026-09-18T03:31:53.065Z"}
{"level":"info","event":"action","runId":"7cd006fe-db30-41ca-bb8e-d84122cec978","type":"fetch","rationale":"Inspect an already-known source before another generic query","step":5,"t":"2026-09-18T03:31:53.079Z"}
{"level":"info","event":"action","runId":"7cd006fe-db30-41ca-bb8e-d84122cec978","type":"challenge","rationale":"Disconfirm material conclusion: A primary source that directly contradicts this conclusion.","step":6,"t":"2026-09-18T03:31:53.093Z"}
{"level":"info","event":"action","runId":"7cd006fe-db30-41ca-bb8e-d84122cec978","type":"challenge","rationale":"No counterexample found in accessed primary sources. This is not proof that the conclusion is true.","step":7,"t":"2026-09-18T03:31:53.108Z"}
{"level":"info","event":"action","runId":"7cd006fe-db30-41ca-bb8e-d84122cec978","type":"synthesize","rationale":"decision_critical_gaps_resolved_or_unresolvable; high-impact claims supported or qualified; contradictions handled; remaining actions low expected value","step":8,"t":"2026-09-18T03:31:53.118Z"}
{"level":"info","event":"action","runId":"f1013c63-0c37-4301-a443-91b6c3227862","type":"challenge","rationale":"Disconfirm material conclusion: A primary source that directly contradicts this conclusion.","step":0,"t":"2026-09-18T03:31:53.685Z"}
{"level":"info","event":"action","runId":"f1013c63-0c37-4301-a443-91b6c3227862","type":"fetch","rationale":"Inspect an already-known source before another generic query","step":1,"t":"2026-09-18T03:31:53.707Z"}
{"level":"info","event":"action","runId":"f1013c63-0c37-4301-a443-91b6c3227862","type":"fetch","rationale":"Inspect an already-known source before another generic query","step":2,"t":"2026-09-18T03:31:53.720Z"}
{"level":"info","event":"action","runId":"f1013c63-0c37-4301-a443-91b6c3227862","type":"fetch","rationale":"Inspect an already-known source before another generic query","step":3,"t":"2026-09-18T03:31:53.735Z"}
{"level":"info","event":"action","runId":"f1013c63-0c37-4301-a443-91b6c3227862","type":"challenge","rationale":"No counterexample found in accessed primary sources. This is not proof that the conclusion is true.","step":4,"t":"2026-09-18T03:31:53.753Z"}
{"level":"info","event":"action","runId":"f1013c63-0c37-4301-a443-91b6c3227862","type":"synthesize","rationale":"decision_critical_gaps_resolved_or_unresolvable; high-impact claims supported or qualified; contradictions handled; remaining actions low expected value","step":5,"t":"2026-09-18T03:31:53.764Z"}
{"level":"info","event":"action","runId":"64437d5e-bfd3-47bc-8ce8-d85136a26cc5","type":"search","rationale":"Investigate an uncovered required question","step":0,"t":"2026-09-18T03:31:54.327Z"}
{"level":"info","event":"action","runId":"64437d5e-bfd3-47bc-8ce8-d85136a26cc5","type":"fetch","rationale":"Inspect an already-known source before another generic query","step":1,"t":"2026-09-18T03:31:54.347Z"}
{"level":"info","event":"action","runId":"64437d5e-bfd3-47bc-8ce8-d85136a26cc5","type":"fetch","rationale":"Inspect an already-known source before another generic query","step":2,"t":"2026-09-18T03:31:54.362Z"}
{"level":"info","event":"action","runId":"64437d5e-bfd3-47bc-8ce8-d85136a26cc5","type":"fetch","rationale":"Inspect an already-known source before another generic query","step":3,"t":"2026-09-18T03:31:54.375Z"}
{"level":"info","event":"action","runId":"64437d5e-bfd3-47bc-8ce8-d85136a26cc5","type":"challenge","rationale":"Disconfirm material conclusion: A hard-constraint violation for a candidate currently marked eligible.","step":4,"t":"2026-09-18T03:31:54.388Z"}
{"level":"info","event":"action","runId":"64437d5e-bfd3-47bc-8ce8-d85136a26cc5","type":"challenge","rationale":"No counterexample found in accessed primary sources. This is not proof that the conclusion is true.","step":5,"t":"2026-09-18T03:31:54.402Z"}
{"level":"info","event":"action","runId":"64437d5e-bfd3-47bc-8ce8-d85136a26cc5","type":"synthesize","rationale":"decision_critical_gaps_resolved_or_unresolvable; high-impact claims supported or qualified; contradictions handled; remaining actions low expected value","step":6,"t":"2026-09-18T03:31:54.413Z"}
{"level":"info","event":"action","runId":"b6ee38d4-4cd3-468d-9f3e-c9f6ae1d9a31","type":"search","rationale":"Investigate an uncovered required question","step":0,"t":"2026-09-18T03:31:54.962Z"}
{"level":"info","event":"action","runId":"b6ee38d4-4cd3-468d-9f3e-c9f6ae1d9a31","type":"fetch","rationale":"Inspect an already-known source before another generic query","step":1,"t":"2026-09-18T03:31:54.980Z"}
{"level":"info","event":"action","runId":"b6ee38d4-4cd3-468d-9f3e-c9f6ae1d9a31","type":"fetch","rationale":"Inspect an already-known source before another generic query","step":2,"t":"2026-09-18T03:31:54.995Z"}
{"level":"info","event":"action","runId":"b6ee38d4-4cd3-468d-9f3e-c9f6ae1d9a31","type":"fetch","rationale":"Inspect an already-known source before another generic query","step":3,"t":"2026-09-18T03:31:55.010Z"}
{"level":"info","event":"action","runId":"b6ee38d4-4cd3-468d-9f3e-c9f6ae1d9a31","type":"challenge","rationale":"Disconfirm material conclusion: A hard-constraint violation for a candidate currently marked eligible.","step":4,"t":"2026-09-18T03:31:55.023Z"}
{"level":"info","event":"action","runId":"b6ee38d4-4cd3-468d-9f3e-c9f6ae1d9a31","type":"challenge","rationale":"No counterexample found in accessed primary sources. This is not proof that the conclusion is true.","step":5,"t":"2026-09-18T03:31:55.037Z"}
{"level":"info","event":"action","runId":"b6ee38d4-4cd3-468d-9f3e-c9f6ae1d9a31","type":"synthesize","rationale":"decision_critical_gaps_resolved_or_unresolvable; high-impact claims supported or qualified; contradictions handled; remaining actions low expected value","step":6,"t":"2026-09-18T03:31:55.048Z"}
{"level":"info","event":"action","runId":"62398b2f-4a6e-4461-8228-3f1a92578a82","type":"search","rationale":"Investigate an uncovered required question","step":0,"t":"2026-09-18T03:31:55.325Z"}
{"level":"info","event":"action","runId":"62398b2f-4a6e-4461-8228-3f1a92578a82","type":"fetch","rationale":"Inspect an already-known source before another generic query","step":1,"t":"2026-09-18T03:31:55.343Z"}
{"level":"info","event":"action","runId":"62398b2f-4a6e-4461-8228-3f1a92578a82","type":"fetch","rationale":"Inspect an already-known source before another generic query","step":2,"t":"2026-09-18T03:31:55.357Z"}
{"level":"info","event":"action","runId":"62398b2f-4a6e-4461-8228-3f1a92578a82","type":"fetch","rationale":"Inspect an already-known source before another generic query","step":3,"t":"2026-09-18T03:31:55.371Z"}
{"level":"info","event":"action","runId":"62398b2f-4a6e-4461-8228-3f1a92578a82","type":"challenge","rationale":"Disconfirm material conclusion: A hard-constraint violation for a candidate currently marked eligible.","step":4,"t":"2026-09-18T03:31:55.385Z"}
{"level":"info","event":"action","runId":"62398b2f-4a6e-4461-8228-3f1a92578a82","type":"challenge","rationale":"Disconfirm material conclusion: A hard-constraint violation for a candidate currently marked eligible.","step":5,"t":"2026-09-18T03:31:55.400Z"}
{"level":"info","event":"action","runId":"62398b2f-4a6e-4461-8228-3f1a92578a82","type":"challenge","rationale":"Disconfirm material conclusion: A hard-constraint violation for a candidate currently marked eligible.","step":6,"t":"2026-09-18T03:31:55.415Z"}
{"level":"info","event":"action","runId":"62398b2f-4a6e-4461-8228-3f1a92578a82","type":"challenge","rationale":"Disconfirm material conclusion: A hard-constraint violation for a candidate currently marked eligible.","step":7,"t":"2026-09-18T03:31:55.430Z"}
{"level":"info","event":"action","runId":"62398b2f-4a6e-4461-8228-3f1a92578a82","type":"challenge","rationale":"Disconfirm material conclusion: A hard-constraint violation for a candidate currently marked eligible.","step":8,"t":"2026-09-18T03:31:55.446Z"}
{"level":"info","event":"action","runId":"62398b2f-4a6e-4461-8228-3f1a92578a82","type":"challenge","rationale":"Disconfirm material conclusion: A hard-constraint violation for a candidate currently marked eligible.","step":9,"t":"2026-09-18T03:31:55.463Z"}
{"level":"info","event":"action","runId":"62398b2f-4a6e-4461-8228-3f1a92578a82","type":"challenge","rationale":"Disconfirm material conclusion: A hard-constraint violation for a candidate currently marked eligible.","step":10,"t":"2026-09-18T03:31:55.478Z"}
{"level":"info","event":"action","runId":"62398b2f-4a6e-4461-8228-3f1a92578a82","type":"challenge","rationale":"No counterexample found in accessed primary sources. This is not proof that the conclusion is true.","step":11,"t":"2026-09-18T03:31:55.495Z"}
{"level":"info","event":"action","runId":"62398b2f-4a6e-4461-8228-3f1a92578a82","type":"stop","rationale":"Repeated searches returned no novel source family or coverage progress","step":12,"t":"2026-09-18T03:31:55.507Z"}
{"level":"info","event":"action","runId":"2af89539-4ebd-4da8-8e36-e5fbe741ec5e","type":"search","rationale":"Investigate an uncovered required question","step":0,"t":"2026-09-18T03:31:56.050Z"}
{"level":"info","event":"action","runId":"2af89539-4ebd-4da8-8e36-e5fbe741ec5e","type":"fetch","rationale":"Inspect an already-known source before another generic query","step":1,"t":"2026-09-18T03:31:56.068Z"}
{"level":"info","event":"action","runId":"2af89539-4ebd-4da8-8e36-e5fbe741ec5e","type":"fetch","rationale":"Inspect an already-known source before another generic query","step":2,"t":"2026-09-18T03:31:56.083Z"}
{"level":"info","event":"action","runId":"2af89539-4ebd-4da8-8e36-e5fbe741ec5e","type":"fetch","rationale":"Inspect an already-known source before another generic query","step":3,"t":"2026-09-18T03:31:56.097Z"}
{"level":"info","event":"action","runId":"2af89539-4ebd-4da8-8e36-e5fbe741ec5e","type":"challenge","rationale":"Disconfirm material conclusion: A hard-constraint violation for a candidate currently marked eligible.","step":4,"t":"2026-09-18T03:31:56.110Z"}
{"level":"info","event":"action","runId":"2af89539-4ebd-4da8-8e36-e5fbe741ec5e","type":"challenge","rationale":"No counterexample found in accessed primary sources. This is not proof that the conclusion is true.","step":5,"t":"2026-09-18T03:31:56.124Z"}
{"level":"info","event":"action","runId":"2af89539-4ebd-4da8-8e36-e5fbe741ec5e","type":"synthesize","rationale":"decision_critical_gaps_resolved_or_unresolvable; high-impact claims supported or qualified; contradictions handled; remaining actions low expected value","step":6,"t":"2026-09-18T03:31:56.135Z"}
{"level":"info","event":"action","runId":"4a45b4d9-80c9-420e-9212-80c37c5724dd","type":"search","rationale":"Investigate an uncovered required question","step":0,"t":"2026-09-18T03:31:56.416Z"}
{"level":"info","event":"action","runId":"4a45b4d9-80c9-420e-9212-80c37c5724dd","type":"fetch","rationale":"Inspect an already-known source before another generic query","step":1,"t":"2026-09-18T03:31:56.431Z"}
{"level":"info","event":"action","runId":"4a45b4d9-80c9-420e-9212-80c37c5724dd","type":"fetch","rationale":"Inspect an already-known source before another generic query","step":2,"t":"2026-09-18T03:31:56.444Z"}
{"level":"info","event":"action","runId":"4a45b4d9-80c9-420e-9212-80c37c5724dd","type":"fetch","rationale":"Inspect an already-known source before another generic query","step":3,"t":"2026-09-18T03:31:56.457Z"}
{"level":"info","event":"action","runId":"4a45b4d9-80c9-420e-9212-80c37c5724dd","type":"challenge","rationale":"Disconfirm material conclusion: A hard-constraint violation for a candidate currently marked eligible.","step":4,"t":"2026-09-18T03:31:56.470Z"}
{"level":"info","event":"action","runId":"4a45b4d9-80c9-420e-9212-80c37c5724dd","type":"challenge","rationale":"Disconfirm material conclusion: A hard-constraint violation for a candidate currently marked eligible.","step":5,"t":"2026-09-18T03:31:56.483Z"}
{"level":"info","event":"action","runId":"4a45b4d9-80c9-420e-9212-80c37c5724dd","type":"challenge","rationale":"Disconfirm material conclusion: A hard-constraint violation for a candidate currently marked eligible.","step":6,"t":"2026-09-18T03:31:56.496Z"}
{"level":"info","event":"action","runId":"4a45b4d9-80c9-420e-9212-80c37c5724dd","type":"challenge","rationale":"Disconfirm material conclusion: A hard-constraint violation for a candidate currently marked eligible.","step":7,"t":"2026-09-18T03:31:56.509Z"}
{"level":"info","event":"action","runId":"4a45b4d9-80c9-420e-9212-80c37c5724dd","type":"challenge","rationale":"Disconfirm material conclusion: A hard-constraint violation for a candidate currently marked eligible.","step":8,"t":"2026-09-18T03:31:56.523Z"}
{"level":"info","event":"action","runId":"4a45b4d9-80c9-420e-9212-80c37c5724dd","type":"challenge","rationale":"Disconfirm material conclusion: A hard-constraint violation for a candidate currently marked eligible.","step":9,"t":"2026-09-18T03:31:56.535Z"}
{"level":"info","event":"action","runId":"4a45b4d9-80c9-420e-9212-80c37c5724dd","type":"challenge","rationale":"Disconfirm material conclusion: A hard-constraint violation for a candidate currently marked eligible.","step":10,"t":"2026-09-18T03:31:56.550Z"}
{"level":"info","event":"action","runId":"4a45b4d9-80c9-420e-9212-80c37c5724dd","type":"challenge","rationale":"No counterexample found in accessed primary sources. This is not proof that the conclusion is true.","step":11,"t":"2026-09-18T03:31:56.564Z"}
{"level":"info","event":"action","runId":"4a45b4d9-80c9-420e-9212-80c37c5724dd","type":"stop","rationale":"Repeated searches returned no novel source family or coverage progress","step":12,"t":"2026-09-18T03:31:56.575Z"}
{"level":"info","event":"action","runId":"9c01d3b1-0bf5-410d-94ee-edc8cb5864b6","type":"challenge","rationale":"Disconfirm material conclusion: A primary source that directly contradicts this conclusion.","step":0,"t":"2026-09-18T03:31:57.143Z"}
{"level":"info","event":"action","runId":"9c01d3b1-0bf5-410d-94ee-edc8cb5864b6","type":"fetch","rationale":"Inspect an already-known source before another generic query","step":1,"t":"2026-09-18T03:31:57.166Z"}
{"level":"info","event":"action","runId":"9c01d3b1-0bf5-410d-94ee-edc8cb5864b6","type":"fetch","rationale":"Inspect an already-known source before another generic query","step":2,"t":"2026-09-18T03:31:57.180Z"}
{"level":"info","event":"action","runId":"9c01d3b1-0bf5-410d-94ee-edc8cb5864b6","type":"fetch","rationale":"Inspect an already-known source before another generic query","step":3,"t":"2026-09-18T03:31:57.194Z"}
{"level":"info","event":"action","runId":"9c01d3b1-0bf5-410d-94ee-edc8cb5864b6","type":"challenge","rationale":"No counterexample found in accessed primary sources. This is not proof that the conclusion is true.","step":4,"t":"2026-09-18T03:31:57.210Z"}
{"level":"info","event":"action","runId":"9c01d3b1-0bf5-410d-94ee-edc8cb5864b6","type":"synthesize","rationale":"decision_critical_gaps_resolved_or_unresolvable; high-impact claims supported or qualified; contradictions handled; remaining actions low expected value","step":5,"t":"2026-09-18T03:31:57.222Z"}
{"level":"info","event":"action","runId":"c7a562bc-32cb-4297-a060-36962e119428","type":"search","rationale":"Investigate an uncovered required question","step":0,"t":"2026-09-18T03:31:57.800Z"}
{"level":"info","event":"action","runId":"c7a562bc-32cb-4297-a060-36962e119428","type":"fetch","rationale":"Inspect an already-known source before another generic query","step":1,"t":"2026-09-18T03:31:57.822Z"}
{"level":"info","event":"action","runId":"c7a562bc-32cb-4297-a060-36962e119428","type":"fetch","rationale":"Inspect an already-known source before another generic query","step":2,"t":"2026-09-18T03:31:57.836Z"}
{"level":"info","event":"action","runId":"c7a562bc-32cb-4297-a060-36962e119428","type":"fetch","rationale":"Inspect an already-known source before another generic query","step":3,"t":"2026-09-18T03:31:57.850Z"}
{"level":"info","event":"action","runId":"c7a562bc-32cb-4297-a060-36962e119428","type":"challenge","rationale":"Disconfirm material conclusion: A primary source that directly contradicts this conclusion.","step":4,"t":"2026-09-18T03:31:57.867Z"}
{"level":"info","event":"action","runId":"c7a562bc-32cb-4297-a060-36962e119428","type":"challenge","rationale":"No counterexample found in accessed primary sources. This is not proof that the conclusion is true.","step":5,"t":"2026-09-18T03:31:57.880Z"}
{"level":"info","event":"action","runId":"c7a562bc-32cb-4297-a060-36962e119428","type":"synthesize","rationale":"decision_critical_gaps_resolved_or_unresolvable; high-impact claims supported or qualified; contradictions handled; remaining actions low expected value","step":6,"t":"2026-09-18T03:31:57.891Z"}
{"level":"info","event":"action","runId":"20ca0877-2f9d-40ff-822d-9a1a7787851d","type":"search","rationale":"Investigate an uncovered required question","step":0,"t":"2026-09-18T03:31:58.455Z"}
{"level":"info","event":"action","runId":"20ca0877-2f9d-40ff-822d-9a1a7787851d","type":"fetch","rationale":"Inspect an already-known source before another generic query","step":1,"t":"2026-09-18T03:31:58.476Z"}
{"level":"info","event":"action","runId":"20ca0877-2f9d-40ff-822d-9a1a7787851d","type":"fetch","rationale":"Inspect an already-known source before another generic query","step":2,"t":"2026-09-18T03:31:58.490Z"}
{"level":"info","event":"action","runId":"20ca0877-2f9d-40ff-822d-9a1a7787851d","type":"fetch","rationale":"Inspect an already-known source before another generic query","step":3,"t":"2026-09-18T03:31:58.506Z"}
{"level":"info","event":"action","runId":"20ca0877-2f9d-40ff-822d-9a1a7787851d","type":"fetch","rationale":"Inspect an already-known source before another generic query","step":4,"t":"2026-09-18T03:31:58.519Z"}
{"level":"info","event":"action","runId":"20ca0877-2f9d-40ff-822d-9a1a7787851d","type":"fetch","rationale":"Inspect an already-known source before another generic query","step":5,"t":"2026-09-18T03:31:58.534Z"}
{"level":"info","event":"action","runId":"20ca0877-2f9d-40ff-822d-9a1a7787851d","type":"challenge","rationale":"Disconfirm material conclusion: A primary source that directly contradicts this conclusion.","step":6,"t":"2026-09-18T03:31:58.552Z"}
{"level":"info","event":"action","runId":"20ca0877-2f9d-40ff-822d-9a1a7787851d","type":"challenge","rationale":"No counterexample found in accessed primary sources. This is not proof that the conclusion is true.","step":7,"t":"2026-09-18T03:31:58.566Z"}
{"level":"info","event":"action","runId":"20ca0877-2f9d-40ff-822d-9a1a7787851d","type":"synthesize","rationale":"decision_critical_gaps_resolved_or_unresolvable; high-impact claims supported or qualified; contradictions handled; remaining actions low expected value","step":8,"t":"2026-09-18T03:31:58.576Z"}
{"level":"info","event":"action","runId":"e6301ed1-6fef-419b-9bdb-6084598304d4","type":"search","rationale":"Investigate an uncovered required question","step":0,"t":"2026-09-18T03:31:59.134Z"}
{"level":"info","event":"action","runId":"e6301ed1-6fef-419b-9bdb-6084598304d4","type":"fetch","rationale":"Inspect an already-known source before another generic query","step":1,"t":"2026-09-18T03:31:59.166Z"}
{"level":"info","event":"action","runId":"e6301ed1-6fef-419b-9bdb-6084598304d4","type":"fetch","rationale":"Inspect an already-known source before another generic query","step":2,"t":"2026-09-18T03:31:59.180Z"}
{"level":"info","event":"action","runId":"e6301ed1-6fef-419b-9bdb-6084598304d4","type":"fetch","rationale":"Inspect an already-known source before another generic query","step":3,"t":"2026-09-18T03:31:59.193Z"}
{"level":"info","event":"action","runId":"e6301ed1-6fef-419b-9bdb-6084598304d4","type":"challenge","rationale":"Disconfirm material conclusion: A primary source that directly contradicts this conclusion.","step":4,"t":"2026-09-18T03:31:59.215Z"}
{"level":"info","event":"action","runId":"e6301ed1-6fef-419b-9bdb-6084598304d4","type":"challenge","rationale":"No counterexample found in accessed primary sources. This is not proof that the conclusion is true.","step":5,"t":"2026-09-18T03:31:59.231Z"}
{"level":"info","event":"action","runId":"e6301ed1-6fef-419b-9bdb-6084598304d4","type":"synthesize","rationale":"decision_critical_gaps_resolved_or_unresolvable; high-impact claims supported or qualified; contradictions handled; remaining actions low expected value","step":6,"t":"2026-09-18T03:31:59.241Z"}
{"level":"info","event":"action","runId":"73a464dc-0dc9-4493-a091-d85b693a032f","type":"search","rationale":"Investigate an uncovered required question","step":0,"t":"2026-09-18T03:31:59.895Z"}
{"level":"info","event":"action","runId":"73a464dc-0dc9-4493-a091-d85b693a032f","type":"fetch","rationale":"Inspect an already-known source before another generic query","step":1,"t":"2026-09-18T03:31:59.915Z"}
{"level":"info","event":"action","runId":"73a464dc-0dc9-4493-a091-d85b693a032f","type":"fetch","rationale":"Inspect an already-known source before another generic query","step":2,"t":"2026-09-18T03:31:59.928Z"}
{"level":"info","event":"action","runId":"73a464dc-0dc9-4493-a091-d85b693a032f","type":"fetch","rationale":"Inspect an already-known source before another generic query","step":3,"t":"2026-09-18T03:31:59.941Z"}
{"level":"info","event":"action","runId":"73a464dc-0dc9-4493-a091-d85b693a032f","type":"fetch","rationale":"Inspect an already-known source before another generic query","step":4,"t":"2026-09-18T03:31:59.954Z"}
{"level":"info","event":"action","runId":"73a464dc-0dc9-4493-a091-d85b693a032f","type":"fetch","rationale":"Inspect an already-known source before another generic query","step":5,"t":"2026-09-18T03:31:59.968Z"}
{"level":"info","event":"action","runId":"73a464dc-0dc9-4493-a091-d85b693a032f","type":"challenge","rationale":"Disconfirm material conclusion: A primary source that directly contradicts this conclusion.","step":6,"t":"2026-09-18T03:31:59.982Z"}
{"level":"info","event":"action","runId":"73a464dc-0dc9-4493-a091-d85b693a032f","type":"challenge","rationale":"No counterexample found in accessed primary sources. This is not proof that the conclusion is true.","step":7,"t":"2026-09-18T03:31:59.995Z"}
{"level":"info","event":"action","runId":"73a464dc-0dc9-4493-a091-d85b693a032f","type":"synthesize","rationale":"decision_critical_gaps_resolved_or_unresolvable; high-impact claims supported or qualified; contradictions handled; remaining actions low expected value","step":8,"t":"2026-09-18T03:32:00.007Z"}
{"level":"info","event":"action","runId":"a19112c3-3556-4267-aabe-afefe117fcb1","type":"search","rationale":"Investigate an uncovered required question","step":0,"t":"2026-09-18T03:32:00.819Z"}
{"level":"info","event":"action","runId":"a19112c3-3556-4267-aabe-afefe117fcb1","type":"fetch","rationale":"Inspect an already-known source before another generic query","step":1,"t":"2026-09-18T03:32:00.840Z"}
{"level":"info","event":"action","runId":"a19112c3-3556-4267-aabe-afefe117fcb1","type":"fetch","rationale":"Inspect an already-known source before another generic query","step":2,"t":"2026-09-18T03:32:00.854Z"}
{"level":"info","event":"action","runId":"a19112c3-3556-4267-aabe-afefe117fcb1","type":"fetch","rationale":"Inspect an already-known source before another generic query","step":3,"t":"2026-09-18T03:32:00.866Z"}
{"level":"info","event":"action","runId":"a19112c3-3556-4267-aabe-afefe117fcb1","type":"fetch","rationale":"Inspect an already-known source before another generic query","step":4,"t":"2026-09-18T03:32:00.879Z"}
{"level":"info","event":"action","runId":"a19112c3-3556-4267-aabe-afefe117fcb1","type":"fetch","rationale":"Inspect an already-known source before another generic query","step":5,"t":"2026-09-18T03:32:00.892Z"}
{"level":"info","event":"action","runId":"a19112c3-3556-4267-aabe-afefe117fcb1","type":"challenge","rationale":"Disconfirm material conclusion: A primary source that directly contradicts this conclusion.","step":6,"t":"2026-09-18T03:32:00.904Z"}
{"level":"info","event":"action","runId":"a19112c3-3556-4267-aabe-afefe117fcb1","type":"challenge","rationale":"No counterexample found in accessed primary sources. This is not proof that the conclusion is true.","step":7,"t":"2026-09-18T03:32:00.916Z"}
{"level":"info","event":"action","runId":"a19112c3-3556-4267-aabe-afefe117fcb1","type":"synthesize","rationale":"decision_critical_gaps_resolved_or_unresolvable; high-impact claims supported or qualified; contradictions handled; remaining actions low expected value","step":8,"t":"2026-09-18T03:32:00.927Z"}
{"level":"info","event":"action","runId":"1952124a-26f7-4d61-be72-20f3733651e3","type":"search","rationale":"Investigate an uncovered required question","step":0,"t":"2026-09-18T03:32:01.468Z"}
{"level":"info","event":"action","runId":"1952124a-26f7-4d61-be72-20f3733651e3","type":"fetch","rationale":"Inspect an already-known source before another generic query","step":1,"t":"2026-09-18T03:32:01.490Z"}
{"level":"info","event":"action","runId":"1952124a-26f7-4d61-be72-20f3733651e3","type":"fetch","rationale":"Inspect an already-known source before another generic query","step":2,"t":"2026-09-18T03:32:01.503Z"}
{"level":"info","event":"action","runId":"1952124a-26f7-4d61-be72-20f3733651e3","type":"fetch","rationale":"Inspect an already-known source before another generic query","step":3,"t":"2026-09-18T03:32:01.515Z"}
{"level":"info","event":"action","runId":"1952124a-26f7-4d61-be72-20f3733651e3","type":"fetch","rationale":"Inspect an already-known source before another generic query","step":4,"t":"2026-09-18T03:32:01.527Z"}
{"level":"info","event":"action","runId":"1952124a-26f7-4d61-be72-20f3733651e3","type":"fetch","rationale":"Inspect an already-known source before another generic query","step":5,"t":"2026-09-18T03:32:01.540Z"}
{"level":"info","event":"action","runId":"1952124a-26f7-4d61-be72-20f3733651e3","type":"challenge","rationale":"Disconfirm material conclusion: A primary source that directly contradicts this conclusion.","step":6,"t":"2026-09-18T03:32:01.556Z"}
{"level":"info","event":"action","runId":"1952124a-26f7-4d61-be72-20f3733651e3","type":"challenge","rationale":"No counterexample found in accessed primary sources. This is not proof that the conclusion is true.","step":7,"t":"2026-09-18T03:32:01.570Z"}
{"level":"info","event":"action","runId":"1952124a-26f7-4d61-be72-20f3733651e3","type":"synthesize","rationale":"decision_critical_gaps_resolved_or_unresolvable; high-impact claims supported or qualified; contradictions handled; remaining actions low expected value","step":8,"t":"2026-09-18T03:32:01.582Z"}
{"level":"info","event":"action","runId":"e5030818-ac2a-4ae3-9a2f-4378d8ed3af6","type":"search","rationale":"Investigate an uncovered required question","step":0,"t":"2026-09-18T03:32:02.113Z"}
{"level":"info","event":"action","runId":"e5030818-ac2a-4ae3-9a2f-4378d8ed3af6","type":"fetch","rationale":"Inspect an already-known source before another generic query","step":1,"t":"2026-09-18T03:32:02.133Z"}
{"level":"info","event":"action","runId":"e5030818-ac2a-4ae3-9a2f-4378d8ed3af6","type":"fetch","rationale":"Inspect an already-known source before another generic query","step":2,"t":"2026-09-18T03:32:02.147Z"}
{"level":"info","event":"action","runId":"e5030818-ac2a-4ae3-9a2f-4378d8ed3af6","type":"fetch","rationale":"Inspect an already-known source before another generic query","step":3,"t":"2026-09-18T03:32:02.162Z"}
{"level":"info","event":"action","runId":"e5030818-ac2a-4ae3-9a2f-4378d8ed3af6","type":"fetch","rationale":"Inspect an already-known source before another generic query","step":4,"t":"2026-09-18T03:32:02.176Z"}
{"level":"info","event":"action","runId":"e5030818-ac2a-4ae3-9a2f-4378d8ed3af6","type":"fetch","rationale":"Inspect an already-known source before another generic query","step":5,"t":"2026-09-18T03:32:02.189Z"}
{"level":"info","event":"action","runId":"e5030818-ac2a-4ae3-9a2f-4378d8ed3af6","type":"challenge","rationale":"Disconfirm material conclusion: A primary source that directly contradicts this conclusion.","step":6,"t":"2026-09-18T03:32:02.201Z"}
{"level":"info","event":"action","runId":"e5030818-ac2a-4ae3-9a2f-4378d8ed3af6","type":"challenge","rationale":"No counterexample found in accessed primary sources. This is not proof that the conclusion is true.","step":7,"t":"2026-09-18T03:32:02.214Z"}
{"level":"info","event":"action","runId":"e5030818-ac2a-4ae3-9a2f-4378d8ed3af6","type":"synthesize","rationale":"decision_critical_gaps_resolved_or_unresolvable; high-impact claims supported or qualified; contradictions handled; remaining actions low expected value","step":8,"t":"2026-09-18T03:32:02.225Z"}
{"level":"info","event":"action","runId":"a4610e1a-310c-4769-8549-9a05c5a68685","type":"search","rationale":"Investigate an uncovered required question","step":0,"t":"2026-09-18T03:32:03.039Z"}
{"level":"info","event":"action","runId":"a4610e1a-310c-4769-8549-9a05c5a68685","type":"fetch","rationale":"Inspect an already-known source before another generic query","step":1,"t":"2026-09-18T03:32:03.059Z"}
{"level":"info","event":"action","runId":"a4610e1a-310c-4769-8549-9a05c5a68685","type":"fetch","rationale":"Inspect an already-known source before another generic query","step":2,"t":"2026-09-18T03:32:03.072Z"}
{"level":"info","event":"action","runId":"a4610e1a-310c-4769-8549-9a05c5a68685","type":"fetch","rationale":"Inspect an already-known source before another generic query","step":3,"t":"2026-09-18T03:32:03.084Z"}
{"level":"info","event":"action","runId":"a4610e1a-310c-4769-8549-9a05c5a68685","type":"fetch","rationale":"Inspect an already-known source before another generic query","step":4,"t":"2026-09-18T03:32:03.097Z"}
{"level":"info","event":"action","runId":"a4610e1a-310c-4769-8549-9a05c5a68685","type":"fetch","rationale":"Inspect an already-known source before another generic query","step":5,"t":"2026-09-18T03:32:03.109Z"}
{"level":"info","event":"action","runId":"a4610e1a-310c-4769-8549-9a05c5a68685","type":"challenge","rationale":"Disconfirm material conclusion: A primary source that directly contradicts this conclusion.","step":6,"t":"2026-09-18T03:32:03.126Z"}
{"level":"info","event":"action","runId":"a4610e1a-310c-4769-8549-9a05c5a68685","type":"challenge","rationale":"No counterexample found in accessed primary sources. This is not proof that the conclusion is true.","step":7,"t":"2026-09-18T03:32:03.142Z"}
{"level":"info","event":"action","runId":"a4610e1a-310c-4769-8549-9a05c5a68685","type":"synthesize","rationale":"decision_critical_gaps_resolved_or_unresolvable; high-impact claims supported or qualified; contradictions handled; remaining actions low expected value","step":8,"t":"2026-09-18T03:32:03.154Z"}
{"level":"info","event":"action","runId":"ef78ff4d-ac22-4c98-9971-3019ac8f4739","type":"search","rationale":"Investigate an uncovered required question","step":0,"t":"2026-09-18T03:32:04.267Z"}
{"level":"info","event":"action","runId":"ef78ff4d-ac22-4c98-9971-3019ac8f4739","type":"fetch","rationale":"Inspect an already-known source before another generic query","step":1,"t":"2026-09-18T03:32:04.309Z"}
{"level":"info","event":"action","runId":"ef78ff4d-ac22-4c98-9971-3019ac8f4739","type":"fetch","rationale":"Inspect an already-known source before another generic query","step":2,"t":"2026-09-18T03:32:04.332Z"}
{"level":"info","event":"action","runId":"ef78ff4d-ac22-4c98-9971-3019ac8f4739","type":"fetch","rationale":"Inspect an already-known source before another generic query","step":3,"t":"2026-09-18T03:32:04.356Z"}
{"level":"info","event":"action","runId":"ef78ff4d-ac22-4c98-9971-3019ac8f4739","type":"fetch","rationale":"Inspect an already-known source before another generic query","step":4,"t":"2026-09-18T03:32:04.368Z"}
{"level":"info","event":"action","runId":"ef78ff4d-ac22-4c98-9971-3019ac8f4739","type":"fetch","rationale":"Inspect an already-known source before another generic query","step":5,"t":"2026-09-18T03:32:04.381Z"}
{"level":"info","event":"action","runId":"ef78ff4d-ac22-4c98-9971-3019ac8f4739","type":"challenge","rationale":"Disconfirm material conclusion: A primary source that directly contradicts this conclusion.","step":6,"t":"2026-09-18T03:32:04.394Z"}
{"level":"info","event":"action","runId":"ef78ff4d-ac22-4c98-9971-3019ac8f4739","type":"challenge","rationale":"No counterexample found in accessed primary sources. This is not proof that the conclusion is true.","step":7,"t":"2026-09-18T03:32:04.406Z"}
{"level":"info","event":"action","runId":"ef78ff4d-ac22-4c98-9971-3019ac8f4739","type":"synthesize","rationale":"decision_critical_gaps_resolved_or_unresolvable; high-impact claims supported or qualified; contradictions handled; remaining actions low expected value","step":8,"t":"2026-09-18T03:32:04.417Z"}
{"level":"info","event":"action","runId":"41014cb7-481a-4cd5-bcba-1ae08006184d","type":"search","rationale":"Investigate an uncovered required question","step":0,"t":"2026-09-18T03:32:04.956Z"}
{"level":"info","event":"action","runId":"41014cb7-481a-4cd5-bcba-1ae08006184d","type":"fetch","rationale":"Inspect an already-known source before another generic query","step":1,"t":"2026-09-18T03:32:04.975Z"}
{"level":"info","event":"action","runId":"41014cb7-481a-4cd5-bcba-1ae08006184d","type":"fetch","rationale":"Inspect an already-known source before another generic query","step":2,"t":"2026-09-18T03:32:04.988Z"}
{"level":"info","event":"action","runId":"41014cb7-481a-4cd5-bcba-1ae08006184d","type":"fetch","rationale":"Inspect an already-known source before another generic query","step":3,"t":"2026-09-18T03:32:05.001Z"}
{"level":"info","event":"action","runId":"41014cb7-481a-4cd5-bcba-1ae08006184d","type":"fetch","rationale":"Inspect an already-known source before another generic query","step":4,"t":"2026-09-18T03:32:05.013Z"}
{"level":"info","event":"action","runId":"41014cb7-481a-4cd5-bcba-1ae08006184d","type":"fetch","rationale":"Inspect an already-known source before another generic query","step":5,"t":"2026-09-18T03:32:05.026Z"}
{"level":"info","event":"action","runId":"41014cb7-481a-4cd5-bcba-1ae08006184d","type":"challenge","rationale":"Disconfirm material conclusion: A primary source that directly contradicts this conclusion.","step":6,"t":"2026-09-18T03:32:05.038Z"}
{"level":"info","event":"action","runId":"41014cb7-481a-4cd5-bcba-1ae08006184d","type":"challenge","rationale":"No counterexample found in accessed primary sources. This is not proof that the conclusion is true.","step":7,"t":"2026-09-18T03:32:05.051Z"}
{"level":"info","event":"action","runId":"41014cb7-481a-4cd5-bcba-1ae08006184d","type":"synthesize","rationale":"decision_critical_gaps_resolved_or_unresolvable; high-impact claims supported or qualified; contradictions handled; remaining actions low expected value","step":8,"t":"2026-09-18T03:32:05.062Z"}
{"level":"info","event":"action","runId":"22f24c43-353d-466f-b273-67bc4b39b85b","type":"search","rationale":"Investigate an uncovered required question","step":0,"t":"2026-09-18T03:32:05.602Z"}
{"level":"info","event":"action","runId":"22f24c43-353d-466f-b273-67bc4b39b85b","type":"fetch","rationale":"Inspect an already-known source before another generic query","step":1,"t":"2026-09-18T03:32:05.618Z"}
{"level":"info","event":"action","runId":"22f24c43-353d-466f-b273-67bc4b39b85b","type":"challenge","rationale":"Disconfirm material conclusion: A primary source that directly contradicts this conclusion.","step":2,"t":"2026-09-18T03:32:05.631Z"}
{"level":"info","event":"action","runId":"22f24c43-353d-466f-b273-67bc4b39b85b","type":"challenge","rationale":"No counterexample found in accessed primary sources. This is not proof that the conclusion is true.","step":3,"t":"2026-09-18T03:32:05.643Z"}
{"level":"info","event":"action","runId":"22f24c43-353d-466f-b273-67bc4b39b85b","type":"synthesize","rationale":"decision_critical_gaps_resolved_or_unresolvable; high-impact claims supported or qualified; contradictions handled; remaining actions low expected value","step":4,"t":"2026-09-18T03:32:05.653Z"}
{"level":"info","event":"action","runId":"13919e87-0c0d-4fc8-8be7-df8b074a050d","type":"search","rationale":"Investigate an uncovered required question","step":0,"t":"2026-09-18T03:32:06.187Z"}
{"level":"info","event":"action","runId":"13919e87-0c0d-4fc8-8be7-df8b074a050d","type":"fetch","rationale":"Inspect an already-known source before another generic query","step":1,"t":"2026-09-18T03:32:06.209Z"}
{"level":"info","event":"action","runId":"13919e87-0c0d-4fc8-8be7-df8b074a050d","type":"fetch","rationale":"Inspect an already-known source before another generic query","step":2,"t":"2026-09-18T03:32:06.223Z"}
{"level":"info","event":"action","runId":"13919e87-0c0d-4fc8-8be7-df8b074a050d","type":"fetch","rationale":"Inspect an already-known source before another generic query","step":3,"t":"2026-09-18T03:32:06.236Z"}
{"level":"info","event":"action","runId":"13919e87-0c0d-4fc8-8be7-df8b074a050d","type":"challenge","rationale":"Disconfirm material conclusion: A primary source that directly contradicts this conclusion.","step":4,"t":"2026-09-18T03:32:06.252Z"}
{"level":"info","event":"action","runId":"13919e87-0c0d-4fc8-8be7-df8b074a050d","type":"challenge","rationale":"No counterexample found in accessed primary sources. This is not proof that the conclusion is true.","step":5,"t":"2026-09-18T03:32:06.265Z"}
{"level":"info","event":"action","runId":"13919e87-0c0d-4fc8-8be7-df8b074a050d","type":"synthesize","rationale":"decision_critical_gaps_resolved_or_unresolvable; high-impact claims supported or qualified; contradictions handled; remaining actions low expected value","step":6,"t":"2026-09-18T03:32:06.275Z"}
{"level":"info","event":"action","runId":"d2ee2c92-bf20-4c27-8cdd-b68a5b6ca1e5","type":"search","rationale":"Investigate an uncovered required question","step":0,"t":"2026-09-18T03:32:06.840Z"}
{"level":"info","event":"action","runId":"d2ee2c92-bf20-4c27-8cdd-b68a5b6ca1e5","type":"fetch","rationale":"Inspect an already-known source before another generic query","step":1,"t":"2026-09-18T03:32:06.865Z"}
{"level":"info","event":"action","runId":"d2ee2c92-bf20-4c27-8cdd-b68a5b6ca1e5","type":"fetch","rationale":"Inspect an already-known source before another generic query","step":2,"t":"2026-09-18T03:32:06.879Z"}
{"level":"info","event":"action","runId":"d2ee2c92-bf20-4c27-8cdd-b68a5b6ca1e5","type":"fetch","rationale":"Inspect an already-known source before another generic query","step":3,"t":"2026-09-18T03:32:06.897Z"}
{"level":"info","event":"action","runId":"d2ee2c92-bf20-4c27-8cdd-b68a5b6ca1e5","type":"challenge","rationale":"Disconfirm material conclusion: A primary source that directly contradicts this conclusion.","step":4,"t":"2026-09-18T03:32:06.916Z"}
{"level":"info","event":"action","runId":"d2ee2c92-bf20-4c27-8cdd-b68a5b6ca1e5","type":"challenge","rationale":"No counterexample found in accessed primary sources. This is not proof that the conclusion is true.","step":5,"t":"2026-09-18T03:32:06.933Z"}
{"level":"info","event":"action","runId":"d2ee2c92-bf20-4c27-8cdd-b68a5b6ca1e5","type":"synthesize","rationale":"decision_critical_gaps_resolved_or_unresolvable; high-impact claims supported or qualified; contradictions handled; remaining actions low expected value","step":6,"t":"2026-09-18T03:32:06.947Z"}
{"level":"info","event":"action","runId":"0a2a7d4f-b824-4500-9a43-d65e1b759aa6","type":"search","rationale":"Investigate an uncovered required question","step":0,"t":"2026-09-18T03:32:07.543Z"}
{"level":"info","event":"action","runId":"0a2a7d4f-b824-4500-9a43-d65e1b759aa6","type":"fetch","rationale":"Inspect an already-known source before another generic query","step":1,"t":"2026-09-18T03:32:07.570Z"}
{"level":"info","event":"action","runId":"0a2a7d4f-b824-4500-9a43-d65e1b759aa6","type":"fetch","rationale":"Inspect an already-known source before another generic query","step":2,"t":"2026-09-18T03:32:07.587Z"}
{"level":"info","event":"action","runId":"0a2a7d4f-b824-4500-9a43-d65e1b759aa6","type":"fetch","rationale":"Inspect an already-known source before another generic query","step":3,"t":"2026-09-18T03:32:07.601Z"}
{"level":"info","event":"action","runId":"0a2a7d4f-b824-4500-9a43-d65e1b759aa6","type":"fetch","rationale":"Inspect an already-known source before another generic query","step":4,"t":"2026-09-18T03:32:07.617Z"}
{"level":"info","event":"action","runId":"0a2a7d4f-b824-4500-9a43-d65e1b759aa6","type":"fetch","rationale":"Inspect an already-known source before another generic query","step":5,"t":"2026-09-18T03:32:07.632Z"}
{"level":"info","event":"action","runId":"0a2a7d4f-b824-4500-9a43-d65e1b759aa6","type":"challenge","rationale":"Disconfirm material conclusion: A primary source that directly contradicts this conclusion.","step":6,"t":"2026-09-18T03:32:07.650Z"}
{"level":"info","event":"action","runId":"0a2a7d4f-b824-4500-9a43-d65e1b759aa6","type":"challenge","rationale":"No counterexample found in accessed primary sources. This is not proof that the conclusion is true.","step":7,"t":"2026-09-18T03:32:07.674Z"}
{"level":"info","event":"action","runId":"0a2a7d4f-b824-4500-9a43-d65e1b759aa6","type":"synthesize","rationale":"decision_critical_gaps_resolved_or_unresolvable; high-impact claims supported or qualified; contradictions handled; remaining actions low expected value","step":8,"t":"2026-09-18T03:32:07.698Z"}
{"level":"info","event":"action","runId":"86018ecc-b62f-4609-9792-5773d8f8744a","type":"search","rationale":"Investigate an uncovered required question","step":0,"t":"2026-09-18T03:32:08.011Z"}
{"level":"info","event":"action","runId":"86018ecc-b62f-4609-9792-5773d8f8744a","type":"fetch","rationale":"Inspect an already-known source before another generic query","step":1,"t":"2026-09-18T03:32:08.033Z"}
{"level":"info","event":"action","runId":"86018ecc-b62f-4609-9792-5773d8f8744a","type":"fetch","rationale":"Inspect an already-known source before another generic query","step":2,"t":"2026-09-18T03:32:08.051Z"}
{"level":"info","event":"action","runId":"86018ecc-b62f-4609-9792-5773d8f8744a","type":"fetch","rationale":"Inspect an already-known source before another generic query","step":3,"t":"2026-09-18T03:32:08.069Z"}
{"level":"info","event":"action","runId":"86018ecc-b62f-4609-9792-5773d8f8744a","type":"fetch","rationale":"Inspect an already-known source before another generic query","step":4,"t":"2026-09-18T03:32:08.093Z"}
{"level":"info","event":"action","runId":"86018ecc-b62f-4609-9792-5773d8f8744a","type":"fetch","rationale":"Inspect an already-known source before another generic query","step":5,"t":"2026-09-18T03:32:08.114Z"}
{"level":"info","event":"action","runId":"86018ecc-b62f-4609-9792-5773d8f8744a","type":"challenge","rationale":"Disconfirm material conclusion: A primary source that directly contradicts this conclusion.","step":6,"t":"2026-09-18T03:32:08.133Z"}
{"level":"info","event":"action","runId":"86018ecc-b62f-4609-9792-5773d8f8744a","type":"challenge","rationale":"Disconfirm material conclusion: A primary source that directly contradicts this conclusion.","step":7,"t":"2026-09-18T03:32:08.153Z"}
{"level":"info","event":"action","runId":"86018ecc-b62f-4609-9792-5773d8f8744a","type":"challenge","rationale":"Disconfirm material conclusion: A primary source that directly contradicts this conclusion.","step":8,"t":"2026-09-18T03:32:08.172Z"}
{"level":"info","event":"action","runId":"86018ecc-b62f-4609-9792-5773d8f8744a","type":"challenge","rationale":"Disconfirm material conclusion: A primary source that directly contradicts this conclusion.","step":9,"t":"2026-09-18T03:32:08.188Z"}
{"level":"info","event":"action","runId":"86018ecc-b62f-4609-9792-5773d8f8744a","type":"challenge","rationale":"Disconfirm material conclusion: A primary source that directly contradicts this conclusion.","step":10,"t":"2026-09-18T03:32:08.207Z"}
{"level":"info","event":"action","runId":"86018ecc-b62f-4609-9792-5773d8f8744a","type":"challenge","rationale":"Disconfirm material conclusion: A primary source that directly contradicts this conclusion.","step":11,"t":"2026-09-18T03:32:08.225Z"}
{"level":"info","event":"action","runId":"86018ecc-b62f-4609-9792-5773d8f8744a","type":"challenge","rationale":"Disconfirm material conclusion: A primary source that directly contradicts this conclusion.","step":12,"t":"2026-09-18T03:32:08.243Z"}
{"level":"info","event":"action","runId":"86018ecc-b62f-4609-9792-5773d8f8744a","type":"challenge","rationale":"No counterexample found in accessed primary sources. This is not proof that the conclusion is true.","step":13,"t":"2026-09-18T03:32:08.260Z"}
{"level":"info","event":"action","runId":"86018ecc-b62f-4609-9792-5773d8f8744a","type":"stop","rationale":"Repeated searches returned no novel source family or coverage progress","step":14,"t":"2026-09-18T03:32:08.274Z"}
{"level":"info","event":"action","runId":"56498a29-519c-405e-9858-c211a6ac81cd","type":"search","rationale":"Investigate an uncovered required question","step":0,"t":"2026-09-18T03:32:08.828Z"}
{"level":"info","event":"action","runId":"56498a29-519c-405e-9858-c211a6ac81cd","type":"fetch","rationale":"Inspect an already-known source before another generic query","step":1,"t":"2026-09-18T03:32:08.848Z"}
{"level":"info","event":"action","runId":"56498a29-519c-405e-9858-c211a6ac81cd","type":"fetch","rationale":"Inspect an already-known source before another generic query","step":2,"t":"2026-09-18T03:32:08.863Z"}
{"level":"info","event":"action","runId":"56498a29-519c-405e-9858-c211a6ac81cd","type":"challenge","rationale":"Disconfirm material conclusion: A primary source that directly contradicts this conclusion.","step":3,"t":"2026-09-18T03:32:08.878Z"}
{"level":"info","event":"action","runId":"56498a29-519c-405e-9858-c211a6ac81cd","type":"challenge","rationale":"No counterexample found in accessed primary sources. This is not proof that the conclusion is true.","step":4,"t":"2026-09-18T03:32:08.894Z"}
{"level":"info","event":"action","runId":"56498a29-519c-405e-9858-c211a6ac81cd","type":"synthesize","rationale":"decision_critical_gaps_resolved_or_unresolvable; high-impact claims supported or qualified; contradictions handled; remaining actions low expected value","step":5,"t":"2026-09-18T03:32:08.905Z"}
{"level":"info","event":"action","runId":"77f21de6-5917-41b9-960d-11dd464a47ca","type":"search","rationale":"Investigate an uncovered required question","step":0,"t":"2026-09-18T03:32:09.642Z"}
{"level":"info","event":"action","runId":"77f21de6-5917-41b9-960d-11dd464a47ca","type":"fetch","rationale":"Inspect an already-known source before another generic query","step":1,"t":"2026-09-18T03:32:09.663Z"}
{"level":"info","event":"action","runId":"77f21de6-5917-41b9-960d-11dd464a47ca","type":"challenge","rationale":"Disconfirm material conclusion: A primary source that directly contradicts this conclusion.","step":2,"t":"2026-09-18T03:32:09.680Z"}
{"level":"info","event":"action","runId":"77f21de6-5917-41b9-960d-11dd464a47ca","type":"challenge","rationale":"No counterexample found in accessed primary sources. This is not proof that the conclusion is true.","step":3,"t":"2026-09-18T03:32:09.697Z"}
{"level":"info","event":"action","runId":"77f21de6-5917-41b9-960d-11dd464a47ca","type":"synthesize","rationale":"decision_critical_gaps_resolved_or_unresolvable; high-impact claims supported or qualified; contradictions handled; remaining actions low expected value","step":4,"t":"2026-09-18T03:32:09.717Z"}
{"level":"info","event":"action","runId":"235c8319-6669-4803-9037-fd600ca77c6e","type":"search","rationale":"Investigate an uncovered required question","step":0,"t":"2026-09-18T03:32:10.395Z"}
{"level":"info","event":"action","runId":"235c8319-6669-4803-9037-fd600ca77c6e","type":"fetch","rationale":"Inspect an already-known source before another generic query","step":1,"t":"2026-09-18T03:32:10.427Z"}
{"level":"info","event":"action","runId":"235c8319-6669-4803-9037-fd600ca77c6e","type":"challenge","rationale":"Disconfirm material conclusion: A primary source that directly contradicts this conclusion.","step":2,"t":"2026-09-18T03:32:10.452Z"}
{"level":"info","event":"action","runId":"235c8319-6669-4803-9037-fd600ca77c6e","type":"challenge","rationale":"No counterexample found in accessed primary sources. This is not proof that the conclusion is true.","step":3,"t":"2026-09-18T03:32:10.472Z"}
{"level":"info","event":"action","runId":"235c8319-6669-4803-9037-fd600ca77c6e","type":"synthesize","rationale":"decision_critical_gaps_resolved_or_unresolvable; high-impact claims supported or qualified; contradictions handled; remaining actions low expected value","step":4,"t":"2026-09-18T03:32:10.488Z"}
{"level":"info","event":"action","runId":"f59bb990-ba8a-4165-b99f-b84a821f6f74","type":"search","rationale":"Investigate an uncovered required question","step":0,"t":"2026-09-18T03:32:11.214Z"}
{"level":"info","event":"action","runId":"f59bb990-ba8a-4165-b99f-b84a821f6f74","type":"fetch","rationale":"Inspect an already-known source before another generic query","step":1,"t":"2026-09-18T03:32:11.247Z"}
{"level":"info","event":"action","runId":"f59bb990-ba8a-4165-b99f-b84a821f6f74","type":"challenge","rationale":"Disconfirm material conclusion: A primary source that directly contradicts this conclusion.","step":2,"t":"2026-09-18T03:32:11.274Z"}
{"level":"info","event":"action","runId":"f59bb990-ba8a-4165-b99f-b84a821f6f74","type":"challenge","rationale":"No counterexample found in accessed primary sources. This is not proof that the conclusion is true.","step":3,"t":"2026-09-18T03:32:11.296Z"}
{"level":"info","event":"action","runId":"f59bb990-ba8a-4165-b99f-b84a821f6f74","type":"synthesize","rationale":"decision_critical_gaps_resolved_or_unresolvable; high-impact claims supported or qualified; contradictions handled; remaining actions low expected value","step":4,"t":"2026-09-18T03:32:11.311Z"}
{"level":"info","event":"action","runId":"76eb1ce9-deeb-431c-b913-da8abd3b6a9f","type":"search","rationale":"Investigate an uncovered required question","step":0,"t":"2026-09-18T03:32:12.042Z"}
{"level":"info","event":"action","runId":"76eb1ce9-deeb-431c-b913-da8abd3b6a9f","type":"fetch","rationale":"Inspect an already-known source before another generic query","step":1,"t":"2026-09-18T03:32:12.076Z"}
{"level":"info","event":"action","runId":"76eb1ce9-deeb-431c-b913-da8abd3b6a9f","type":"challenge","rationale":"Disconfirm material conclusion: A primary source that directly contradicts this conclusion.","step":2,"t":"2026-09-18T03:32:12.093Z"}
{"level":"info","event":"action","runId":"76eb1ce9-deeb-431c-b913-da8abd3b6a9f","type":"challenge","rationale":"No counterexample found in accessed primary sources. This is not proof that the conclusion is true.","step":3,"t":"2026-09-18T03:32:12.109Z"}
{"level":"info","event":"action","runId":"76eb1ce9-deeb-431c-b913-da8abd3b6a9f","type":"synthesize","rationale":"decision_critical_gaps_resolved_or_unresolvable; high-impact claims supported or qualified; contradictions handled; remaining actions low expected value","step":4,"t":"2026-09-18T03:32:12.127Z"}
{"level":"info","event":"action","runId":"be0b4bf3-c41c-41af-baf7-a4e08db66622","type":"search","rationale":"Investigate an uncovered required question","step":0,"t":"2026-09-18T03:32:12.849Z"}
{"level":"info","event":"action","runId":"be0b4bf3-c41c-41af-baf7-a4e08db66622","type":"fetch","rationale":"Inspect an already-known source before another generic query","step":1,"t":"2026-09-18T03:32:12.888Z"}
{"level":"info","event":"action","runId":"be0b4bf3-c41c-41af-baf7-a4e08db66622","type":"fetch","rationale":"Inspect an already-known source before another generic query","step":2,"t":"2026-09-18T03:32:12.912Z"}
{"level":"info","event":"action","runId":"be0b4bf3-c41c-41af-baf7-a4e08db66622","type":"fetch","rationale":"Inspect an already-known source before another generic query","step":3,"t":"2026-09-18T03:32:12.933Z"}
{"level":"info","event":"action","runId":"be0b4bf3-c41c-41af-baf7-a4e08db66622","type":"fetch","rationale":"Inspect an already-known source before another generic query","step":4,"t":"2026-09-18T03:32:12.952Z"}
{"level":"info","event":"action","runId":"be0b4bf3-c41c-41af-baf7-a4e08db66622","type":"fetch","rationale":"Inspect an already-known source before another generic query","step":5,"t":"2026-09-18T03:32:12.968Z"}
{"level":"info","event":"action","runId":"be0b4bf3-c41c-41af-baf7-a4e08db66622","type":"challenge","rationale":"Disconfirm material conclusion: A primary source that directly contradicts this conclusion.","step":6,"t":"2026-09-18T03:32:12.990Z"}
{"level":"info","event":"action","runId":"be0b4bf3-c41c-41af-baf7-a4e08db66622","type":"challenge","rationale":"No counterexample found in accessed primary sources. This is not proof that the conclusion is true.","step":7,"t":"2026-09-18T03:32:13.010Z"}
{"level":"info","event":"action","runId":"be0b4bf3-c41c-41af-baf7-a4e08db66622","type":"synthesize","rationale":"decision_critical_gaps_resolved_or_unresolvable; high-impact claims supported or qualified; contradictions handled; remaining actions low expected value","step":8,"t":"2026-09-18T03:32:13.026Z"}
{"level":"info","event":"action","runId":"a1a61f64-5ba5-4bd8-be3c-d5a76a48a814","type":"search","rationale":"Investigate an uncovered required question","step":0,"t":"2026-09-18T03:32:13.676Z"}
{"level":"info","event":"action","runId":"a1a61f64-5ba5-4bd8-be3c-d5a76a48a814","type":"fetch","rationale":"Inspect an already-known source before another generic query","step":1,"t":"2026-09-18T03:32:13.713Z"}
{"level":"info","event":"action","runId":"a1a61f64-5ba5-4bd8-be3c-d5a76a48a814","type":"synthesize","rationale":"budget requires finishing with available evidence","step":2,"t":"2026-09-18T03:32:13.732Z"}
{"level":"info","event":"action","runId":"354e53d2-01f4-4997-b580-ce275880cae4","type":"search","rationale":"Investigate an uncovered required question","step":0,"t":"2026-09-18T03:32:14.269Z"}
{"level":"info","event":"action","runId":"354e53d2-01f4-4997-b580-ce275880cae4","type":"fetch","rationale":"Inspect an already-known source before another generic query","step":1,"t":"2026-09-18T03:32:14.289Z"}
{"level":"info","event":"action","runId":"354e53d2-01f4-4997-b580-ce275880cae4","type":"fetch","rationale":"Inspect an already-known source before another generic query","step":2,"t":"2026-09-18T03:32:14.302Z"}
{"level":"info","event":"action","runId":"354e53d2-01f4-4997-b580-ce275880cae4","type":"fetch","rationale":"Inspect an already-known source before another generic query","step":3,"t":"2026-09-18T03:32:14.315Z"}
{"level":"info","event":"action","runId":"354e53d2-01f4-4997-b580-ce275880cae4","type":"fetch","rationale":"Inspect an already-known source before another generic query","step":4,"t":"2026-09-18T03:32:14.328Z"}
{"level":"info","event":"action","runId":"354e53d2-01f4-4997-b580-ce275880cae4","type":"fetch","rationale":"Inspect an already-known source before another generic query","step":5,"t":"2026-09-18T03:32:14.342Z"}
{"level":"info","event":"action","runId":"354e53d2-01f4-4997-b580-ce275880cae4","type":"challenge","rationale":"Disconfirm material conclusion: A primary source that directly contradicts this conclusion.","step":6,"t":"2026-09-18T03:32:14.355Z"}
{"level":"info","event":"action","runId":"354e53d2-01f4-4997-b580-ce275880cae4","type":"challenge","rationale":"No counterexample found in accessed primary sources. This is not proof that the conclusion is true.","step":7,"t":"2026-09-18T03:32:14.369Z"}
{"level":"info","event":"action","runId":"354e53d2-01f4-4997-b580-ce275880cae4","type":"synthesize","rationale":"decision_critical_gaps_resolved_or_unresolvable; high-impact claims supported or qualified; contradictions handled; remaining actions low expected value","step":8,"t":"2026-09-18T03:32:14.379Z"}
{"level":"info","event":"action","runId":"26e7e450-f18d-4b56-8a51-31a287bc4e82","type":"search","rationale":"Investigate an uncovered required question","step":0,"t":"2026-09-18T03:32:15.234Z"}
{"level":"info","event":"action","runId":"26e7e450-f18d-4b56-8a51-31a287bc4e82","type":"fetch","rationale":"Inspect an already-known source before another generic query","step":1,"t":"2026-09-18T03:32:15.255Z"}
{"level":"info","event":"action","runId":"26e7e450-f18d-4b56-8a51-31a287bc4e82","type":"fetch","rationale":"Inspect an already-known source before another generic query","step":2,"t":"2026-09-18T03:32:15.267Z"}
{"level":"info","event":"action","runId":"26e7e450-f18d-4b56-8a51-31a287bc4e82","type":"fetch","rationale":"Inspect an already-known source before another generic query","step":3,"t":"2026-09-18T03:32:15.280Z"}
{"level":"info","event":"action","runId":"26e7e450-f18d-4b56-8a51-31a287bc4e82","type":"fetch","rationale":"Inspect an already-known source before another generic query","step":4,"t":"2026-09-18T03:32:15.293Z"}
{"level":"info","event":"action","runId":"26e7e450-f18d-4b56-8a51-31a287bc4e82","type":"fetch","rationale":"Inspect an already-known source before another generic query","step":5,"t":"2026-09-18T03:32:15.306Z"}
{"level":"info","event":"action","runId":"26e7e450-f18d-4b56-8a51-31a287bc4e82","type":"challenge","rationale":"Disconfirm material conclusion: A primary source that directly contradicts this conclusion.","step":6,"t":"2026-09-18T03:32:15.318Z"}
{"level":"info","event":"action","runId":"26e7e450-f18d-4b56-8a51-31a287bc4e82","type":"challenge","rationale":"No counterexample found in accessed primary sources. This is not proof that the conclusion is true.","step":7,"t":"2026-09-18T03:32:15.331Z"}
{"level":"info","event":"action","runId":"26e7e450-f18d-4b56-8a51-31a287bc4e82","type":"synthesize","rationale":"decision_critical_gaps_resolved_or_unresolvable; high-impact claims supported or qualified; contradictions handled; remaining actions low expected value","step":8,"t":"2026-09-18T03:32:15.342Z"}
{"level":"info","event":"action","runId":"41673e24-34f1-4468-9ffe-3bf3c66cf729","type":"challenge","rationale":"Disconfirm material conclusion: A primary source that directly contradicts this conclusion.","step":0,"t":"2026-09-18T03:32:16.180Z"}
{"level":"info","event":"action","runId":"41673e24-34f1-4468-9ffe-3bf3c66cf729","type":"fetch","rationale":"Inspect an already-known source before another generic query","step":1,"t":"2026-09-18T03:32:16.203Z"}
{"level":"info","event":"action","runId":"41673e24-34f1-4468-9ffe-3bf3c66cf729","type":"fetch","rationale":"Inspect an already-known source before another generic query","step":2,"t":"2026-09-18T03:32:16.216Z"}
{"level":"info","event":"action","runId":"41673e24-34f1-4468-9ffe-3bf3c66cf729","type":"fetch","rationale":"Inspect an already-known source before another generic query","step":3,"t":"2026-09-18T03:32:16.229Z"}
{"level":"info","event":"action","runId":"41673e24-34f1-4468-9ffe-3bf3c66cf729","type":"challenge","rationale":"No counterexample found in accessed primary sources. This is not proof that the conclusion is true.","step":4,"t":"2026-09-18T03:32:16.246Z"}
{"level":"info","event":"action","runId":"41673e24-34f1-4468-9ffe-3bf3c66cf729","type":"synthesize","rationale":"decision_critical_gaps_resolved_or_unresolvable; high-impact claims supported or qualified; contradictions handled; remaining actions low expected value","step":5,"t":"2026-09-18T03:32:16.256Z"}
{"level":"info","event":"action","runId":"08c5555e-b37d-4603-9e7a-581c442e0c95","type":"challenge","rationale":"Disconfirm material conclusion: A primary source that directly contradicts this conclusion.","step":0,"t":"2026-09-18T03:32:16.854Z"}
{"level":"info","event":"action","runId":"08c5555e-b37d-4603-9e7a-581c442e0c95","type":"fetch","rationale":"Inspect an already-known source before another generic query","step":1,"t":"2026-09-18T03:32:16.884Z"}
{"level":"info","event":"action","runId":"08c5555e-b37d-4603-9e7a-581c442e0c95","type":"fetch","rationale":"Inspect an already-known source before another generic query","step":2,"t":"2026-09-18T03:32:16.902Z"}
{"level":"info","event":"action","runId":"08c5555e-b37d-4603-9e7a-581c442e0c95","type":"fetch","rationale":"Inspect an already-known source before another generic query","step":3,"t":"2026-09-18T03:32:16.918Z"}
{"level":"info","event":"action","runId":"08c5555e-b37d-4603-9e7a-581c442e0c95","type":"challenge","rationale":"No counterexample found in accessed primary sources. This is not proof that the conclusion is true.","step":4,"t":"2026-09-18T03:32:16.935Z"}
{"level":"info","event":"action","runId":"08c5555e-b37d-4603-9e7a-581c442e0c95","type":"synthesize","rationale":"decision_critical_gaps_resolved_or_unresolvable; high-impact claims supported or qualified; contradictions handled; remaining actions low expected value","step":5,"t":"2026-09-18T03:32:16.946Z"}
{"level":"info","event":"action","runId":"05e6077d-4106-4e7b-85d1-3f1e4f313e8c","type":"search","rationale":"Investigate an uncovered required question","step":0,"t":"2026-09-18T03:32:17.317Z"}
{"level":"info","event":"action","runId":"05e6077d-4106-4e7b-85d1-3f1e4f313e8c","type":"fetch","rationale":"Inspect an already-known source before another generic query","step":1,"t":"2026-09-18T03:32:17.337Z"}
{"level":"info","event":"action","runId":"05e6077d-4106-4e7b-85d1-3f1e4f313e8c","type":"fetch","rationale":"Inspect an already-known source before another generic query","step":2,"t":"2026-09-18T03:32:17.351Z"}
{"level":"info","event":"action","runId":"05e6077d-4106-4e7b-85d1-3f1e4f313e8c","type":"fetch","rationale":"Inspect an already-known source before another generic query","step":3,"t":"2026-09-18T03:32:17.364Z"}
{"level":"info","event":"action","runId":"05e6077d-4106-4e7b-85d1-3f1e4f313e8c","type":"fetch","rationale":"Inspect an already-known source before another generic query","step":4,"t":"2026-09-18T03:32:17.376Z"}
{"level":"info","event":"action","runId":"05e6077d-4106-4e7b-85d1-3f1e4f313e8c","type":"fetch","rationale":"Inspect an already-known source before another generic query","step":5,"t":"2026-09-18T03:32:17.388Z"}
{"level":"info","event":"action","runId":"05e6077d-4106-4e7b-85d1-3f1e4f313e8c","type":"challenge","rationale":"Disconfirm material conclusion: A primary source that directly contradicts this conclusion.","step":6,"t":"2026-09-18T03:32:17.401Z"}
{"level":"info","event":"action","runId":"05e6077d-4106-4e7b-85d1-3f1e4f313e8c","type":"challenge","rationale":"No counterexample found in accessed primary sources. This is not proof that the conclusion is true.","step":7,"t":"2026-09-18T03:32:17.414Z"}
{"level":"info","event":"action","runId":"05e6077d-4106-4e7b-85d1-3f1e4f313e8c","type":"synthesize","rationale":"decision_critical_gaps_resolved_or_unresolvable; high-impact claims supported or qualified; contradictions handled; remaining actions low expected value","step":8,"t":"2026-09-18T03:32:17.425Z"}
{"level":"info","event":"action","runId":"1bc279e8-f22b-429e-9ea7-ccbd1d12cfcc","type":"search","rationale":"Investigate an uncovered required question","step":0,"t":"2026-09-18T03:32:17.977Z"}
{"level":"info","event":"action","runId":"1bc279e8-f22b-429e-9ea7-ccbd1d12cfcc","type":"fetch","rationale":"Inspect an already-known source before another generic query","step":1,"t":"2026-09-18T03:32:17.997Z"}
{"level":"info","event":"action","runId":"1bc279e8-f22b-429e-9ea7-ccbd1d12cfcc","type":"fetch","rationale":"Inspect an already-known source before another generic query","step":2,"t":"2026-09-18T03:32:18.010Z"}
{"level":"info","event":"action","runId":"1bc279e8-f22b-429e-9ea7-ccbd1d12cfcc","type":"fetch","rationale":"Inspect an already-known source before another generic query","step":3,"t":"2026-09-18T03:32:18.022Z"}
{"level":"info","event":"action","runId":"1bc279e8-f22b-429e-9ea7-ccbd1d12cfcc","type":"fetch","rationale":"Inspect an already-known source before another generic query","step":4,"t":"2026-09-18T03:32:18.035Z"}
{"level":"info","event":"action","runId":"1bc279e8-f22b-429e-9ea7-ccbd1d12cfcc","type":"fetch","rationale":"Inspect an already-known source before another generic query","step":5,"t":"2026-09-18T03:32:18.047Z"}
{"level":"info","event":"action","runId":"1bc279e8-f22b-429e-9ea7-ccbd1d12cfcc","type":"challenge","rationale":"Disconfirm material conclusion: A primary source that directly contradicts this conclusion.","step":6,"t":"2026-09-18T03:32:18.060Z"}
{"level":"info","event":"action","runId":"1bc279e8-f22b-429e-9ea7-ccbd1d12cfcc","type":"challenge","rationale":"No counterexample found in accessed primary sources. This is not proof that the conclusion is true.","step":7,"t":"2026-09-18T03:32:18.071Z"}
{"level":"info","event":"action","runId":"1bc279e8-f22b-429e-9ea7-ccbd1d12cfcc","type":"synthesize","rationale":"decision_critical_gaps_resolved_or_unresolvable; high-impact claims supported or qualified; contradictions handled; remaining actions low expected value","step":8,"t":"2026-09-18T03:32:18.081Z"}
{"level":"info","event":"action","runId":"68f96671-8c27-40e2-9382-364337e88ca8","type":"clarify","rationale":"A blocking field is unspecified and would change the answer","step":0,"t":"2026-09-18T03:32:19.250Z"}
{"level":"info","event":"action","runId":"19e5beb3-61a0-47b3-acc1-01c506c6de66","type":"clarify","rationale":"A blocking field is unspecified and would change the answer","step":0,"t":"2026-09-18T03:32:19.559Z"}
{"level":"info","event":"action","runId":"19e5beb3-61a0-47b3-acc1-01c506c6de66","type":"search","rationale":"Investigate an uncovered required question","step":0,"t":"2026-09-18T03:32:19.581Z"}
{"level":"info","event":"action","runId":"19e5beb3-61a0-47b3-acc1-01c506c6de66","type":"fetch","rationale":"Inspect an already-known source before another generic query","step":1,"t":"2026-09-18T03:32:19.597Z"}
{"level":"info","event":"action","runId":"19e5beb3-61a0-47b3-acc1-01c506c6de66","type":"challenge","rationale":"Disconfirm material conclusion: A primary source that directly contradicts this conclusion.","step":2,"t":"2026-09-18T03:32:19.609Z"}
{"level":"info","event":"action","runId":"19e5beb3-61a0-47b3-acc1-01c506c6de66","type":"challenge","rationale":"Disconfirm material conclusion: A primary source that directly contradicts this conclusion.","step":3,"t":"2026-09-18T03:32:19.622Z"}
{"level":"info","event":"action","runId":"19e5beb3-61a0-47b3-acc1-01c506c6de66","type":"challenge","rationale":"Disconfirm material conclusion: A primary source that directly contradicts this conclusion.","step":4,"t":"2026-09-18T03:32:19.634Z"}
{"level":"info","event":"action","runId":"19e5beb3-61a0-47b3-acc1-01c506c6de66","type":"challenge","rationale":"Disconfirm material conclusion: A primary source that directly contradicts this conclusion.","step":5,"t":"2026-09-18T03:32:19.648Z"}
{"level":"info","event":"action","runId":"19e5beb3-61a0-47b3-acc1-01c506c6de66","type":"challenge","rationale":"Disconfirm material conclusion: A primary source that directly contradicts this conclusion.","step":6,"t":"2026-09-18T03:32:19.661Z"}
{"level":"info","event":"action","runId":"19e5beb3-61a0-47b3-acc1-01c506c6de66","type":"challenge","rationale":"Disconfirm material conclusion: A primary source that directly contradicts this conclusion.","step":7,"t":"2026-09-18T03:32:19.673Z"}
{"level":"info","event":"action","runId":"19e5beb3-61a0-47b3-acc1-01c506c6de66","type":"challenge","rationale":"Disconfirm material conclusion: A primary source that directly contradicts this conclusion.","step":8,"t":"2026-09-18T03:32:19.685Z"}
{"level":"info","event":"action","runId":"19e5beb3-61a0-47b3-acc1-01c506c6de66","type":"challenge","rationale":"No counterexample found in accessed primary sources. This is not proof that the conclusion is true.","step":9,"t":"2026-09-18T03:32:19.699Z"}
{"level":"info","event":"action","runId":"19e5beb3-61a0-47b3-acc1-01c506c6de66","type":"stop","rationale":"Repeated searches returned no novel source family or coverage progress","step":10,"t":"2026-09-18T03:32:19.710Z"}
{"level":"info","event":"action","runId":"d995732a-ed59-45b5-8299-131227eb353d","type":"clarify","rationale":"A blocking field is unspecified and would change the answer","step":0,"t":"2026-09-18T03:32:20.265Z"}
{"level":"info","event":"action","runId":"d995732a-ed59-45b5-8299-131227eb353d","type":"search","rationale":"Investigate an uncovered required question","step":0,"t":"2026-09-18T03:32:20.285Z"}
{"level":"info","event":"action","runId":"d995732a-ed59-45b5-8299-131227eb353d","type":"fetch","rationale":"Inspect an already-known source before another generic query","step":1,"t":"2026-09-18T03:32:20.301Z"}
{"level":"info","event":"action","runId":"d995732a-ed59-45b5-8299-131227eb353d","type":"challenge","rationale":"Disconfirm material conclusion: A primary source that directly contradicts this conclusion.","step":2,"t":"2026-09-18T03:32:20.315Z"}
{"level":"info","event":"action","runId":"d995732a-ed59-45b5-8299-131227eb353d","type":"challenge","rationale":"Disconfirm material conclusion: A primary source that directly contradicts this conclusion.","step":3,"t":"2026-09-18T03:32:20.329Z"}
{"level":"info","event":"action","runId":"d995732a-ed59-45b5-8299-131227eb353d","type":"challenge","rationale":"Disconfirm material conclusion: A primary source that directly contradicts this conclusion.","step":4,"t":"2026-09-18T03:32:20.343Z"}
{"level":"info","event":"action","runId":"d995732a-ed59-45b5-8299-131227eb353d","type":"challenge","rationale":"Disconfirm material conclusion: A primary source that directly contradicts this conclusion.","step":5,"t":"2026-09-18T03:32:20.355Z"}
{"level":"info","event":"action","runId":"d995732a-ed59-45b5-8299-131227eb353d","type":"challenge","rationale":"Disconfirm material conclusion: A primary source that directly contradicts this conclusion.","step":6,"t":"2026-09-18T03:32:20.368Z"}
{"level":"info","event":"action","runId":"d995732a-ed59-45b5-8299-131227eb353d","type":"challenge","rationale":"Disconfirm material conclusion: A primary source that directly contradicts this conclusion.","step":7,"t":"2026-09-18T03:32:20.380Z"}
{"level":"info","event":"action","runId":"d995732a-ed59-45b5-8299-131227eb353d","type":"challenge","rationale":"Disconfirm material conclusion: A primary source that directly contradicts this conclusion.","step":8,"t":"2026-09-18T03:32:20.393Z"}
{"level":"info","event":"action","runId":"d995732a-ed59-45b5-8299-131227eb353d","type":"challenge","rationale":"No counterexample found in accessed primary sources. This is not proof that the conclusion is true.","step":9,"t":"2026-09-18T03:32:20.406Z"}
{"level":"info","event":"action","runId":"d995732a-ed59-45b5-8299-131227eb353d","type":"stop","rationale":"Repeated searches returned no novel source family or coverage progress","step":10,"t":"2026-09-18T03:32:20.416Z"}
{"level":"info","event":"action","runId":"364de46c-7cf3-4b8d-8576-2dc6de639c44","type":"clarify","rationale":"A blocking field is unspecified and would change the answer","step":0,"t":"2026-09-18T03:32:20.967Z"}
{"level":"info","event":"action","runId":"364de46c-7cf3-4b8d-8576-2dc6de639c44","type":"search","rationale":"Investigate an uncovered required question","step":0,"t":"2026-09-18T03:32:20.988Z"}
{"level":"info","event":"action","runId":"364de46c-7cf3-4b8d-8576-2dc6de639c44","type":"fetch","rationale":"Inspect an already-known source before another generic query","step":1,"t":"2026-09-18T03:32:21.003Z"}
{"level":"info","event":"action","runId":"364de46c-7cf3-4b8d-8576-2dc6de639c44","type":"challenge","rationale":"Disconfirm material conclusion: A primary source that directly contradicts this conclusion.","step":2,"t":"2026-09-18T03:32:21.014Z"}
{"level":"info","event":"action","runId":"364de46c-7cf3-4b8d-8576-2dc6de639c44","type":"challenge","rationale":"Disconfirm material conclusion: A primary source that directly contradicts this conclusion.","step":3,"t":"2026-09-18T03:32:21.027Z"}
{"level":"info","event":"action","runId":"364de46c-7cf3-4b8d-8576-2dc6de639c44","type":"challenge","rationale":"Disconfirm material conclusion: A primary source that directly contradicts this conclusion.","step":4,"t":"2026-09-18T03:32:21.039Z"}
{"level":"info","event":"action","runId":"364de46c-7cf3-4b8d-8576-2dc6de639c44","type":"challenge","rationale":"Disconfirm material conclusion: A primary source that directly contradicts this conclusion.","step":5,"t":"2026-09-18T03:32:21.052Z"}
{"level":"info","event":"action","runId":"364de46c-7cf3-4b8d-8576-2dc6de639c44","type":"challenge","rationale":"Disconfirm material conclusion: A primary source that directly contradicts this conclusion.","step":6,"t":"2026-09-18T03:32:21.063Z"}
{"level":"info","event":"action","runId":"364de46c-7cf3-4b8d-8576-2dc6de639c44","type":"challenge","rationale":"Disconfirm material conclusion: A primary source that directly contradicts this conclusion.","step":7,"t":"2026-09-18T03:32:21.076Z"}
{"level":"info","event":"action","runId":"364de46c-7cf3-4b8d-8576-2dc6de639c44","type":"challenge","rationale":"Disconfirm material conclusion: A primary source that directly contradicts this conclusion.","step":8,"t":"2026-09-18T03:32:21.088Z"}
{"level":"info","event":"action","runId":"364de46c-7cf3-4b8d-8576-2dc6de639c44","type":"challenge","rationale":"No counterexample found in accessed primary sources. This is not proof that the conclusion is true.","step":9,"t":"2026-09-18T03:32:21.102Z"}
{"level":"info","event":"action","runId":"364de46c-7cf3-4b8d-8576-2dc6de639c44","type":"stop","rationale":"Repeated searches returned no novel source family or coverage progress","step":10,"t":"2026-09-18T03:32:21.112Z"}
 ✓ test/p3-remaining.integration.test.ts (51 tests) 32834ms
   ✓ remaining launch-scope IDs > M04 fixture comparison publishes a wide table, code listing, unicode-safe text, and many citations  799ms
   ✓ remaining launch-scope IDs > R06 preserves event date vs publication date  634ms
   ✓ remaining launch-scope IDs > R10 declines an unrelated celebrity branch from page content  662ms
   ✓ remaining launch-scope IDs > R12 explains different percentage denominators instead of averaging  623ms
   ✓ remaining launch-scope IDs > R15 states unknown without a fake probability  583ms
   ✓ remaining launch-scope IDs > R16 comparison names the requested entities and constraints  677ms
   ✓ remaining launch-scope IDs > E05 new source version does not rewrite the original report citation  660ms
   ✓ remaining launch-scope IDs > V2-13 private canary is stored as evidence, omitted from public queries, and denied to another account  664ms
   ✓ remaining launch-scope IDs > JOB-1 eligibility-aware comparison under platform and export constraints  635ms
   ✓ remaining launch-scope IDs > JOB-1 adding Linux as a hard requirement excludes NoteKeep and keeps NoteAll  1086ms
   ✓ remaining launch-scope IDs > JOB-1 removing Linux as a requirement makes NoteKeep eligible again  1068ms
   ✓ remaining launch-scope IDs > JOB-2 attached document text is stored as supplied evidence and not used as a public query  660ms
   ✓ remaining launch-scope IDs > E06 actual PDF with no readable evidence is disclosed as unread pages  669ms
   ✓ remaining launch-scope IDs > E08 quoted report text is taken from the stored passage  667ms
   ✓ remaining launch-scope IDs > E09 export citation anchors resolve to owned passages  775ms
   ✓ remaining launch-scope IDs > J02 a second processRun after completion does not duplicate the report or settlement  656ms
   ✓ remaining launch-scope IDs > J06 cancel after completion keeps the published report  645ms
   ✓ remaining launch-scope IDs > J08 event cursor returns only later sequences  652ms
   ✓ remaining launch-scope IDs > J13 live spend kill switch blocks new paid routes but keeps saved reports  647ms
   ✓ remaining launch-scope IDs > S07 cross-account reports are denied  660ms
   ✓ remaining launch-scope IDs > V2-10 a later unavailable fetch does not retract last-access evidence  716ms
   ✓ remaining launch-scope IDs > V2-11 concise view uses the same answer citations as the body  630ms
   ✓ remaining launch-scope IDs > V2-19 scanned tables stay unread rather than guessed  592ms
   ✓ remaining launch-scope IDs > R17 concise request still keeps limitations  636ms
   ✓ remaining launch-scope IDs > R18 compacted checkpoint still lists stored passage ids  686ms
   ✓ remaining launch-scope IDs > R19 diagnostic follow-up keeps the parent report without claiming executed targeted verification  1312ms
   ✓ remaining launch-scope IDs > R20 dates a retrieved price and keeps a founding year as history  711ms
   ✓ remaining launch-scope IDs > R21 labels a German original as a translation  768ms
   ✓ remaining launch-scope IDs > E03 preserves the adults-over-65 qualifier  783ms
   ✓ remaining launch-scope IDs > E04 report uses the table's 24% rather than 42%  837ms
   ✓ remaining launch-scope IDs > E10 withdraws the conclusion when the asserted 42% is unsupported by the 24% table  810ms
   ✓ remaining launch-scope IDs > J07 expired lease is reclaimed; a live lease is not stolen  819ms
   ✓ remaining launch-scope IDs > J10 a tight budget still publishes a written report  721ms
   ✓ remaining launch-scope IDs > J11 reports that app counters are not provider-internal guarantees  643ms
   ✓ remaining launch-scope IDs > J12 confirmed usage does not rewrite the historical estimate  303ms
   ✓ remaining launch-scope IDs > J14 duplicate completion epochs share one outbox row and omit query text  656ms
   ✓ remaining launch-scope IDs > V2-09 deleted attachment text is not left in reports  686ms
   ✓ remaining launch-scope IDs > V2-09 late worker cannot republish deleted private text even if it claims deleted=false  479ms
   ✓ remaining launch-scope IDs > expired session cannot read library or reports  639ms
   ✓ remaining launch-scope IDs > library lists report_id for a completed run so share can resolve  670ms
   ✓ remaining launch-scope IDs > M09 web deletion page is reachable without the app and deletes with a session token  341ms
   ✓ remaining launch-scope IDs > R02 continue without geography is rejected and does not invent Germany  327ms
   ✓ remaining launch-scope IDs > clarification continue records geography and resumes  699ms
   ✓ remaining launch-scope IDs > R02 continue with France records France and does not invent Germany  692ms
   ✓ remaining launch-scope IDs > R02 after France continue discovery uses France evidence not the Germany default note  695ms
 ✓ test/requested-verification.integration.test.ts (22 tests) 59382ms
   ✓ W05 explicitly requested verification executes exact target support and publishes a source-bound scoped outcome  3407ms
   ✓ W02/W05 replay and concurrent requests reuse one child allowance/outbox while distinct requests allocate revisions  2515ms
   ✓ W03/W05 rejects foreign or stale report targets and disabled processing before child admission  1939ms
   ✓ W05 omission of the requested assertion in the model assessment cannot publish verification  2448ms
   ✓ W02 unknown assessment retains the admitted allowance and is never blindly resent  2398ms
   ✓ W05 a missing target remains required and cannot fall through to ordinary research even when challenge scheduling is off  1963ms
   ✓ W03 account deletion purges private target/note/result and keeps opaque required obligation  2892ms
   ✓ W03/W06 deleting an original source invalidates and purges requested verification descendants  2112ms
   ✓ W05 refreshed uploaded source produces new owned extraction evidence without public discovery  2823ms
   ✓ W02 uppercase request identity resolves exactly and withdrawn keys cannot admit a delayed verification  2045ms
   ✓ W05 API strict verification schedules a child while ordinary output feedback schedules no work  3007ms
   ✓ W05 publication independently rejects missing_result after a completed verification  3134ms
   ✓ W05 publication independently rejects missing_target after a completed verification  3141ms
   ✓ W05 publication independently rejects changed_scope after a completed verification  2941ms
   ✓ W05 publication independently rejects false_result after a completed verification  3051ms
   ✓ W05 refreshed known URL produces localized contradicted outcome without candidate discovery or target replacement  3045ms
   ✓ W05 refreshed known URL produces localized partially_supported outcome without candidate discovery or target replacement  3049ms
   ✓ W05 refreshed known URL produces localized insufficient outcome without candidate discovery or target replacement  3096ms
   ✓ W05 a verified output claim can be explicitly checked again with intact provenance and a new child revision  4007ms
   ✓ W05 losing a marker while target rows remain cannot silently execute ordinary research  1915ms
   ✓ W05 scheduling flag disable after admission leaves the required target intact and publishes no substitute  2040ms
   ✓ W02/W03 deletion during assessment allows only incurred-cost settlement and no target or report resurrection  2218ms

 Test Files  2 passed (2)
      Tests  73 passed (73)
   Start at  21:31:47
   Duration  94.23s (transform 898ms, setup 0ms, collect 1.62s, tests 92.22s, environment 0ms, prepare 133ms)

