
> @deep/backend@0.1.0 test:integration /home/oranolio/Desktop/deep-phase-a-provider/apps/backend
> vitest run --config vitest.integration.config.ts test/model-policy.integration.test.ts test/model-gateway.integration.test.ts -t 'ENG-006|availability failover|unknown fallback|primary 429|issued reservation|does not resend|known-zero|repair'


 RUN  v4.1.11 /home/oranolio/Desktop/deep-phase-a-provider/apps/backend

 ❯ test/model-gateway.integration.test.ts (154 tests | 1 failed | 144 skipped) 15661ms
     × holds an unknown fallback attempt on restart and never resends it 1049ms

⎯⎯⎯⎯⎯⎯⎯ Failed Tests 1 ⎯⎯⎯⎯⎯⎯⎯

 FAIL  test/model-gateway.integration.test.ts > W05 durable model gateway on real PostgreSQL > holds an unknown fallback attempt on restart and never resends it
AssertionError: expected { …(3) } to match object { state: 'outcome-unknown', …(1) }
(1 matching property omitted from actual)

- Expected
+ Received

  {
-   "confirmed_micro": null,
-   "state": "outcome-unknown",
+   "confirmed_micro": "0",
+   "state": "failed",
  }

 ❯ runCase.modelPolicyId test/model-gateway.integration.test.ts:247:82
    245|     const held = (await pool.query("SELECT id,state,confirmed_micro FR…
    246|     expect(held).toHaveLength(2);
    247|     expect(held.find((row: { id: string }) => row.id === attempts[0].i…
       |                                                                                  ^
    248|     expect(held.find((row: { id: string }) => row.id === first.intentI…
    249|   }, question, { modelPolicyId: STRUCTURED_MODEL_POLICY.id }));
 ❯ runCase test/model-gateway.integration.test.ts:74:9

⎯⎯⎯⎯⎯⎯⎯⎯⎯⎯⎯⎯⎯⎯⎯⎯⎯⎯⎯⎯⎯⎯⎯⎯[1/1]⎯


 Test Files  1 failed | 1 passed (2)
      Tests  1 failed | 11 passed | 152 skipped (164)
   Start at  17:19:00
   Duration  36.89s (transform 12.58s, setup 0ms, import 17.33s, tests 17.89s, environment 3ms)

/home/oranolio/Desktop/deep-phase-a-provider/apps/backend:
 ERR_PNPM_RECURSIVE_RUN_FIRST_FAIL  @deep/backend@0.1.0 test:integration: `vitest run --config vitest.integration.config.ts test/model-policy.integration.test.ts test/model-gateway.integration.test.ts -t 'ENG-006|availability failover|unknown fallback|primary 429|issued reservation|does not resend|known-zero|repair'`
Exit status 1
