
 RUN  v4.1.11 /tmp/deep-frozen-eval-0fc/apps/backend

evaluation control database (retained): deep_eval_control_19976ddaf862466789563edb3afe56a4
stdout | test/eval-live.extraction.test.ts > registered official frozen PDFs traverse owned admission and real extraction without a semantic success claim
synthetic official document worker failure error: new row for relation "evidence_artifacts" violates check constraint "evidence_artifacts_body_check"
    at /tmp/deep-frozen-eval-0fc/node_modules/pg/lib/client.js:694:17
    at processTicksAndRejections (node:internal/process/task_queues:95:5)
    at insertExtractedVersion (/tmp/deep-frozen-eval-0fc/apps/backend/src/modules/evidence.ts:26:5)
    at /tmp/deep-frozen-eval-0fc/apps/backend/src/worker/attachment-ingestion.ts:44:7
    at /tmp/deep-frozen-eval-0fc/apps/backend/src/worker/fenced-session.ts:55:24
    at withTx (/tmp/deep-frozen-eval-0fc/apps/backend/src/platform/db.ts:33:20)
    at ingestAttachments (/tmp/deep-frozen-eval-0fc/apps/backend/src/worker/attachment-ingestion.ts:36:5)
    at processStructuredResearch (/tmp/deep-frozen-eval-0fc/apps/backend/src/worker/structured-research.ts:58:3)
    at /tmp/deep-frozen-eval-0fc/apps/backend/src/worker/executor.ts:27:5
    at executeLeasedRun (/tmp/deep-frozen-eval-0fc/apps/backend/src/worker/run-lifecycle.ts:25:5) {
  length: 525,
  severity: 'ERROR',
  code: '23514',
  detail: 'Failing row contains (aa71b821-fa6e-4252-ba47-3cd559aad5bd, 1106e3ae-05a0-49fb-819f-421236f8b470, 07e13630-7503-4ba0-849f-6b9fc9fe15dd, \\x255044462d312e340a25e2e3cfd30a322030206f626a0a3c3c2f4c656e6774..., b33614678dd46e7997f813ccefb118796dcbcc97c9ba264806703ee453a3d555, 2026-09-18 11:54:38.596079+00).',
  hint: undefined,
  position: undefined,
  internalPosition: undefined,
  internalQuery: undefined,
  where: undefined,
  schema: 'public',
  table: 'evidence_artifacts',
  column: undefined,
  dataType: undefined,
  constraint: 'evidence_artifacts_body_check',
  file: 'execMain.c',
  line: '2057',
  routine: 'ExecConstraints'
}

 ❯ test/eval-live.extraction.test.ts (6 tests | 1 failed) 35961ms
   × registered official frozen PDFs traverse owned admission and real extraction without a semantic success claim 7065ms

⎯⎯⎯⎯⎯⎯⎯ Failed Tests 1 ⎯⎯⎯⎯⎯⎯⎯

 FAIL  test/eval-live.extraction.test.ts > registered official frozen PDFs traverse owned admission and real extraction without a semantic success claim
AssertionError: expected [] to have a length of 1 but got +0

- Expected
+ Received

- 1
+ 0

 ❯ test/eval-live.extraction.test.ts:121:62


⎯⎯⎯⎯⎯⎯⎯⎯⎯⎯⎯⎯⎯⎯⎯⎯⎯⎯⎯⎯⎯⎯⎯⎯[1/1]⎯


 Test Files  1 failed (1)
      Tests  1 failed | 5 passed (6)
   Start at  05:54:01
   Duration  37.27s (transform 832ms, setup 0ms, import 1.16s, tests 35.96s, environment 0ms)

undefined
/tmp/deep-frozen-eval-0fc/apps/backend:
 ERR_PNPM_RECURSIVE_EXEC_FIRST_FAIL  Command failed with exit code 1: vitest run --config vitest.extraction.config.ts test/eval-live.extraction.test.ts
